ARM GAS  C:\Users\inspiron\AppData\Local\Temp\cc7vbiCu.s 			page 1


   1              		.syntax unified
   2              		.cpu cortex-m0plus
   3              		.fpu softvfp
   4              		.eabi_attribute 20, 1
   5              		.eabi_attribute 21, 1
   6              		.eabi_attribute 23, 3
   7              		.eabi_attribute 24, 1
   8              		.eabi_attribute 25, 1
   9              		.eabi_attribute 26, 1
  10              		.eabi_attribute 30, 1
  11              		.eabi_attribute 34, 0
  12              		.eabi_attribute 18, 4
  13              		.thumb
  14              		.syntax unified
  15              		.file	"cyfitter_cfg.c"
  16              		.text
  17              	.Ltext0:
  18              		.cfi_sections	.debug_frame
  19              		.section	.psocinit,"ax",%progbits
  20              		.align	2
  21              		.code	16
  22              		.thumb_func
  23              		.type	ClockSetup, %function
  24              	ClockSetup:
  25              	.LFB4:
  26              		.file 1 "Generated_Source\\PSoC4\\cyfitter_cfg.c"
   1:Generated_Source\PSoC4/cyfitter_cfg.c **** 
   2:Generated_Source\PSoC4/cyfitter_cfg.c **** /*******************************************************************************
   3:Generated_Source\PSoC4/cyfitter_cfg.c **** * File Name: cyfitter_cfg.c
   4:Generated_Source\PSoC4/cyfitter_cfg.c **** * 
   5:Generated_Source\PSoC4/cyfitter_cfg.c **** * PSoC Creator  4.4
   6:Generated_Source\PSoC4/cyfitter_cfg.c **** *
   7:Generated_Source\PSoC4/cyfitter_cfg.c **** * Description:
   8:Generated_Source\PSoC4/cyfitter_cfg.c **** * This file contains device initialization code.
   9:Generated_Source\PSoC4/cyfitter_cfg.c **** * Except for the user defined sections in CyClockStartupError(), this file should not be modified.
  10:Generated_Source\PSoC4/cyfitter_cfg.c **** * This file is automatically generated by PSoC Creator.
  11:Generated_Source\PSoC4/cyfitter_cfg.c **** *
  12:Generated_Source\PSoC4/cyfitter_cfg.c **** ********************************************************************************
  13:Generated_Source\PSoC4/cyfitter_cfg.c **** * Copyright (c) 2007-2020 Cypress Semiconductor.  All rights reserved.
  14:Generated_Source\PSoC4/cyfitter_cfg.c **** * You may use this file only in accordance with the license, terms, conditions, 
  15:Generated_Source\PSoC4/cyfitter_cfg.c **** * disclaimers, and limitations in the end user license agreement accompanying 
  16:Generated_Source\PSoC4/cyfitter_cfg.c **** * the software package with which this file was provided.
  17:Generated_Source\PSoC4/cyfitter_cfg.c **** ********************************************************************************/
  18:Generated_Source\PSoC4/cyfitter_cfg.c **** 
  19:Generated_Source\PSoC4/cyfitter_cfg.c **** #include <string.h>
  20:Generated_Source\PSoC4/cyfitter_cfg.c **** #include "cytypes.h"
  21:Generated_Source\PSoC4/cyfitter_cfg.c **** #include "cydevice_trm.h"
  22:Generated_Source\PSoC4/cyfitter_cfg.c **** #include "cyfitter.h"
  23:Generated_Source\PSoC4/cyfitter_cfg.c **** #include "CyLib.h"
  24:Generated_Source\PSoC4/cyfitter_cfg.c **** #include "CyLFClk.h"
  25:Generated_Source\PSoC4/cyfitter_cfg.c **** #include "cyfitter_cfg.h"
  26:Generated_Source\PSoC4/cyfitter_cfg.c **** #include "cyapicallbacks.h"
  27:Generated_Source\PSoC4/cyfitter_cfg.c **** 
  28:Generated_Source\PSoC4/cyfitter_cfg.c **** 
  29:Generated_Source\PSoC4/cyfitter_cfg.c **** #if defined(__GNUC__) || defined(__ARMCC_VERSION)
  30:Generated_Source\PSoC4/cyfitter_cfg.c ****     #define CYPACKED 
  31:Generated_Source\PSoC4/cyfitter_cfg.c ****     #define CYPACKED_ATTR __attribute__ ((packed))
ARM GAS  C:\Users\inspiron\AppData\Local\Temp\cc7vbiCu.s 			page 2


  32:Generated_Source\PSoC4/cyfitter_cfg.c ****     #define CYALIGNED __attribute__ ((aligned))
  33:Generated_Source\PSoC4/cyfitter_cfg.c ****     #define CY_CFG_UNUSED __attribute__ ((unused))
  34:Generated_Source\PSoC4/cyfitter_cfg.c ****     #ifndef CY_CFG_SECTION
  35:Generated_Source\PSoC4/cyfitter_cfg.c ****         #define CY_CFG_SECTION __attribute__ ((section(".psocinit")))
  36:Generated_Source\PSoC4/cyfitter_cfg.c ****     #endif
  37:Generated_Source\PSoC4/cyfitter_cfg.c ****     
  38:Generated_Source\PSoC4/cyfitter_cfg.c ****     #if defined(__ARMCC_VERSION)
  39:Generated_Source\PSoC4/cyfitter_cfg.c ****         #define CY_CFG_MEMORY_BARRIER() __memory_changed()
  40:Generated_Source\PSoC4/cyfitter_cfg.c ****     #else
  41:Generated_Source\PSoC4/cyfitter_cfg.c ****         #define CY_CFG_MEMORY_BARRIER() __sync_synchronize()
  42:Generated_Source\PSoC4/cyfitter_cfg.c ****     #endif
  43:Generated_Source\PSoC4/cyfitter_cfg.c ****     
  44:Generated_Source\PSoC4/cyfitter_cfg.c **** #elif defined(__ICCARM__)
  45:Generated_Source\PSoC4/cyfitter_cfg.c ****     #include <intrinsics.h>
  46:Generated_Source\PSoC4/cyfitter_cfg.c **** 
  47:Generated_Source\PSoC4/cyfitter_cfg.c ****     #define CYPACKED __packed
  48:Generated_Source\PSoC4/cyfitter_cfg.c ****     #define CYPACKED_ATTR 
  49:Generated_Source\PSoC4/cyfitter_cfg.c ****     #define CYALIGNED _Pragma("data_alignment=4")
  50:Generated_Source\PSoC4/cyfitter_cfg.c ****     #define CY_CFG_UNUSED _Pragma("diag_suppress=Pe177")
  51:Generated_Source\PSoC4/cyfitter_cfg.c ****     #define CY_CFG_SECTION _Pragma("location=\".psocinit\"")
  52:Generated_Source\PSoC4/cyfitter_cfg.c ****     
  53:Generated_Source\PSoC4/cyfitter_cfg.c ****     #define CY_CFG_MEMORY_BARRIER() __DMB()
  54:Generated_Source\PSoC4/cyfitter_cfg.c ****     
  55:Generated_Source\PSoC4/cyfitter_cfg.c **** #else
  56:Generated_Source\PSoC4/cyfitter_cfg.c ****     #error Unsupported toolchain
  57:Generated_Source\PSoC4/cyfitter_cfg.c **** #endif
  58:Generated_Source\PSoC4/cyfitter_cfg.c **** 
  59:Generated_Source\PSoC4/cyfitter_cfg.c **** #ifndef CYCODE
  60:Generated_Source\PSoC4/cyfitter_cfg.c ****     #define CYCODE
  61:Generated_Source\PSoC4/cyfitter_cfg.c **** #endif
  62:Generated_Source\PSoC4/cyfitter_cfg.c **** #ifndef CYDATA
  63:Generated_Source\PSoC4/cyfitter_cfg.c ****     #define CYDATA
  64:Generated_Source\PSoC4/cyfitter_cfg.c **** #endif
  65:Generated_Source\PSoC4/cyfitter_cfg.c **** #ifndef CYFAR
  66:Generated_Source\PSoC4/cyfitter_cfg.c ****     #define CYFAR
  67:Generated_Source\PSoC4/cyfitter_cfg.c **** #endif
  68:Generated_Source\PSoC4/cyfitter_cfg.c **** #ifndef CYXDATA
  69:Generated_Source\PSoC4/cyfitter_cfg.c ****     #define CYXDATA
  70:Generated_Source\PSoC4/cyfitter_cfg.c **** #endif
  71:Generated_Source\PSoC4/cyfitter_cfg.c **** 
  72:Generated_Source\PSoC4/cyfitter_cfg.c **** 
  73:Generated_Source\PSoC4/cyfitter_cfg.c **** CY_CFG_UNUSED
  74:Generated_Source\PSoC4/cyfitter_cfg.c **** static void CYMEMZERO(void *s, size_t n);
  75:Generated_Source\PSoC4/cyfitter_cfg.c **** CY_CFG_UNUSED
  76:Generated_Source\PSoC4/cyfitter_cfg.c **** static void CYMEMZERO(void *s, size_t n)
  77:Generated_Source\PSoC4/cyfitter_cfg.c **** {
  78:Generated_Source\PSoC4/cyfitter_cfg.c **** 	(void)memset(s, 0, n);
  79:Generated_Source\PSoC4/cyfitter_cfg.c **** }
  80:Generated_Source\PSoC4/cyfitter_cfg.c **** CY_CFG_UNUSED
  81:Generated_Source\PSoC4/cyfitter_cfg.c **** static void CYCONFIGCPY(void *dest, const void *src, size_t n);
  82:Generated_Source\PSoC4/cyfitter_cfg.c **** CY_CFG_UNUSED
  83:Generated_Source\PSoC4/cyfitter_cfg.c **** static void CYCONFIGCPY(void *dest, const void *src, size_t n)
  84:Generated_Source\PSoC4/cyfitter_cfg.c **** {
  85:Generated_Source\PSoC4/cyfitter_cfg.c **** 	(void)memcpy(dest, src, n);
  86:Generated_Source\PSoC4/cyfitter_cfg.c **** }
  87:Generated_Source\PSoC4/cyfitter_cfg.c **** CY_CFG_UNUSED
  88:Generated_Source\PSoC4/cyfitter_cfg.c **** static void CYCONFIGCPYCODE(void *dest, const void *src, size_t n);
ARM GAS  C:\Users\inspiron\AppData\Local\Temp\cc7vbiCu.s 			page 3


  89:Generated_Source\PSoC4/cyfitter_cfg.c **** CY_CFG_UNUSED
  90:Generated_Source\PSoC4/cyfitter_cfg.c **** static void CYCONFIGCPYCODE(void *dest, const void *src, size_t n)
  91:Generated_Source\PSoC4/cyfitter_cfg.c **** {
  92:Generated_Source\PSoC4/cyfitter_cfg.c **** 	(void)memcpy(dest, src, n);
  93:Generated_Source\PSoC4/cyfitter_cfg.c **** }
  94:Generated_Source\PSoC4/cyfitter_cfg.c **** 
  95:Generated_Source\PSoC4/cyfitter_cfg.c **** 
  96:Generated_Source\PSoC4/cyfitter_cfg.c **** 
  97:Generated_Source\PSoC4/cyfitter_cfg.c **** 
  98:Generated_Source\PSoC4/cyfitter_cfg.c **** /* Clock startup error codes                                                   */
  99:Generated_Source\PSoC4/cyfitter_cfg.c **** #define CYCLOCKSTART_NO_ERROR    0u
 100:Generated_Source\PSoC4/cyfitter_cfg.c **** #define CYCLOCKSTART_XTAL_ERROR  1u
 101:Generated_Source\PSoC4/cyfitter_cfg.c **** #define CYCLOCKSTART_32KHZ_ERROR 2u
 102:Generated_Source\PSoC4/cyfitter_cfg.c **** #define CYCLOCKSTART_PLL_ERROR   3u
 103:Generated_Source\PSoC4/cyfitter_cfg.c **** #define CYCLOCKSTART_FLL_ERROR   4u
 104:Generated_Source\PSoC4/cyfitter_cfg.c **** #define CYCLOCKSTART_WCO_ERROR   5u
 105:Generated_Source\PSoC4/cyfitter_cfg.c **** 
 106:Generated_Source\PSoC4/cyfitter_cfg.c **** 
 107:Generated_Source\PSoC4/cyfitter_cfg.c **** #ifdef CY_NEED_CYCLOCKSTARTUPERROR
 108:Generated_Source\PSoC4/cyfitter_cfg.c **** /*******************************************************************************
 109:Generated_Source\PSoC4/cyfitter_cfg.c **** * Function Name: CyClockStartupError
 110:Generated_Source\PSoC4/cyfitter_cfg.c **** ********************************************************************************
 111:Generated_Source\PSoC4/cyfitter_cfg.c **** * Summary:
 112:Generated_Source\PSoC4/cyfitter_cfg.c **** *  If an error is encountered during clock configuration (crystal startup error,
 113:Generated_Source\PSoC4/cyfitter_cfg.c **** *  PLL lock error, etc.), the system will end up here.  Unless reimplemented by
 114:Generated_Source\PSoC4/cyfitter_cfg.c **** *  the customer, this function will stop in an infinite loop.
 115:Generated_Source\PSoC4/cyfitter_cfg.c **** *
 116:Generated_Source\PSoC4/cyfitter_cfg.c **** * Parameters:
 117:Generated_Source\PSoC4/cyfitter_cfg.c **** *   void
 118:Generated_Source\PSoC4/cyfitter_cfg.c **** *
 119:Generated_Source\PSoC4/cyfitter_cfg.c **** * Return:
 120:Generated_Source\PSoC4/cyfitter_cfg.c **** *   void
 121:Generated_Source\PSoC4/cyfitter_cfg.c **** *
 122:Generated_Source\PSoC4/cyfitter_cfg.c **** *******************************************************************************/
 123:Generated_Source\PSoC4/cyfitter_cfg.c **** CY_CFG_UNUSED
 124:Generated_Source\PSoC4/cyfitter_cfg.c **** static void CyClockStartupError(uint8 errorCode);
 125:Generated_Source\PSoC4/cyfitter_cfg.c **** CY_CFG_UNUSED
 126:Generated_Source\PSoC4/cyfitter_cfg.c **** static void CyClockStartupError(uint8 errorCode)
 127:Generated_Source\PSoC4/cyfitter_cfg.c **** {
 128:Generated_Source\PSoC4/cyfitter_cfg.c ****     /* To remove the compiler warning if errorCode not used.                */
 129:Generated_Source\PSoC4/cyfitter_cfg.c ****     errorCode = errorCode;
 130:Generated_Source\PSoC4/cyfitter_cfg.c **** 
 131:Generated_Source\PSoC4/cyfitter_cfg.c ****     /* If we have a clock startup error (bad MHz crystal, PLL lock, etc.),  */
 132:Generated_Source\PSoC4/cyfitter_cfg.c ****     /* we will end up here to allow the customer to implement something to  */
 133:Generated_Source\PSoC4/cyfitter_cfg.c ****     /* deal with the clock condition.                                       */
 134:Generated_Source\PSoC4/cyfitter_cfg.c **** 
 135:Generated_Source\PSoC4/cyfitter_cfg.c **** #ifdef CY_CFG_CLOCK_STARTUP_ERROR_CALLBACK
 136:Generated_Source\PSoC4/cyfitter_cfg.c ****     CY_CFG_Clock_Startup_ErrorCallback();
 137:Generated_Source\PSoC4/cyfitter_cfg.c **** #else
 138:Generated_Source\PSoC4/cyfitter_cfg.c ****     /*  If not using CY_CFG_CLOCK_STARTUP_ERROR_CALLBACK, place your clock startup code here. */
 139:Generated_Source\PSoC4/cyfitter_cfg.c ****     /* `#START CyClockStartupError` */
 140:Generated_Source\PSoC4/cyfitter_cfg.c **** 
 141:Generated_Source\PSoC4/cyfitter_cfg.c **** 
 142:Generated_Source\PSoC4/cyfitter_cfg.c **** 
 143:Generated_Source\PSoC4/cyfitter_cfg.c ****     /* `#END` */
 144:Generated_Source\PSoC4/cyfitter_cfg.c **** 
 145:Generated_Source\PSoC4/cyfitter_cfg.c ****     while(1) {}
ARM GAS  C:\Users\inspiron\AppData\Local\Temp\cc7vbiCu.s 			page 4


 146:Generated_Source\PSoC4/cyfitter_cfg.c **** #endif /* CY_CFG_CLOCK_STARTUP_ERROR_CALLBACK */
 147:Generated_Source\PSoC4/cyfitter_cfg.c **** }
 148:Generated_Source\PSoC4/cyfitter_cfg.c **** #endif
 149:Generated_Source\PSoC4/cyfitter_cfg.c **** 
 150:Generated_Source\PSoC4/cyfitter_cfg.c **** 
 151:Generated_Source\PSoC4/cyfitter_cfg.c **** 
 152:Generated_Source\PSoC4/cyfitter_cfg.c **** /*******************************************************************************
 153:Generated_Source\PSoC4/cyfitter_cfg.c **** * Function Name: ClockSetup
 154:Generated_Source\PSoC4/cyfitter_cfg.c **** ********************************************************************************
 155:Generated_Source\PSoC4/cyfitter_cfg.c **** *
 156:Generated_Source\PSoC4/cyfitter_cfg.c **** * Summary:
 157:Generated_Source\PSoC4/cyfitter_cfg.c **** *   Performs the initialization of all of the clocks in the device based on the
 158:Generated_Source\PSoC4/cyfitter_cfg.c **** *   settings in the Clock tab of the DWR.  This includes enabling the requested
 159:Generated_Source\PSoC4/cyfitter_cfg.c **** *   clocks and setting the necessary dividers to produce the desired frequency. 
 160:Generated_Source\PSoC4/cyfitter_cfg.c **** *
 161:Generated_Source\PSoC4/cyfitter_cfg.c **** * Parameters:
 162:Generated_Source\PSoC4/cyfitter_cfg.c **** *   void
 163:Generated_Source\PSoC4/cyfitter_cfg.c **** *
 164:Generated_Source\PSoC4/cyfitter_cfg.c **** * Return:
 165:Generated_Source\PSoC4/cyfitter_cfg.c **** *   void
 166:Generated_Source\PSoC4/cyfitter_cfg.c **** *
 167:Generated_Source\PSoC4/cyfitter_cfg.c **** *******************************************************************************/
 168:Generated_Source\PSoC4/cyfitter_cfg.c **** static void ClockSetup(void);
 169:Generated_Source\PSoC4/cyfitter_cfg.c **** CY_CFG_SECTION
 170:Generated_Source\PSoC4/cyfitter_cfg.c **** static void ClockSetup(void)
 171:Generated_Source\PSoC4/cyfitter_cfg.c **** {
  27              		.loc 1 171 0
  28              		.cfi_startproc
  29              		@ args = 0, pretend = 0, frame = 0
  30              		@ frame_needed = 0, uses_anonymous_args = 0
  31 0000 10B5     		push	{r4, lr}
  32              		.cfi_def_cfa_offset 8
  33              		.cfi_offset 4, -8
  34              		.cfi_offset 14, -4
 172:Generated_Source\PSoC4/cyfitter_cfg.c **** 
 173:Generated_Source\PSoC4/cyfitter_cfg.c **** 	/* Set Flash Cycles based on max possible frequency in case a glitch occurs during ClockSetup(). *
 174:Generated_Source\PSoC4/cyfitter_cfg.c **** 	CY_SET_REG32((void CYXDATA *)(CYREG_CPUSS_FLASH_CTL), (0x0012u));
  35              		.loc 1 174 0
  36 0002 1222     		movs	r2, #18
  37 0004 194B     		ldr	r3, .L2
  38 0006 1A60     		str	r2, [r3]
 175:Generated_Source\PSoC4/cyfitter_cfg.c **** 	/* Update IMO to new clock speed. */
 176:Generated_Source\PSoC4/cyfitter_cfg.c **** 	CySysClkWriteImoFreq(48u);
  39              		.loc 1 176 0
  40 0008 3020     		movs	r0, #48
  41 000a FFF7FEFF 		bl	CySysClkWriteImoFreq
  42              	.LVL0:
 177:Generated_Source\PSoC4/cyfitter_cfg.c **** 
 178:Generated_Source\PSoC4/cyfitter_cfg.c **** 	/* Setup phase aligned clocks */
 179:Generated_Source\PSoC4/cyfitter_cfg.c **** 	CY_SET_REG32((void *)CYREG_PERI_DIV_16_CTL2, 0x00000300u);
  43              		.loc 1 179 0
  44 000e C022     		movs	r2, #192
  45 0010 9200     		lsls	r2, r2, #2
  46 0012 174B     		ldr	r3, .L2+4
  47 0014 1A60     		str	r2, [r3]
 180:Generated_Source\PSoC4/cyfitter_cfg.c **** 	CY_SET_REG32((void *)CYREG_PERI_DIV_CMD, 0x8000FF42u);
  48              		.loc 1 180 0
ARM GAS  C:\Users\inspiron\AppData\Local\Temp\cc7vbiCu.s 			page 5


  49 0016 174B     		ldr	r3, .L2+8
  50 0018 174A     		ldr	r2, .L2+12
  51 001a 1A60     		str	r2, [r3]
 181:Generated_Source\PSoC4/cyfitter_cfg.c **** 	CY_SET_REG32((void *)CYREG_PERI_DIV_16_CTL0, 0x0000FE00u);
  52              		.loc 1 181 0
  53 001c FE21     		movs	r1, #254
  54 001e 0902     		lsls	r1, r1, #8
  55 0020 164A     		ldr	r2, .L2+16
  56 0022 1160     		str	r1, [r2]
 182:Generated_Source\PSoC4/cyfitter_cfg.c **** 	CY_SET_REG32((void *)CYREG_PERI_DIV_CMD, 0x8000FF40u);
  57              		.loc 1 182 0
  58 0024 164A     		ldr	r2, .L2+20
  59 0026 1A60     		str	r2, [r3]
 183:Generated_Source\PSoC4/cyfitter_cfg.c **** 	CY_SET_REG32((void *)CYREG_PERI_DIV_16_CTL1, 0x00000100u);
  60              		.loc 1 183 0
  61 0028 8021     		movs	r1, #128
  62 002a 4900     		lsls	r1, r1, #1
  63 002c 154A     		ldr	r2, .L2+24
  64 002e 1160     		str	r1, [r2]
 184:Generated_Source\PSoC4/cyfitter_cfg.c **** 	CY_SET_REG32((void *)CYREG_PERI_DIV_CMD, 0x8000FF41u);
  65              		.loc 1 184 0
  66 0030 154A     		ldr	r2, .L2+28
  67 0032 1A60     		str	r2, [r3]
 185:Generated_Source\PSoC4/cyfitter_cfg.c **** 
 186:Generated_Source\PSoC4/cyfitter_cfg.c **** 	/* CYDEV_CLK_SELECT Starting address: CYDEV_CLK_SELECT */
 187:Generated_Source\PSoC4/cyfitter_cfg.c **** 	CY_SET_REG32((void *)(CYREG_CLK_SELECT), 0x00000000u);
  68              		.loc 1 187 0
  69 0034 0024     		movs	r4, #0
  70 0036 154B     		ldr	r3, .L2+32
  71 0038 1C60     		str	r4, [r3]
 188:Generated_Source\PSoC4/cyfitter_cfg.c **** 
 189:Generated_Source\PSoC4/cyfitter_cfg.c **** 	/* CYDEV_PERI_PCLK_CTL7 Starting address: CYDEV_PERI_PCLK_CTL7 */
 190:Generated_Source\PSoC4/cyfitter_cfg.c **** 	CY_SET_REG32((void *)(CYREG_PERI_PCLK_CTL7), 0x00000042u);
  72              		.loc 1 190 0
  73 003a 4223     		movs	r3, #66
  74 003c 144A     		ldr	r2, .L2+36
  75 003e 1360     		str	r3, [r2]
 191:Generated_Source\PSoC4/cyfitter_cfg.c **** 
 192:Generated_Source\PSoC4/cyfitter_cfg.c **** 	/* CYDEV_PERI_PCLK_CTL5 Starting address: CYDEV_PERI_PCLK_CTL5 */
 193:Generated_Source\PSoC4/cyfitter_cfg.c **** 	CY_SET_REG32((void *)(CYREG_PERI_PCLK_CTL5), 0x00000042u);
  76              		.loc 1 193 0
  77 0040 144A     		ldr	r2, .L2+40
  78 0042 1360     		str	r3, [r2]
 194:Generated_Source\PSoC4/cyfitter_cfg.c **** 
 195:Generated_Source\PSoC4/cyfitter_cfg.c **** 	/* CYDEV_PERI_PCLK_CTL3 Starting address: CYDEV_PERI_PCLK_CTL3 */
 196:Generated_Source\PSoC4/cyfitter_cfg.c **** 	CY_SET_REG32((void *)(CYREG_PERI_PCLK_CTL3), 0x00000040u);
  79              		.loc 1 196 0
  80 0044 4022     		movs	r2, #64
  81 0046 144B     		ldr	r3, .L2+44
  82 0048 1A60     		str	r2, [r3]
 197:Generated_Source\PSoC4/cyfitter_cfg.c **** 
 198:Generated_Source\PSoC4/cyfitter_cfg.c **** 	/* CYDEV_PERI_PCLK_CTL1 Starting address: CYDEV_PERI_PCLK_CTL1 */
 199:Generated_Source\PSoC4/cyfitter_cfg.c **** 	CY_SET_REG32((void *)(CYREG_PERI_PCLK_CTL1), 0x00000041u);
  83              		.loc 1 199 0
  84 004a 0132     		adds	r2, r2, #1
  85 004c 134B     		ldr	r3, .L2+48
  86 004e 1A60     		str	r2, [r3]
ARM GAS  C:\Users\inspiron\AppData\Local\Temp\cc7vbiCu.s 			page 6


 200:Generated_Source\PSoC4/cyfitter_cfg.c **** 
 201:Generated_Source\PSoC4/cyfitter_cfg.c **** 	(void)CyIntSetVector(11u, &CySysTimerIsr);
  87              		.loc 1 201 0
  88 0050 1349     		ldr	r1, .L2+52
  89 0052 0B20     		movs	r0, #11
  90 0054 FFF7FEFF 		bl	CyIntSetVector
  91              	.LVL1:
 202:Generated_Source\PSoC4/cyfitter_cfg.c **** 	CyIntEnable(11u);
  92              		.loc 1 202 0
  93 0058 0B20     		movs	r0, #11
  94 005a FFF7FEFF 		bl	CyIntEnable
  95              	.LVL2:
 203:Generated_Source\PSoC4/cyfitter_cfg.c **** 	CY_SET_REG32((void *)(CYREG_WCO_WDT_CONFIG), 0x00000000u);
  96              		.loc 1 203 0
  97 005e 114B     		ldr	r3, .L2+56
  98 0060 1C60     		str	r4, [r3]
 204:Generated_Source\PSoC4/cyfitter_cfg.c **** 	CySysClkSetTimerSource(CY_SYS_CLK_TIMER_SRC_ILO);
  99              		.loc 1 204 0
 100 0062 0020     		movs	r0, #0
 101 0064 FFF7FEFF 		bl	CySysClkSetTimerSource
 102              	.LVL3:
 205:Generated_Source\PSoC4/cyfitter_cfg.c **** }
 103              		.loc 1 205 0
 104              		@ sp needed
 105 0068 10BD     		pop	{r4, pc}
 106              	.L3:
 107 006a C046     		.align	2
 108              	.L2:
 109 006c 30001040 		.word	1074790448
 110 0070 08030140 		.word	1073808136
 111 0074 00000140 		.word	1073807360
 112 0078 42FF0080 		.word	-2147418302
 113 007c 00030140 		.word	1073808128
 114 0080 40FF0080 		.word	-2147418304
 115 0084 04030140 		.word	1073808132
 116 0088 41FF0080 		.word	-2147418303
 117 008c 28000340 		.word	1073938472
 118 0090 1C010140 		.word	1073807644
 119 0094 14010140 		.word	1073807636
 120 0098 0C010140 		.word	1073807628
 121 009c 04010140 		.word	1073807620
 122 00a0 00000000 		.word	CySysTimerIsr
 123 00a4 0C020740 		.word	1074201100
 124              		.cfi_endproc
 125              	.LFE4:
 126              		.size	ClockSetup, .-ClockSetup
 127              		.section	.text.SetAnalogRoutingPumps,"ax",%progbits
 128              		.align	2
 129              		.global	SetAnalogRoutingPumps
 130              		.code	16
 131              		.thumb_func
 132              		.type	SetAnalogRoutingPumps, %function
 133              	SetAnalogRoutingPumps:
 134              	.LFB6:
 206:Generated_Source\PSoC4/cyfitter_cfg.c **** 
 207:Generated_Source\PSoC4/cyfitter_cfg.c **** 
 208:Generated_Source\PSoC4/cyfitter_cfg.c **** /* Analog API Functions */
ARM GAS  C:\Users\inspiron\AppData\Local\Temp\cc7vbiCu.s 			page 7


 209:Generated_Source\PSoC4/cyfitter_cfg.c **** 
 210:Generated_Source\PSoC4/cyfitter_cfg.c **** 
 211:Generated_Source\PSoC4/cyfitter_cfg.c **** /*******************************************************************************
 212:Generated_Source\PSoC4/cyfitter_cfg.c **** * Function Name: AnalogSetDefault
 213:Generated_Source\PSoC4/cyfitter_cfg.c **** ********************************************************************************
 214:Generated_Source\PSoC4/cyfitter_cfg.c **** *
 215:Generated_Source\PSoC4/cyfitter_cfg.c **** * Summary:
 216:Generated_Source\PSoC4/cyfitter_cfg.c **** *  Sets up the analog portions of the chip to default values based on chip
 217:Generated_Source\PSoC4/cyfitter_cfg.c **** *  configuration options from the project.
 218:Generated_Source\PSoC4/cyfitter_cfg.c **** *
 219:Generated_Source\PSoC4/cyfitter_cfg.c **** * Parameters:
 220:Generated_Source\PSoC4/cyfitter_cfg.c **** *  void
 221:Generated_Source\PSoC4/cyfitter_cfg.c **** *
 222:Generated_Source\PSoC4/cyfitter_cfg.c **** * Return:
 223:Generated_Source\PSoC4/cyfitter_cfg.c **** *  void
 224:Generated_Source\PSoC4/cyfitter_cfg.c **** *
 225:Generated_Source\PSoC4/cyfitter_cfg.c **** *******************************************************************************/
 226:Generated_Source\PSoC4/cyfitter_cfg.c **** static void AnalogSetDefault(void);
 227:Generated_Source\PSoC4/cyfitter_cfg.c **** static void AnalogSetDefault(void)
 228:Generated_Source\PSoC4/cyfitter_cfg.c **** {
 229:Generated_Source\PSoC4/cyfitter_cfg.c **** 	CY_SET_XTND_REG32((void CYFAR *)CYREG_HSIOM_AMUX_SPLIT_CTL0, 0x00000003u);
 230:Generated_Source\PSoC4/cyfitter_cfg.c **** 	CY_SET_XTND_REG32((void CYFAR *)CYREG_CTBM0_DFT_CTRL, 0x00000003u);
 231:Generated_Source\PSoC4/cyfitter_cfg.c **** 	CY_SET_XTND_REG32((void CYFAR *)CYREG_PASS_DSAB_DSAB_CTRL, 0x00000020u);
 232:Generated_Source\PSoC4/cyfitter_cfg.c **** 	SetAnalogRoutingPumps(1);
 233:Generated_Source\PSoC4/cyfitter_cfg.c **** }
 234:Generated_Source\PSoC4/cyfitter_cfg.c **** 
 235:Generated_Source\PSoC4/cyfitter_cfg.c **** 
 236:Generated_Source\PSoC4/cyfitter_cfg.c **** /*******************************************************************************
 237:Generated_Source\PSoC4/cyfitter_cfg.c **** * Function Name: SetAnalogRoutingPumps
 238:Generated_Source\PSoC4/cyfitter_cfg.c **** ********************************************************************************
 239:Generated_Source\PSoC4/cyfitter_cfg.c **** *
 240:Generated_Source\PSoC4/cyfitter_cfg.c **** * Summary:
 241:Generated_Source\PSoC4/cyfitter_cfg.c **** * Enables or disables the analog pumps feeding analog routing switches.
 242:Generated_Source\PSoC4/cyfitter_cfg.c **** * Intended to be called at startup, based on the Vdda system configuration;
 243:Generated_Source\PSoC4/cyfitter_cfg.c **** * may be called during operation when the user informs us that the Vdda voltage crossed the pump th
 244:Generated_Source\PSoC4/cyfitter_cfg.c **** *
 245:Generated_Source\PSoC4/cyfitter_cfg.c **** * Parameters:
 246:Generated_Source\PSoC4/cyfitter_cfg.c **** *  enabled - 1 to enable the pumps, 0 to disable the pumps
 247:Generated_Source\PSoC4/cyfitter_cfg.c **** *
 248:Generated_Source\PSoC4/cyfitter_cfg.c **** * Return:
 249:Generated_Source\PSoC4/cyfitter_cfg.c **** *  void
 250:Generated_Source\PSoC4/cyfitter_cfg.c **** *
 251:Generated_Source\PSoC4/cyfitter_cfg.c **** *******************************************************************************/
 252:Generated_Source\PSoC4/cyfitter_cfg.c **** void SetAnalogRoutingPumps(uint8 enabled)
 253:Generated_Source\PSoC4/cyfitter_cfg.c **** {
 135              		.loc 1 253 0
 136              		.cfi_startproc
 137              		@ args = 0, pretend = 0, frame = 0
 138              		@ frame_needed = 0, uses_anonymous_args = 0
 139              		@ link register save eliminated.
 140              	.LVL4:
 254:Generated_Source\PSoC4/cyfitter_cfg.c **** 	uint32 regValue = CY_GET_XTND_REG32((void *)(CYREG_SAR_PUMP_CTRL));
 141              		.loc 1 254 0
 142 0000 0B4B     		ldr	r3, .L9
 143 0002 1B68     		ldr	r3, [r3]
 144              	.LVL5:
 255:Generated_Source\PSoC4/cyfitter_cfg.c **** 	if (enabled != 0u)
ARM GAS  C:\Users\inspiron\AppData\Local\Temp\cc7vbiCu.s 			page 8


 145              		.loc 1 255 0
 146 0004 0028     		cmp	r0, #0
 147 0006 03D0     		beq	.L5
 256:Generated_Source\PSoC4/cyfitter_cfg.c **** 	{
 257:Generated_Source\PSoC4/cyfitter_cfg.c **** 		regValue |= 0x80000000u;
 148              		.loc 1 257 0
 149 0008 8022     		movs	r2, #128
 150 000a 1206     		lsls	r2, r2, #24
 151 000c 1343     		orrs	r3, r2
 152              	.LVL6:
 153 000e 01E0     		b	.L6
 154              	.L5:
 258:Generated_Source\PSoC4/cyfitter_cfg.c **** 	}
 259:Generated_Source\PSoC4/cyfitter_cfg.c **** 	else
 260:Generated_Source\PSoC4/cyfitter_cfg.c **** 	{
 261:Generated_Source\PSoC4/cyfitter_cfg.c **** 		regValue &= ~0x80000000u;
 155              		.loc 1 261 0
 156 0010 5B00     		lsls	r3, r3, #1
 157              	.LVL7:
 158 0012 5B08     		lsrs	r3, r3, #1
 159              	.LVL8:
 160              	.L6:
 262:Generated_Source\PSoC4/cyfitter_cfg.c **** 	}
 263:Generated_Source\PSoC4/cyfitter_cfg.c **** 	CY_SET_XTND_REG32((void *)(CYREG_SAR_PUMP_CTRL), regValue);
 161              		.loc 1 263 0
 162 0014 064A     		ldr	r2, .L9
 163 0016 1360     		str	r3, [r2]
 264:Generated_Source\PSoC4/cyfitter_cfg.c **** 	regValue = CY_GET_XTND_REG32((void *)(CYREG_CLK_SELECT));
 164              		.loc 1 264 0
 165 0018 064B     		ldr	r3, .L9+4
 166              	.LVL9:
 167 001a 1B68     		ldr	r3, [r3]
 168              	.LVL10:
 265:Generated_Source\PSoC4/cyfitter_cfg.c **** 	if (enabled != 0u)
 169              		.loc 1 265 0
 170 001c 0028     		cmp	r0, #0
 171 001e 02D0     		beq	.L7
 266:Generated_Source\PSoC4/cyfitter_cfg.c **** 	{
 267:Generated_Source\PSoC4/cyfitter_cfg.c **** 		regValue |= 0x00000020u;
 172              		.loc 1 267 0
 173 0020 2022     		movs	r2, #32
 174 0022 1343     		orrs	r3, r2
 175              	.LVL11:
 176 0024 01E0     		b	.L8
 177              	.L7:
 268:Generated_Source\PSoC4/cyfitter_cfg.c **** 	}
 269:Generated_Source\PSoC4/cyfitter_cfg.c **** 	else
 270:Generated_Source\PSoC4/cyfitter_cfg.c **** 	{
 271:Generated_Source\PSoC4/cyfitter_cfg.c **** 		regValue &= ~0x00000020u;
 178              		.loc 1 271 0
 179 0026 2022     		movs	r2, #32
 180 0028 9343     		bics	r3, r2
 181              	.LVL12:
 182              	.L8:
 272:Generated_Source\PSoC4/cyfitter_cfg.c **** 	}
 273:Generated_Source\PSoC4/cyfitter_cfg.c **** 	CY_SET_XTND_REG32((void *)(CYREG_CLK_SELECT), regValue);
 183              		.loc 1 273 0
ARM GAS  C:\Users\inspiron\AppData\Local\Temp\cc7vbiCu.s 			page 9


 184 002a 024A     		ldr	r2, .L9+4
 185 002c 1360     		str	r3, [r2]
 274:Generated_Source\PSoC4/cyfitter_cfg.c **** }
 186              		.loc 1 274 0
 187              		@ sp needed
 188 002e 7047     		bx	lr
 189              	.L10:
 190              		.align	2
 191              	.L9:
 192 0030 80033A40 		.word	1077543808
 193 0034 28000340 		.word	1073938472
 194              		.cfi_endproc
 195              	.LFE6:
 196              		.size	SetAnalogRoutingPumps, .-SetAnalogRoutingPumps
 197              		.section	.text.AnalogSetDefault,"ax",%progbits
 198              		.align	2
 199              		.code	16
 200              		.thumb_func
 201              		.type	AnalogSetDefault, %function
 202              	AnalogSetDefault:
 203              	.LFB5:
 228:Generated_Source\PSoC4/cyfitter_cfg.c **** 	CY_SET_XTND_REG32((void CYFAR *)CYREG_HSIOM_AMUX_SPLIT_CTL0, 0x00000003u);
 204              		.loc 1 228 0
 205              		.cfi_startproc
 206              		@ args = 0, pretend = 0, frame = 0
 207              		@ frame_needed = 0, uses_anonymous_args = 0
 208 0000 10B5     		push	{r4, lr}
 209              		.cfi_def_cfa_offset 8
 210              		.cfi_offset 4, -8
 211              		.cfi_offset 14, -4
 229:Generated_Source\PSoC4/cyfitter_cfg.c **** 	CY_SET_XTND_REG32((void CYFAR *)CYREG_CTBM0_DFT_CTRL, 0x00000003u);
 212              		.loc 1 229 0
 213 0002 0323     		movs	r3, #3
 214 0004 054A     		ldr	r2, .L12
 215 0006 1360     		str	r3, [r2]
 230:Generated_Source\PSoC4/cyfitter_cfg.c **** 	CY_SET_XTND_REG32((void CYFAR *)CYREG_PASS_DSAB_DSAB_CTRL, 0x00000020u);
 216              		.loc 1 230 0
 217 0008 054A     		ldr	r2, .L12+4
 218 000a 1360     		str	r3, [r2]
 231:Generated_Source\PSoC4/cyfitter_cfg.c **** 	SetAnalogRoutingPumps(1);
 219              		.loc 1 231 0
 220 000c 2022     		movs	r2, #32
 221 000e 054B     		ldr	r3, .L12+8
 222 0010 1A60     		str	r2, [r3]
 232:Generated_Source\PSoC4/cyfitter_cfg.c **** }
 223              		.loc 1 232 0
 224 0012 0120     		movs	r0, #1
 225 0014 FFF7FEFF 		bl	SetAnalogRoutingPumps
 226              	.LVL13:
 233:Generated_Source\PSoC4/cyfitter_cfg.c **** 
 227              		.loc 1 233 0
 228              		@ sp needed
 229 0018 10BD     		pop	{r4, pc}
 230              	.L13:
 231 001a C046     		.align	2
 232              	.L12:
 233 001c 00210240 		.word	1073881344
ARM GAS  C:\Users\inspiron\AppData\Local\Temp\cc7vbiCu.s 			page 10


 234 0020 30003040 		.word	1076887600
 235 0024 000E3F40 		.word	1077874176
 236              		.cfi_endproc
 237              	.LFE5:
 238              		.size	AnalogSetDefault, .-AnalogSetDefault
 239              		.section	.psocinit
 240              		.align	2
 241              		.global	cyfitter_cfg
 242              		.code	16
 243              		.thumb_func
 244              		.type	cyfitter_cfg, %function
 245              	cyfitter_cfg:
 246              	.LFB7:
 275:Generated_Source\PSoC4/cyfitter_cfg.c **** 
 276:Generated_Source\PSoC4/cyfitter_cfg.c **** 
 277:Generated_Source\PSoC4/cyfitter_cfg.c **** 
 278:Generated_Source\PSoC4/cyfitter_cfg.c **** 
 279:Generated_Source\PSoC4/cyfitter_cfg.c **** /*******************************************************************************
 280:Generated_Source\PSoC4/cyfitter_cfg.c **** * Function Name: cyfitter_cfg
 281:Generated_Source\PSoC4/cyfitter_cfg.c **** ********************************************************************************
 282:Generated_Source\PSoC4/cyfitter_cfg.c **** * Summary:
 283:Generated_Source\PSoC4/cyfitter_cfg.c **** *  This function is called by the start-up code for the selected device. It
 284:Generated_Source\PSoC4/cyfitter_cfg.c **** *  performs all of the necessary device configuration based on the design
 285:Generated_Source\PSoC4/cyfitter_cfg.c **** *  settings.  This includes settings from the Design Wide Resources (DWR) such
 286:Generated_Source\PSoC4/cyfitter_cfg.c **** *  as Clocks and Pins as well as any component configuration that is necessary.
 287:Generated_Source\PSoC4/cyfitter_cfg.c **** *
 288:Generated_Source\PSoC4/cyfitter_cfg.c **** * Parameters:
 289:Generated_Source\PSoC4/cyfitter_cfg.c **** *   void
 290:Generated_Source\PSoC4/cyfitter_cfg.c **** *
 291:Generated_Source\PSoC4/cyfitter_cfg.c **** * Return:
 292:Generated_Source\PSoC4/cyfitter_cfg.c **** *   void
 293:Generated_Source\PSoC4/cyfitter_cfg.c **** *
 294:Generated_Source\PSoC4/cyfitter_cfg.c **** *******************************************************************************/
 295:Generated_Source\PSoC4/cyfitter_cfg.c **** CY_CFG_SECTION
 296:Generated_Source\PSoC4/cyfitter_cfg.c **** void cyfitter_cfg(void)
 297:Generated_Source\PSoC4/cyfitter_cfg.c **** {
 247              		.loc 1 297 0
 248              		.cfi_startproc
 249              		@ args = 0, pretend = 0, frame = 0
 250              		@ frame_needed = 0, uses_anonymous_args = 0
 251 00a8 10B5     		push	{r4, lr}
 252              		.cfi_def_cfa_offset 8
 253              		.cfi_offset 4, -8
 254              		.cfi_offset 14, -4
 298:Generated_Source\PSoC4/cyfitter_cfg.c **** 	/* Disable interrupts by default. Let user enable if/when they want. */
 299:Generated_Source\PSoC4/cyfitter_cfg.c **** 	CyGlobalIntDisable;
 255              		.loc 1 299 0
 256              		.syntax divided
 257              	@ 299 "Generated_Source\PSoC4\cyfitter_cfg.c" 1
 258 00aa 72B6     		CPSID   i
 259              	@ 0 "" 2
 300:Generated_Source\PSoC4/cyfitter_cfg.c **** 
 301:Generated_Source\PSoC4/cyfitter_cfg.c **** 	{
 302:Generated_Source\PSoC4/cyfitter_cfg.c **** 		/* HSIOM Starting address: CYDEV_HSIOM_BASE */
 303:Generated_Source\PSoC4/cyfitter_cfg.c **** 		CY_SET_REG32((void *)(CYREG_HSIOM_PORT_SEL2), 0x08000000u);
 260              		.loc 1 303 0
 261              		.thumb
ARM GAS  C:\Users\inspiron\AppData\Local\Temp\cc7vbiCu.s 			page 11


 262              		.syntax unified
 263 00ac 8022     		movs	r2, #128
 264 00ae 1205     		lsls	r2, r2, #20
 265 00b0 134B     		ldr	r3, .L15
 266 00b2 1A60     		str	r2, [r3]
 304:Generated_Source\PSoC4/cyfitter_cfg.c **** 		CY_SET_REG32((void *)(CYREG_HSIOM_PORT_SEL3), 0x0800EEEEu);
 267              		.loc 1 304 0
 268 00b4 134A     		ldr	r2, .L15+4
 269 00b6 144B     		ldr	r3, .L15+8
 270 00b8 1A60     		str	r2, [r3]
 305:Generated_Source\PSoC4/cyfitter_cfg.c **** 
 306:Generated_Source\PSoC4/cyfitter_cfg.c **** 	}
 307:Generated_Source\PSoC4/cyfitter_cfg.c **** 
 308:Generated_Source\PSoC4/cyfitter_cfg.c **** 	/* Perform second pass device configuration. These items must be configured in specific order afte
 309:Generated_Source\PSoC4/cyfitter_cfg.c **** 	/* IOPINS0_0 Starting address: CYDEV_GPIO_PRT0_BASE */
 310:Generated_Source\PSoC4/cyfitter_cfg.c **** 	CY_SET_REG32((void *)(CYDEV_GPIO_PRT0_BASE), 0x00000049u);
 271              		.loc 1 310 0
 272 00ba 4923     		movs	r3, #73
 273 00bc 134A     		ldr	r2, .L15+12
 274 00be 1360     		str	r3, [r2]
 311:Generated_Source\PSoC4/cyfitter_cfg.c **** 	CY_SET_REG32((void *)(CYREG_GPIO_PRT0_PC2), 0x00000049u);
 275              		.loc 1 311 0
 276 00c0 134A     		ldr	r2, .L15+16
 277 00c2 1360     		str	r3, [r2]
 312:Generated_Source\PSoC4/cyfitter_cfg.c **** 
 313:Generated_Source\PSoC4/cyfitter_cfg.c **** 	/* IOPINS0_1 Starting address: CYDEV_GPIO_PRT1_BASE */
 314:Generated_Source\PSoC4/cyfitter_cfg.c **** 	CY_SET_REG32((void *)(CYDEV_GPIO_PRT1_BASE), 0x000000AFu);
 278              		.loc 1 314 0
 279 00c4 AF22     		movs	r2, #175
 280 00c6 134B     		ldr	r3, .L15+20
 281 00c8 1A60     		str	r2, [r3]
 315:Generated_Source\PSoC4/cyfitter_cfg.c **** 	CY_SET_REG32((void *)(CYREG_GPIO_PRT1_PC2), 0x000000BFu);
 282              		.loc 1 315 0
 283 00ca 1032     		adds	r2, r2, #16
 284 00cc 124B     		ldr	r3, .L15+24
 285 00ce 1A60     		str	r2, [r3]
 316:Generated_Source\PSoC4/cyfitter_cfg.c **** 
 317:Generated_Source\PSoC4/cyfitter_cfg.c **** 	/* IOPINS0_2 Starting address: CYDEV_GPIO_PRT2_BASE */
 318:Generated_Source\PSoC4/cyfitter_cfg.c **** 	CY_SET_REG32((void *)(CYDEV_GPIO_PRT2_BASE), 0x0000004Fu);
 286              		.loc 1 318 0
 287 00d0 703A     		subs	r2, r2, #112
 288 00d2 124B     		ldr	r3, .L15+28
 289 00d4 1A60     		str	r2, [r3]
 319:Generated_Source\PSoC4/cyfitter_cfg.c **** 	CY_SET_REG32((void *)(CYREG_GPIO_PRT2_PC), 0x00180000u);
 290              		.loc 1 319 0
 291 00d6 C022     		movs	r2, #192
 292 00d8 5203     		lsls	r2, r2, #13
 293 00da 114B     		ldr	r3, .L15+32
 294 00dc 1A60     		str	r2, [r3]
 320:Generated_Source\PSoC4/cyfitter_cfg.c **** 	CY_SET_REG32((void *)(CYREG_GPIO_PRT2_PC2), 0x0000000Fu);
 295              		.loc 1 320 0
 296 00de 0F22     		movs	r2, #15
 297 00e0 104B     		ldr	r3, .L15+36
 298 00e2 1A60     		str	r2, [r3]
 321:Generated_Source\PSoC4/cyfitter_cfg.c **** 
 322:Generated_Source\PSoC4/cyfitter_cfg.c **** 	/* IOPINS0_3 Starting address: CYDEV_GPIO_PRT3_BASE */
 323:Generated_Source\PSoC4/cyfitter_cfg.c **** 	CY_SET_REG32((void *)(CYDEV_GPIO_PRT3_BASE), 0x00000053u);
ARM GAS  C:\Users\inspiron\AppData\Local\Temp\cc7vbiCu.s 			page 12


 299              		.loc 1 323 0
 300 00e4 4432     		adds	r2, r2, #68
 301 00e6 104B     		ldr	r3, .L15+40
 302 00e8 1A60     		str	r2, [r3]
 324:Generated_Source\PSoC4/cyfitter_cfg.c **** 	CY_SET_REG32((void *)(CYREG_GPIO_PRT3_PC), 0x00186DA4u);
 303              		.loc 1 324 0
 304 00ea 104A     		ldr	r2, .L15+44
 305 00ec 104B     		ldr	r3, .L15+48
 306 00ee 1A60     		str	r2, [r3]
 325:Generated_Source\PSoC4/cyfitter_cfg.c **** 
 326:Generated_Source\PSoC4/cyfitter_cfg.c **** 	/* IOPINS0_4 Starting address: CYDEV_GPIO_PRT4_BASE */
 327:Generated_Source\PSoC4/cyfitter_cfg.c **** 	CY_SET_REG32((void *)(CYREG_GPIO_PRT4_PC2), 0x00000002u);
 307              		.loc 1 327 0
 308 00f0 0222     		movs	r2, #2
 309 00f2 104B     		ldr	r3, .L15+52
 310 00f4 1A60     		str	r2, [r3]
 328:Generated_Source\PSoC4/cyfitter_cfg.c **** 
 329:Generated_Source\PSoC4/cyfitter_cfg.c **** 
 330:Generated_Source\PSoC4/cyfitter_cfg.c **** 	/* Setup clocks based on selections from Clock DWR */
 331:Generated_Source\PSoC4/cyfitter_cfg.c **** 	ClockSetup();
 311              		.loc 1 331 0
 312 00f6 FFF783FF 		bl	ClockSetup
 313              	.LVL14:
 332:Generated_Source\PSoC4/cyfitter_cfg.c **** 
 333:Generated_Source\PSoC4/cyfitter_cfg.c **** 	/* Perform basic analog initialization to defaults */
 334:Generated_Source\PSoC4/cyfitter_cfg.c **** 	AnalogSetDefault();
 314              		.loc 1 334 0
 315 00fa FFF7FEFF 		bl	AnalogSetDefault
 316              	.LVL15:
 335:Generated_Source\PSoC4/cyfitter_cfg.c **** 
 336:Generated_Source\PSoC4/cyfitter_cfg.c **** }
 317              		.loc 1 336 0
 318              		@ sp needed
 319 00fe 10BD     		pop	{r4, pc}
 320              	.L16:
 321              		.align	2
 322              	.L15:
 323 0100 00020240 		.word	1073873408
 324 0104 EEEE0008 		.word	134278894
 325 0108 00030240 		.word	1073873664
 326 010c 00000440 		.word	1074003968
 327 0110 18000440 		.word	1074003992
 328 0114 00010440 		.word	1074004224
 329 0118 18010440 		.word	1074004248
 330 011c 00020440 		.word	1074004480
 331 0120 08020440 		.word	1074004488
 332 0124 18020440 		.word	1074004504
 333 0128 00030440 		.word	1074004736
 334 012c A46D1800 		.word	1600932
 335 0130 08030440 		.word	1074004744
 336 0134 18040440 		.word	1074005016
 337              		.cfi_endproc
 338              	.LFE7:
 339              		.size	cyfitter_cfg, .-cyfitter_cfg
 340              		.text
 341              	.Letext0:
 342              		.file 2 "Generated_Source\\PSoC4\\cytypes.h"
ARM GAS  C:\Users\inspiron\AppData\Local\Temp\cc7vbiCu.s 			page 13


 343              		.file 3 "Generated_Source\\PSoC4\\CyLib.h"
 344              		.file 4 "Generated_Source\\PSoC4\\CyLFClk.h"
 345              		.section	.debug_info,"",%progbits
 346              	.Ldebug_info0:
 347 0000 C0010000 		.4byte	0x1c0
 348 0004 0400     		.2byte	0x4
 349 0006 00000000 		.4byte	.Ldebug_abbrev0
 350 000a 04       		.byte	0x4
 351 000b 01       		.uleb128 0x1
 352 000c D8010000 		.4byte	.LASF25
 353 0010 0C       		.byte	0xc
 354 0011 76020000 		.4byte	.LASF26
 355 0015 E8000000 		.4byte	.LASF27
 356 0019 00000000 		.4byte	.Ldebug_ranges0+0
 357 001d 00000000 		.4byte	0
 358 0021 00000000 		.4byte	.Ldebug_line0
 359 0025 02       		.uleb128 0x2
 360 0026 04       		.byte	0x4
 361 0027 05       		.byte	0x5
 362 0028 696E7400 		.ascii	"int\000"
 363 002c 03       		.uleb128 0x3
 364 002d 04       		.byte	0x4
 365 002e 07       		.byte	0x7
 366 002f C4000000 		.4byte	.LASF0
 367 0033 03       		.uleb128 0x3
 368 0034 08       		.byte	0x8
 369 0035 05       		.byte	0x5
 370 0036 89010000 		.4byte	.LASF1
 371 003a 03       		.uleb128 0x3
 372 003b 08       		.byte	0x8
 373 003c 04       		.byte	0x4
 374 003d CC010000 		.4byte	.LASF2
 375 0041 03       		.uleb128 0x3
 376 0042 01       		.byte	0x1
 377 0043 06       		.byte	0x6
 378 0044 6A020000 		.4byte	.LASF3
 379 0048 03       		.uleb128 0x3
 380 0049 01       		.byte	0x1
 381 004a 08       		.byte	0x8
 382 004b 61000000 		.4byte	.LASF4
 383 004f 03       		.uleb128 0x3
 384 0050 02       		.byte	0x2
 385 0051 05       		.byte	0x5
 386 0052 A4010000 		.4byte	.LASF5
 387 0056 03       		.uleb128 0x3
 388 0057 02       		.byte	0x2
 389 0058 07       		.byte	0x7
 390 0059 48000000 		.4byte	.LASF6
 391 005d 03       		.uleb128 0x3
 392 005e 04       		.byte	0x4
 393 005f 05       		.byte	0x5
 394 0060 C3010000 		.4byte	.LASF7
 395 0064 03       		.uleb128 0x3
 396 0065 04       		.byte	0x4
 397 0066 07       		.byte	0x7
 398 0067 6F000000 		.4byte	.LASF8
 399 006b 03       		.uleb128 0x3
ARM GAS  C:\Users\inspiron\AppData\Local\Temp\cc7vbiCu.s 			page 14


 400 006c 08       		.byte	0x8
 401 006d 07       		.byte	0x7
 402 006e D1000000 		.4byte	.LASF9
 403 0072 03       		.uleb128 0x3
 404 0073 04       		.byte	0x4
 405 0074 07       		.byte	0x7
 406 0075 80010000 		.4byte	.LASF10
 407 0079 03       		.uleb128 0x3
 408 007a 01       		.byte	0x1
 409 007b 08       		.byte	0x8
 410 007c 97010000 		.4byte	.LASF11
 411 0080 04       		.uleb128 0x4
 412 0081 81000000 		.4byte	.LASF12
 413 0085 02       		.byte	0x2
 414 0086 F701     		.2byte	0x1f7
 415 0088 48000000 		.4byte	0x48
 416 008c 04       		.uleb128 0x4
 417 008d BD000000 		.4byte	.LASF13
 418 0091 02       		.byte	0x2
 419 0092 F901     		.2byte	0x1f9
 420 0094 64000000 		.4byte	0x64
 421 0098 03       		.uleb128 0x3
 422 0099 04       		.byte	0x4
 423 009a 04       		.byte	0x4
 424 009b 5B000000 		.4byte	.LASF14
 425 009f 03       		.uleb128 0x3
 426 00a0 08       		.byte	0x8
 427 00a1 04       		.byte	0x4
 428 00a2 AA000000 		.4byte	.LASF15
 429 00a6 04       		.uleb128 0x4
 430 00a7 00000000 		.4byte	.LASF16
 431 00ab 02       		.byte	0x2
 432 00ac A302     		.2byte	0x2a3
 433 00ae B2000000 		.4byte	0xb2
 434 00b2 05       		.uleb128 0x5
 435 00b3 8C000000 		.4byte	0x8c
 436 00b7 06       		.uleb128 0x6
 437 00b8 3D000000 		.4byte	.LASF17
 438 00bc 01       		.byte	0x1
 439 00bd AA       		.byte	0xaa
 440 00be 00000000 		.4byte	.LFB4
 441 00c2 A8000000 		.4byte	.LFE4-.LFB4
 442 00c6 01       		.uleb128 0x1
 443 00c7 9C       		.byte	0x9c
 444 00c8 17010000 		.4byte	0x117
 445 00cc 07       		.uleb128 0x7
 446 00cd 0E000000 		.4byte	.LVL0
 447 00d1 97010000 		.4byte	0x197
 448 00d5 E0000000 		.4byte	0xe0
 449 00d9 08       		.uleb128 0x8
 450 00da 01       		.uleb128 0x1
 451 00db 50       		.byte	0x50
 452 00dc 02       		.uleb128 0x2
 453 00dd 08       		.byte	0x8
 454 00de 30       		.byte	0x30
 455 00df 00       		.byte	0
 456 00e0 07       		.uleb128 0x7
ARM GAS  C:\Users\inspiron\AppData\Local\Temp\cc7vbiCu.s 			page 15


 457 00e1 58000000 		.4byte	.LVL1
 458 00e5 A2010000 		.4byte	0x1a2
 459 00e9 F3000000 		.4byte	0xf3
 460 00ed 08       		.uleb128 0x8
 461 00ee 01       		.uleb128 0x1
 462 00ef 50       		.byte	0x50
 463 00f0 01       		.uleb128 0x1
 464 00f1 3B       		.byte	0x3b
 465 00f2 00       		.byte	0
 466 00f3 07       		.uleb128 0x7
 467 00f4 5E000000 		.4byte	.LVL2
 468 00f8 AD010000 		.4byte	0x1ad
 469 00fc 06010000 		.4byte	0x106
 470 0100 08       		.uleb128 0x8
 471 0101 01       		.uleb128 0x1
 472 0102 50       		.byte	0x50
 473 0103 01       		.uleb128 0x1
 474 0104 3B       		.byte	0x3b
 475 0105 00       		.byte	0
 476 0106 09       		.uleb128 0x9
 477 0107 68000000 		.4byte	.LVL3
 478 010b B8010000 		.4byte	0x1b8
 479 010f 08       		.uleb128 0x8
 480 0110 01       		.uleb128 0x1
 481 0111 50       		.byte	0x50
 482 0112 02       		.uleb128 0x2
 483 0113 74       		.byte	0x74
 484 0114 00       		.sleb128 0
 485 0115 00       		.byte	0
 486 0116 00       		.byte	0
 487 0117 0A       		.uleb128 0xa
 488 0118 94000000 		.4byte	.LASF19
 489 011c 01       		.byte	0x1
 490 011d FC       		.byte	0xfc
 491 011e 00000000 		.4byte	.LFB6
 492 0122 38000000 		.4byte	.LFE6-.LFB6
 493 0126 01       		.uleb128 0x1
 494 0127 9C       		.byte	0x9c
 495 0128 49010000 		.4byte	0x149
 496 012c 0B       		.uleb128 0xb
 497 012d 9C010000 		.4byte	.LASF28
 498 0131 01       		.byte	0x1
 499 0132 FC       		.byte	0xfc
 500 0133 80000000 		.4byte	0x80
 501 0137 01       		.uleb128 0x1
 502 0138 50       		.byte	0x50
 503 0139 0C       		.uleb128 0xc
 504 013a 9C020000 		.4byte	.LASF29
 505 013e 01       		.byte	0x1
 506 013f FE       		.byte	0xfe
 507 0140 8C000000 		.4byte	0x8c
 508 0144 00000000 		.4byte	.LLST0
 509 0148 00       		.byte	0
 510 0149 06       		.uleb128 0x6
 511 014a 06000000 		.4byte	.LASF18
 512 014e 01       		.byte	0x1
 513 014f E3       		.byte	0xe3
ARM GAS  C:\Users\inspiron\AppData\Local\Temp\cc7vbiCu.s 			page 16


 514 0150 00000000 		.4byte	.LFB5
 515 0154 28000000 		.4byte	.LFE5-.LFB5
 516 0158 01       		.uleb128 0x1
 517 0159 9C       		.byte	0x9c
 518 015a 6E010000 		.4byte	0x16e
 519 015e 09       		.uleb128 0x9
 520 015f 18000000 		.4byte	.LVL13
 521 0163 17010000 		.4byte	0x117
 522 0167 08       		.uleb128 0x8
 523 0168 01       		.uleb128 0x1
 524 0169 50       		.byte	0x50
 525 016a 01       		.uleb128 0x1
 526 016b 31       		.byte	0x31
 527 016c 00       		.byte	0
 528 016d 00       		.byte	0
 529 016e 0D       		.uleb128 0xd
 530 016f 87000000 		.4byte	.LASF20
 531 0173 01       		.byte	0x1
 532 0174 2801     		.2byte	0x128
 533 0176 A8000000 		.4byte	.LFB7
 534 017a 90000000 		.4byte	.LFE7-.LFB7
 535 017e 01       		.uleb128 0x1
 536 017f 9C       		.byte	0x9c
 537 0180 97010000 		.4byte	0x197
 538 0184 0E       		.uleb128 0xe
 539 0185 FA000000 		.4byte	.LVL14
 540 0189 B7000000 		.4byte	0xb7
 541 018d 0E       		.uleb128 0xe
 542 018e FE000000 		.4byte	.LVL15
 543 0192 49010000 		.4byte	0x149
 544 0196 00       		.byte	0
 545 0197 0F       		.uleb128 0xf
 546 0198 AE010000 		.4byte	.LASF21
 547 019c AE010000 		.4byte	.LASF21
 548 01a0 03       		.byte	0x3
 549 01a1 6C       		.byte	0x6c
 550 01a2 0F       		.uleb128 0xf
 551 01a3 2E000000 		.4byte	.LASF22
 552 01a7 2E000000 		.4byte	.LASF22
 553 01ab 03       		.byte	0x3
 554 01ac D0       		.byte	0xd0
 555 01ad 0F       		.uleb128 0xf
 556 01ae B1000000 		.4byte	.LASF23
 557 01b2 B1000000 		.4byte	.LASF23
 558 01b6 03       		.byte	0x3
 559 01b7 D6       		.byte	0xd6
 560 01b8 0F       		.uleb128 0xf
 561 01b9 17000000 		.4byte	.LASF24
 562 01bd 17000000 		.4byte	.LASF24
 563 01c1 04       		.byte	0x4
 564 01c2 9F       		.byte	0x9f
 565 01c3 00       		.byte	0
 566              		.section	.debug_abbrev,"",%progbits
 567              	.Ldebug_abbrev0:
 568 0000 01       		.uleb128 0x1
 569 0001 11       		.uleb128 0x11
 570 0002 01       		.byte	0x1
ARM GAS  C:\Users\inspiron\AppData\Local\Temp\cc7vbiCu.s 			page 17


 571 0003 25       		.uleb128 0x25
 572 0004 0E       		.uleb128 0xe
 573 0005 13       		.uleb128 0x13
 574 0006 0B       		.uleb128 0xb
 575 0007 03       		.uleb128 0x3
 576 0008 0E       		.uleb128 0xe
 577 0009 1B       		.uleb128 0x1b
 578 000a 0E       		.uleb128 0xe
 579 000b 55       		.uleb128 0x55
 580 000c 17       		.uleb128 0x17
 581 000d 11       		.uleb128 0x11
 582 000e 01       		.uleb128 0x1
 583 000f 10       		.uleb128 0x10
 584 0010 17       		.uleb128 0x17
 585 0011 00       		.byte	0
 586 0012 00       		.byte	0
 587 0013 02       		.uleb128 0x2
 588 0014 24       		.uleb128 0x24
 589 0015 00       		.byte	0
 590 0016 0B       		.uleb128 0xb
 591 0017 0B       		.uleb128 0xb
 592 0018 3E       		.uleb128 0x3e
 593 0019 0B       		.uleb128 0xb
 594 001a 03       		.uleb128 0x3
 595 001b 08       		.uleb128 0x8
 596 001c 00       		.byte	0
 597 001d 00       		.byte	0
 598 001e 03       		.uleb128 0x3
 599 001f 24       		.uleb128 0x24
 600 0020 00       		.byte	0
 601 0021 0B       		.uleb128 0xb
 602 0022 0B       		.uleb128 0xb
 603 0023 3E       		.uleb128 0x3e
 604 0024 0B       		.uleb128 0xb
 605 0025 03       		.uleb128 0x3
 606 0026 0E       		.uleb128 0xe
 607 0027 00       		.byte	0
 608 0028 00       		.byte	0
 609 0029 04       		.uleb128 0x4
 610 002a 16       		.uleb128 0x16
 611 002b 00       		.byte	0
 612 002c 03       		.uleb128 0x3
 613 002d 0E       		.uleb128 0xe
 614 002e 3A       		.uleb128 0x3a
 615 002f 0B       		.uleb128 0xb
 616 0030 3B       		.uleb128 0x3b
 617 0031 05       		.uleb128 0x5
 618 0032 49       		.uleb128 0x49
 619 0033 13       		.uleb128 0x13
 620 0034 00       		.byte	0
 621 0035 00       		.byte	0
 622 0036 05       		.uleb128 0x5
 623 0037 35       		.uleb128 0x35
 624 0038 00       		.byte	0
 625 0039 49       		.uleb128 0x49
 626 003a 13       		.uleb128 0x13
 627 003b 00       		.byte	0
ARM GAS  C:\Users\inspiron\AppData\Local\Temp\cc7vbiCu.s 			page 18


 628 003c 00       		.byte	0
 629 003d 06       		.uleb128 0x6
 630 003e 2E       		.uleb128 0x2e
 631 003f 01       		.byte	0x1
 632 0040 03       		.uleb128 0x3
 633 0041 0E       		.uleb128 0xe
 634 0042 3A       		.uleb128 0x3a
 635 0043 0B       		.uleb128 0xb
 636 0044 3B       		.uleb128 0x3b
 637 0045 0B       		.uleb128 0xb
 638 0046 27       		.uleb128 0x27
 639 0047 19       		.uleb128 0x19
 640 0048 11       		.uleb128 0x11
 641 0049 01       		.uleb128 0x1
 642 004a 12       		.uleb128 0x12
 643 004b 06       		.uleb128 0x6
 644 004c 40       		.uleb128 0x40
 645 004d 18       		.uleb128 0x18
 646 004e 9742     		.uleb128 0x2117
 647 0050 19       		.uleb128 0x19
 648 0051 01       		.uleb128 0x1
 649 0052 13       		.uleb128 0x13
 650 0053 00       		.byte	0
 651 0054 00       		.byte	0
 652 0055 07       		.uleb128 0x7
 653 0056 898201   		.uleb128 0x4109
 654 0059 01       		.byte	0x1
 655 005a 11       		.uleb128 0x11
 656 005b 01       		.uleb128 0x1
 657 005c 31       		.uleb128 0x31
 658 005d 13       		.uleb128 0x13
 659 005e 01       		.uleb128 0x1
 660 005f 13       		.uleb128 0x13
 661 0060 00       		.byte	0
 662 0061 00       		.byte	0
 663 0062 08       		.uleb128 0x8
 664 0063 8A8201   		.uleb128 0x410a
 665 0066 00       		.byte	0
 666 0067 02       		.uleb128 0x2
 667 0068 18       		.uleb128 0x18
 668 0069 9142     		.uleb128 0x2111
 669 006b 18       		.uleb128 0x18
 670 006c 00       		.byte	0
 671 006d 00       		.byte	0
 672 006e 09       		.uleb128 0x9
 673 006f 898201   		.uleb128 0x4109
 674 0072 01       		.byte	0x1
 675 0073 11       		.uleb128 0x11
 676 0074 01       		.uleb128 0x1
 677 0075 31       		.uleb128 0x31
 678 0076 13       		.uleb128 0x13
 679 0077 00       		.byte	0
 680 0078 00       		.byte	0
 681 0079 0A       		.uleb128 0xa
 682 007a 2E       		.uleb128 0x2e
 683 007b 01       		.byte	0x1
 684 007c 3F       		.uleb128 0x3f
ARM GAS  C:\Users\inspiron\AppData\Local\Temp\cc7vbiCu.s 			page 19


 685 007d 19       		.uleb128 0x19
 686 007e 03       		.uleb128 0x3
 687 007f 0E       		.uleb128 0xe
 688 0080 3A       		.uleb128 0x3a
 689 0081 0B       		.uleb128 0xb
 690 0082 3B       		.uleb128 0x3b
 691 0083 0B       		.uleb128 0xb
 692 0084 27       		.uleb128 0x27
 693 0085 19       		.uleb128 0x19
 694 0086 11       		.uleb128 0x11
 695 0087 01       		.uleb128 0x1
 696 0088 12       		.uleb128 0x12
 697 0089 06       		.uleb128 0x6
 698 008a 40       		.uleb128 0x40
 699 008b 18       		.uleb128 0x18
 700 008c 9742     		.uleb128 0x2117
 701 008e 19       		.uleb128 0x19
 702 008f 01       		.uleb128 0x1
 703 0090 13       		.uleb128 0x13
 704 0091 00       		.byte	0
 705 0092 00       		.byte	0
 706 0093 0B       		.uleb128 0xb
 707 0094 05       		.uleb128 0x5
 708 0095 00       		.byte	0
 709 0096 03       		.uleb128 0x3
 710 0097 0E       		.uleb128 0xe
 711 0098 3A       		.uleb128 0x3a
 712 0099 0B       		.uleb128 0xb
 713 009a 3B       		.uleb128 0x3b
 714 009b 0B       		.uleb128 0xb
 715 009c 49       		.uleb128 0x49
 716 009d 13       		.uleb128 0x13
 717 009e 02       		.uleb128 0x2
 718 009f 18       		.uleb128 0x18
 719 00a0 00       		.byte	0
 720 00a1 00       		.byte	0
 721 00a2 0C       		.uleb128 0xc
 722 00a3 34       		.uleb128 0x34
 723 00a4 00       		.byte	0
 724 00a5 03       		.uleb128 0x3
 725 00a6 0E       		.uleb128 0xe
 726 00a7 3A       		.uleb128 0x3a
 727 00a8 0B       		.uleb128 0xb
 728 00a9 3B       		.uleb128 0x3b
 729 00aa 0B       		.uleb128 0xb
 730 00ab 49       		.uleb128 0x49
 731 00ac 13       		.uleb128 0x13
 732 00ad 02       		.uleb128 0x2
 733 00ae 17       		.uleb128 0x17
 734 00af 00       		.byte	0
 735 00b0 00       		.byte	0
 736 00b1 0D       		.uleb128 0xd
 737 00b2 2E       		.uleb128 0x2e
 738 00b3 01       		.byte	0x1
 739 00b4 3F       		.uleb128 0x3f
 740 00b5 19       		.uleb128 0x19
 741 00b6 03       		.uleb128 0x3
ARM GAS  C:\Users\inspiron\AppData\Local\Temp\cc7vbiCu.s 			page 20


 742 00b7 0E       		.uleb128 0xe
 743 00b8 3A       		.uleb128 0x3a
 744 00b9 0B       		.uleb128 0xb
 745 00ba 3B       		.uleb128 0x3b
 746 00bb 05       		.uleb128 0x5
 747 00bc 27       		.uleb128 0x27
 748 00bd 19       		.uleb128 0x19
 749 00be 11       		.uleb128 0x11
 750 00bf 01       		.uleb128 0x1
 751 00c0 12       		.uleb128 0x12
 752 00c1 06       		.uleb128 0x6
 753 00c2 40       		.uleb128 0x40
 754 00c3 18       		.uleb128 0x18
 755 00c4 9742     		.uleb128 0x2117
 756 00c6 19       		.uleb128 0x19
 757 00c7 01       		.uleb128 0x1
 758 00c8 13       		.uleb128 0x13
 759 00c9 00       		.byte	0
 760 00ca 00       		.byte	0
 761 00cb 0E       		.uleb128 0xe
 762 00cc 898201   		.uleb128 0x4109
 763 00cf 00       		.byte	0
 764 00d0 11       		.uleb128 0x11
 765 00d1 01       		.uleb128 0x1
 766 00d2 31       		.uleb128 0x31
 767 00d3 13       		.uleb128 0x13
 768 00d4 00       		.byte	0
 769 00d5 00       		.byte	0
 770 00d6 0F       		.uleb128 0xf
 771 00d7 2E       		.uleb128 0x2e
 772 00d8 00       		.byte	0
 773 00d9 3F       		.uleb128 0x3f
 774 00da 19       		.uleb128 0x19
 775 00db 3C       		.uleb128 0x3c
 776 00dc 19       		.uleb128 0x19
 777 00dd 6E       		.uleb128 0x6e
 778 00de 0E       		.uleb128 0xe
 779 00df 03       		.uleb128 0x3
 780 00e0 0E       		.uleb128 0xe
 781 00e1 3A       		.uleb128 0x3a
 782 00e2 0B       		.uleb128 0xb
 783 00e3 3B       		.uleb128 0x3b
 784 00e4 0B       		.uleb128 0xb
 785 00e5 00       		.byte	0
 786 00e6 00       		.byte	0
 787 00e7 00       		.byte	0
 788              		.section	.debug_loc,"",%progbits
 789              	.Ldebug_loc0:
 790              	.LLST0:
 791 0000 04000000 		.4byte	.LVL5
 792 0004 12000000 		.4byte	.LVL7
 793 0008 0100     		.2byte	0x1
 794 000a 53       		.byte	0x53
 795 000b 14000000 		.4byte	.LVL8
 796 000f 1A000000 		.4byte	.LVL9
 797 0013 0100     		.2byte	0x1
 798 0015 53       		.byte	0x53
ARM GAS  C:\Users\inspiron\AppData\Local\Temp\cc7vbiCu.s 			page 21


 799 0016 1A000000 		.4byte	.LVL9
 800 001a 1C000000 		.4byte	.LVL10
 801 001e 0200     		.2byte	0x2
 802 0020 72       		.byte	0x72
 803 0021 00       		.sleb128 0
 804 0022 1C000000 		.4byte	.LVL10
 805 0026 38000000 		.4byte	.LFE6
 806 002a 0100     		.2byte	0x1
 807 002c 53       		.byte	0x53
 808 002d 00000000 		.4byte	0
 809 0031 00000000 		.4byte	0
 810              		.section	.debug_aranges,"",%progbits
 811 0000 34000000 		.4byte	0x34
 812 0004 0200     		.2byte	0x2
 813 0006 00000000 		.4byte	.Ldebug_info0
 814 000a 04       		.byte	0x4
 815 000b 00       		.byte	0
 816 000c 0000     		.2byte	0
 817 000e 0000     		.2byte	0
 818 0010 00000000 		.4byte	.LFB4
 819 0014 A8000000 		.4byte	.LFE4-.LFB4
 820 0018 00000000 		.4byte	.LFB6
 821 001c 38000000 		.4byte	.LFE6-.LFB6
 822 0020 00000000 		.4byte	.LFB5
 823 0024 28000000 		.4byte	.LFE5-.LFB5
 824 0028 A8000000 		.4byte	.LFB7
 825 002c 90000000 		.4byte	.LFE7-.LFB7
 826 0030 00000000 		.4byte	0
 827 0034 00000000 		.4byte	0
 828              		.section	.debug_ranges,"",%progbits
 829              	.Ldebug_ranges0:
 830 0000 00000000 		.4byte	.LFB4
 831 0004 A8000000 		.4byte	.LFE4
 832 0008 00000000 		.4byte	.LFB6
 833 000c 38000000 		.4byte	.LFE6
 834 0010 00000000 		.4byte	.LFB5
 835 0014 28000000 		.4byte	.LFE5
 836 0018 A8000000 		.4byte	.LFB7
 837 001c 38010000 		.4byte	.LFE7
 838 0020 00000000 		.4byte	0
 839 0024 00000000 		.4byte	0
 840              		.section	.debug_line,"",%progbits
 841              	.Ldebug_line0:
 842 0000 CE000000 		.section	.debug_str,"MS",%progbits,1
 842      02006100 
 842      00000201 
 842      FB0E0D00 
 842      01010101 
 843              	.LASF16:
 844 0000 72656733 		.ascii	"reg32\000"
 844      3200
 845              	.LASF18:
 846 0006 416E616C 		.ascii	"AnalogSetDefault\000"
 846      6F675365 
 846      74446566 
 846      61756C74 
 846      00
ARM GAS  C:\Users\inspiron\AppData\Local\Temp\cc7vbiCu.s 			page 22


 847              	.LASF24:
 848 0017 43795379 		.ascii	"CySysClkSetTimerSource\000"
 848      73436C6B 
 848      53657454 
 848      696D6572 
 848      536F7572 
 849              	.LASF22:
 850 002e 4379496E 		.ascii	"CyIntSetVector\000"
 850      74536574 
 850      56656374 
 850      6F7200
 851              	.LASF17:
 852 003d 436C6F63 		.ascii	"ClockSetup\000"
 852      6B536574 
 852      757000
 853              	.LASF6:
 854 0048 73686F72 		.ascii	"short unsigned int\000"
 854      7420756E 
 854      7369676E 
 854      65642069 
 854      6E7400
 855              	.LASF14:
 856 005b 666C6F61 		.ascii	"float\000"
 856      7400
 857              	.LASF4:
 858 0061 756E7369 		.ascii	"unsigned char\000"
 858      676E6564 
 858      20636861 
 858      7200
 859              	.LASF8:
 860 006f 6C6F6E67 		.ascii	"long unsigned int\000"
 860      20756E73 
 860      69676E65 
 860      6420696E 
 860      7400
 861              	.LASF12:
 862 0081 75696E74 		.ascii	"uint8\000"
 862      3800
 863              	.LASF20:
 864 0087 63796669 		.ascii	"cyfitter_cfg\000"
 864      74746572 
 864      5F636667 
 864      00
 865              	.LASF19:
 866 0094 53657441 		.ascii	"SetAnalogRoutingPumps\000"
 866      6E616C6F 
 866      67526F75 
 866      74696E67 
 866      50756D70 
 867              	.LASF15:
 868 00aa 646F7562 		.ascii	"double\000"
 868      6C6500
 869              	.LASF23:
 870 00b1 4379496E 		.ascii	"CyIntEnable\000"
 870      74456E61 
 870      626C6500 
 871              	.LASF13:
ARM GAS  C:\Users\inspiron\AppData\Local\Temp\cc7vbiCu.s 			page 23


 872 00bd 75696E74 		.ascii	"uint32\000"
 872      333200
 873              	.LASF0:
 874 00c4 756E7369 		.ascii	"unsigned int\000"
 874      676E6564 
 874      20696E74 
 874      00
 875              	.LASF9:
 876 00d1 6C6F6E67 		.ascii	"long long unsigned int\000"
 876      206C6F6E 
 876      6720756E 
 876      7369676E 
 876      65642069 
 877              	.LASF27:
 878 00e8 433A5C55 		.ascii	"C:\\Users\\inspiron\\Documents\\PSoC Creator\\Proje"
 878      73657273 
 878      5C696E73 
 878      7069726F 
 878      6E5C446F 
 879 0116 6374735C 		.ascii	"cts\\CE224821_PSoC4_Capsense_Touchpad_Gestures_CSD0"
 879      43453232 
 879      34383231 
 879      5F50536F 
 879      43345F43 
 880 0148 315C4345 		.ascii	"1\\CE224821_PSoC4_Capsense_Touchpad_Gestures_CSD01."
 880      32323438 
 880      32315F50 
 880      536F4334 
 880      5F436170 
 881 017a 63796473 		.ascii	"cydsn\000"
 881      6E00
 882              	.LASF10:
 883 0180 73697A65 		.ascii	"sizetype\000"
 883      74797065 
 883      00
 884              	.LASF1:
 885 0189 6C6F6E67 		.ascii	"long long int\000"
 885      206C6F6E 
 885      6720696E 
 885      7400
 886              	.LASF11:
 887 0197 63686172 		.ascii	"char\000"
 887      00
 888              	.LASF28:
 889 019c 656E6162 		.ascii	"enabled\000"
 889      6C656400 
 890              	.LASF5:
 891 01a4 73686F72 		.ascii	"short int\000"
 891      7420696E 
 891      7400
 892              	.LASF21:
 893 01ae 43795379 		.ascii	"CySysClkWriteImoFreq\000"
 893      73436C6B 
 893      57726974 
 893      65496D6F 
 893      46726571 
 894              	.LASF7:
ARM GAS  C:\Users\inspiron\AppData\Local\Temp\cc7vbiCu.s 			page 24


 895 01c3 6C6F6E67 		.ascii	"long int\000"
 895      20696E74 
 895      00
 896              	.LASF2:
 897 01cc 6C6F6E67 		.ascii	"long double\000"
 897      20646F75 
 897      626C6500 
 898              	.LASF25:
 899 01d8 474E5520 		.ascii	"GNU C11 5.4.1 20160609 (release) [ARM/embedded-5-br"
 899      43313120 
 899      352E342E 
 899      31203230 
 899      31363036 
 900 020b 616E6368 		.ascii	"anch revision 237715] -mcpu=cortex-m0plus -mthumb -"
 900      20726576 
 900      6973696F 
 900      6E203233 
 900      37373135 
 901 023e 67202D4F 		.ascii	"g -Og -ffunction-sections -ffat-lto-objects\000"
 901      67202D66 
 901      66756E63 
 901      74696F6E 
 901      2D736563 
 902              	.LASF3:
 903 026a 7369676E 		.ascii	"signed char\000"
 903      65642063 
 903      68617200 
 904              	.LASF26:
 905 0276 47656E65 		.ascii	"Generated_Source\\PSoC4\\cyfitter_cfg.c\000"
 905      72617465 
 905      645F536F 
 905      75726365 
 905      5C50536F 
 906              	.LASF29:
 907 029c 72656756 		.ascii	"regValue\000"
 907      616C7565 
 907      00
 908              		.ident	"GCC: (GNU Tools for ARM Embedded Processors) 5.4.1 20160609 (release) [ARM/embedded-5-bran
