Archive member included to satisfy reference by file (symbol)

.\CortexM0p\ARM_GCC_541\Debug\CE224821_PSoC4_Capsense_Touchpad_Gestures_CSD01.a(CapSense_Control.o)
                              .\CortexM0p\ARM_GCC_541\Debug\main.o (CapSense_Start)
.\CortexM0p\ARM_GCC_541\Debug\CE224821_PSoC4_Capsense_Touchpad_Gestures_CSD01.a(CapSense_Processing.o)
                              .\CortexM0p\ARM_GCC_541\Debug\CE224821_PSoC4_Capsense_Touchpad_Gestures_CSD01.a(CapSense_Control.o) (CapSense_DpInitialize)
.\CortexM0p\ARM_GCC_541\Debug\CE224821_PSoC4_Capsense_Touchpad_Gestures_CSD01.a(CapSense_Structure.o)
                              .\CortexM0p\ARM_GCC_541\Debug\CE224821_PSoC4_Capsense_Touchpad_Gestures_CSD01.a(CapSense_Control.o) (CapSense_DsInitialize)
.\CortexM0p\ARM_GCC_541\Debug\CE224821_PSoC4_Capsense_Touchpad_Gestures_CSD01.a(CapSense_Tuner.o)
                              .\CortexM0p\ARM_GCC_541\Debug\CE224821_PSoC4_Capsense_Touchpad_Gestures_CSD01.a(CapSense_Control.o) (CapSense_TuInitialize)
.\CortexM0p\ARM_GCC_541\Debug\CE224821_PSoC4_Capsense_Touchpad_Gestures_CSD01.a(CapSense_Filter.o)
                              .\CortexM0p\ARM_GCC_541\Debug\CE224821_PSoC4_Capsense_Touchpad_Gestures_CSD01.a(CapSense_Control.o) (CapSense_FtInitialize)
.\CortexM0p\ARM_GCC_541\Debug\CE224821_PSoC4_Capsense_Touchpad_Gestures_CSD01.a(CapSense_Sensing.o)
                              .\CortexM0p\ARM_GCC_541\Debug\main.o (CapSense_IsBusy)
.\CortexM0p\ARM_GCC_541\Debug\CE224821_PSoC4_Capsense_Touchpad_Gestures_CSD01.a(CapSense_SensingCSD_LL.o)
                              .\CortexM0p\ARM_GCC_541\Debug\CE224821_PSoC4_Capsense_Touchpad_Gestures_CSD01.a(CapSense_Sensing.o) (CapSense_SsCSDInitialize)
.\CortexM0p\ARM_GCC_541\Debug\CE224821_PSoC4_Capsense_Touchpad_Gestures_CSD01.a(CapSense_Centroid_LL.o)
                              .\CortexM0p\ARM_GCC_541\Debug\CE224821_PSoC4_Capsense_Touchpad_Gestures_CSD01.a(CapSense_Processing.o) (CapSense_DpFindLocalMaxSd)
.\CortexM0p\ARM_GCC_541\Debug\CE224821_PSoC4_Capsense_Touchpad_Gestures_CSD01.a(CapSense_Gesture.o)
                              .\CortexM0p\ARM_GCC_541\Debug\CE224821_PSoC4_Capsense_Touchpad_Gestures_CSD01.a(CapSense_Control.o) (CapSense_InitializeGestures)
.\CortexM0p\ARM_GCC_541\Debug\CE224821_PSoC4_Capsense_Touchpad_Gestures_CSD01.a(Red_LED.o)
                              .\CortexM0p\ARM_GCC_541\Debug\main.o (Red_LED_Write)
.\CortexM0p\ARM_GCC_541\Debug\CE224821_PSoC4_Capsense_Touchpad_Gestures_CSD01.a(EZI2C.o)
                              .\CortexM0p\ARM_GCC_541\Debug\main.o (EZI2C_Start)
.\CortexM0p\ARM_GCC_541\Debug\CE224821_PSoC4_Capsense_Touchpad_Gestures_CSD01.a(EZI2C_EZI2C.o)
                              .\CortexM0p\ARM_GCC_541\Debug\CE224821_PSoC4_Capsense_Touchpad_Gestures_CSD01.a(EZI2C.o) (EZI2C_EzI2CInit)
.\CortexM0p\ARM_GCC_541\Debug\CE224821_PSoC4_Capsense_Touchpad_Gestures_CSD01.a(EZI2C_EZI2C_INT.o)
                              .\CortexM0p\ARM_GCC_541\Debug\CE224821_PSoC4_Capsense_Touchpad_Gestures_CSD01.a(EZI2C_EZI2C.o) (EZI2C_EZI2C_STRETCH_ISR)
.\CortexM0p\ARM_GCC_541\Debug\CE224821_PSoC4_Capsense_Touchpad_Gestures_CSD01.a(PWM_Green.o)
                              .\CortexM0p\ARM_GCC_541\Debug\main.o (PWM_Green_WriteCompare)
.\CortexM0p\ARM_GCC_541\Debug\CE224821_PSoC4_Capsense_Touchpad_Gestures_CSD01.a(PWM_Blue.o)
                              .\CortexM0p\ARM_GCC_541\Debug\main.o (PWM_Blue_WriteCompare)
.\CortexM0p\ARM_GCC_541\Debug\CE224821_PSoC4_Capsense_Touchpad_Gestures_CSD01.a(CapSense_ISR.o)
                              .\CortexM0p\ARM_GCC_541\Debug\CE224821_PSoC4_Capsense_Touchpad_Gestures_CSD01.a(CapSense_Sensing.o) (CapSense_ISR_StartEx)
.\CortexM0p\ARM_GCC_541\Debug\CE224821_PSoC4_Capsense_Touchpad_Gestures_CSD01.a(CapSense_TMG.o)
                              .\CortexM0p\ARM_GCC_541\Debug\CE224821_PSoC4_Capsense_Touchpad_Gestures_CSD01.a(CapSense_Gesture.o) (CapSense_TMG_DecodeAllGestures)
.\CortexM0p\ARM_GCC_541\Debug\CE224821_PSoC4_Capsense_Touchpad_Gestures_CSD01.a(CyLib.o)
                              .\CortexM0p\ARM_GCC_541\Debug\cyfitter_cfg.o (CyIntEnable)
.\CortexM0p\ARM_GCC_541\Debug\CE224821_PSoC4_Capsense_Touchpad_Gestures_CSD01.a(CyLFClk.o)
                              .\CortexM0p\ARM_GCC_541\Debug\CE224821_PSoC4_Capsense_Touchpad_Gestures_CSD01.a(CyLib.o) (CySysClkWcoEnabled)
.\CortexM0p\ARM_GCC_541\Debug\CE224821_PSoC4_Capsense_Touchpad_Gestures_CSD01.a(CyBootAsmGnu.o)
                              .\CortexM0p\ARM_GCC_541\Debug\CE224821_PSoC4_Capsense_Touchpad_Gestures_CSD01.a(CyLib.o) (CyDelayCycles)
.\CortexM0p\ARM_GCC_541\Debug\CE224821_PSoC4_Capsense_Touchpad_Gestures_CSD01.a(CapSense_INT.o)
                              .\CortexM0p\ARM_GCC_541\Debug\CE224821_PSoC4_Capsense_Touchpad_Gestures_CSD01.a(CapSense_SensingCSD_LL.o) (CapSense_CSDPostSingleScan)
.\CortexM0p\ARM_GCC_541\Debug\CE224821_PSoC4_Capsense_Touchpad_Gestures_CSD01.a(CyFlash.o)
[...]
Memory Configuration

Name             Origin             Length             Attributes
rom              0x00000000         0x00010000         xr
ram              0x20000000         0x00002000         xrw
*default*        0x00000000         0xffffffff

Linker script and memory map

LOAD c:/program files (x86)/cypress/psoc creator/4.4/psoc creator/import/gnu/arm/5.4.1/bin/../lib/gcc/arm-none-eabi/5.4.1/armv6-m/crti.o
LOAD c:/program files (x86)/cypress/psoc creator/4.4/psoc creator/import/gnu/arm/5.4.1/bin/../lib/gcc/arm-none-eabi/5.4.1/armv6-m/crtbegin.o
LOAD c:/program files (x86)/cypress/psoc creator/4.4/psoc creator/import/gnu/arm/5.4.1/bin/../lib/gcc/arm-none-eabi/5.4.1/../../../../arm-none-eabi/lib/armv6-m/crt0.o
START GROUP
LOAD .\CortexM0p\ARM_GCC_541\Debug\main.o
LOAD .\CortexM0p\ARM_GCC_541\Debug\cyfitter_cfg.o
LOAD .\CortexM0p\ARM_GCC_541\Debug\cymetadata.o
LOAD .\CortexM0p\ARM_GCC_541\Debug\Cm0plusStart.o
LOAD .\CortexM0p\ARM_GCC_541\Debug\CE224821_PSoC4_Capsense_Touchpad_Gestures_CSD01.a
LOAD C:\Program Files (x86)\Cypress\PSoC Creator\4.4\PSoC Creator\psoc\content\CyComponentLibrary\CyComponentLibrary.cylib\CapSense_P4_v7_0\PSoC4\Library\Capsense_P4Library_GCCp.a
LOAD C:\Program Files (x86)\Cypress\PSoC Creator\4.4\PSoC Creator\psoc\content\CyComponentLibrary\CyComponentLibrary.cylib\CapSense_TMG_v2_0\Library\Ballistic_GCC_M0p.a
LOAD C:\Program Files (x86)\Cypress\PSoC Creator\4.4\PSoC Creator\psoc\content\CyComponentLibrary\CyComponentLibrary.cylib\CapSense_TMG_v2_0\Library\Gestures_GCC_M0p.a
END GROUP
START GROUP
LOAD c:/program files (x86)/cypress/psoc creator/4.4/psoc creator/import/gnu/arm/5.4.1/bin/../lib/gcc/arm-none-eabi/5.4.1/armv6-m\libgcc.a
LOAD c:/program files (x86)/cypress/psoc creator/4.4/psoc creator/import/gnu/arm/5.4.1/bin/../lib/gcc/arm-none-eabi/5.4.1/../../../../arm-none-eabi/lib/armv6-m\libg_nano.a
LOAD c:/program files (x86)/cypress/psoc creator/4.4/psoc creator/import/gnu/arm/5.4.1/bin/../lib/gcc/arm-none-eabi/5.4.1/../../../../arm-none-eabi/lib/armv6-m\libc_nano.a
END GROUP
START GROUP
LOAD c:/program files (x86)/cypress/psoc creator/4.4/psoc creator/import/gnu/arm/5.4.1/bin/../lib/gcc/arm-none-eabi/5.4.1/armv6-m\libgcc.a
LOAD c:/program files (x86)/cypress/psoc creator/4.4/psoc creator/import/gnu/arm/5.4.1/bin/../lib/gcc/arm-none-eabi/5.4.1/../../../../arm-none-eabi/lib/armv6-m\libc_nano.a
END GROUP
LOAD c:/program files (x86)/cypress/psoc creator/4.4/psoc creator/import/gnu/arm/5.4.1/bin/../lib/gcc/arm-none-eabi/5.4.1/armv6-m/crtend.o
LOAD c:/program files (x86)/cypress/psoc creator/4.4/psoc creator/import/gnu/arm/5.4.1/bin/../lib/gcc/arm-none-eabi/5.4.1/armv6-m/crtn.o
START GROUP
LOAD c:/program files (x86)/cypress/psoc creator/4.4/psoc creator/import/gnu/arm/5.4.1/bin/../lib/gcc/arm-none-eabi/5.4.1/armv6-m\libgcc.a
LOAD c:/program files (x86)/cypress/psoc creator/4.4/psoc creator/import/gnu/arm/5.4.1/bin/../lib/gcc/arm-none-eabi/5.4.1/../../../../arm-none-eabi/lib/armv6-m\libc.a
LOAD c:/program files (x86)/cypress/psoc creator/4.4/psoc creator/import/gnu/arm/5.4.1/bin/../lib/gcc/arm-none-eabi/5.4.1/../../../../arm-none-eabi/lib/armv6-m\libnosys.a
END GROUP
                0x00000000                CY_APPL_ORIGIN = 0x0
                0x00000080                CY_FLASH_ROW_SIZE = 0x80
                0x00000001                CY_APPL_NUM = 0x1
                0x00000001                CY_APPL_MAX = 0x1
                0x00000040                CY_METADATA_SIZE = 0x40
                0x00000000                CY_APPL_LOADABLE = 0x0
                0x00000000                CY_CHECKSUM_EXCLUDE_SIZE = ALIGN (0x0, CY_FLASH_ROW_SIZE)
                0x00000000                CY_APP_FOR_STACK_AND_COPIER = 0x0
                [!provide]                PROVIDE (__cy_heap_start, _end)
                0x00000001                PROVIDE (__cy_region_num, ((__cy_regions_end - __cy_regions) / 0x10))
                0x20002000                PROVIDE (__cy_stack, (ORIGIN (ram) + LENGTH (ram)))
                [!provide]                PROVIDE (__cy_heap_end, (__cy_stack - 0x800))

.cybootloader   0x00000000        0x0
 *(.cybootloader)
                0x00000000                appl1_start = CY_APPL_ORIGIN?CY_APPL_ORIGIN:ALIGN (CY_FLASH_ROW_SIZE)
                0x00007f80                appl2_start = (appl1_start + ALIGN ((((LENGTH (rom) - appl1_start) - (0x2 * CY_FLASH_ROW_SIZE)) / 0x2), CY_FLASH_ROW_SIZE))
                0x00000000                appl_start = (CY_APPL_NUM == 0x1)?appl1_start:appl2_start
                0x00000001                cy_project_type_bootloader = (appl_start == 0x0)?0x1:0x0
                0x00000000                cy_project_type_app_for_stack_and_copier = (CY_APP_FOR_STACK_AND_COPIER == 0x1)?0x1:0x0

.text           0x00000000     0x42aa
 CREATE_OBJECT_SYMBOLS
                0x00000000                PROVIDE (__cy_interrupt_vector, RomVectors)
 *(.romvectors)
 .romvectors    0x00000000       0x10 .\CortexM0p\ARM_GCC_541\Debug\Cm0plusStart.o
                0x00000000                RomVectors
                0x00000001                ASSERT ((. != __cy_interrupt_vector), No interrupt vector)
                0x00000001                ASSERT (CY_APPL_ORIGIN?(SIZEOF (.cybootloader) <= CY_APPL_ORIGIN):0x1, Wrong image location)
                0x00000010                PROVIDE (__cy_reset, Reset)
 *(.text.Reset)
 .text.Reset    0x00000010        0xc .\CortexM0p\ARM_GCC_541\Debug\Cm0plusStart.o
                0x00000010                Reset
                0x00000001                ASSERT ((. != __cy_reset), No reset code)
 *(.psocinit)
 .psocinit      0x0000001c      0x138 .\CortexM0p\ARM_GCC_541\Debug\cyfitter_cfg.o
                0x000000c4                cyfitter_cfg
                0x00000154                . = MAX (., 0x100)
 *(.text .text.* .gnu.linkonce.t.*)
 .text          0x00000154       0x60 c:/program files (x86)/cypress/psoc creator/4.4/psoc creator/import/gnu/arm/5.4.1/bin/../lib/gcc/arm-none-eabi/5.4.1/armv6-m/crtbegin.o
 .text.main     0x000001b4      0x108 .\CortexM0p\ARM_GCC_541\Debug\main.o
                0x000001b4                main
 .text.SetAnalogRoutingPumps
                0x000002bc       0x38 .\CortexM0p\ARM_GCC_541\Debug\cyfitter_cfg.o
                0x000002bc                SetAnalogRoutingPumps
 .text.AnalogSetDefault
                0x000002f4       0x28 .\CortexM0p\ARM_GCC_541\Debug\cyfitter_cfg.o
 .text.IntDefaultHandler
                0x0000031c       0x10 .\CortexM0p\ARM_GCC_541\Debug\Cm0plusStart.o
                0x0000031c                IntDefaultHandler
 .text.Start_c  0x0000032c       0x48 .\CortexM0p\ARM_GCC_541\Debug\Cm0plusStart.o
                0x0000032c                Start_c
 .text.initialize_psoc
                0x00000374       0x40 .\CortexM0p\ARM_GCC_541\Debug\Cm0plusStart.o
                0x00000374                initialize_psoc
 .text.CapSense_Initialize
                0x000003b4       0x28 .\CortexM0p\ARM_GCC_541\Debug\CE224821_PSoC4_Capsense_Touchpad_Gestures_CSD01.a(CapSense_Control.o)
                0x000003b4                CapSense_Initialize
 .text.CapSense_Start
                0x000003dc       0x50 .\CortexM0p\ARM_GCC_541\Debug\CE224821_PSoC4_Capsense_Touchpad_Gestures_CSD01.a(CapSense_Control.o)
                0x000003dc                CapSense_Start
 .text.CapSense_ProcessAllWidgets
                0x0000042c       0x44 .\CortexM0p\ARM_GCC_541\Debug\CE224821_PSoC4_Capsense_Touchpad_Gestures_CSD01.a(CapSense_Control.o)
                0x0000042c                CapSense_ProcessAllWidgets
 .text.CapSense_DpInitialize
                0x00000470       0x74 .\CortexM0p\ARM_GCC_541\Debug\CE224821_PSoC4_Capsense_Touchpad_Gestures_CSD01.a(CapSense_Processing.o)
                0x00000470                CapSense_DpInitialize
 .text.CapSense_DpUpdateDifferences
                0x000004e4       0x18 .\CortexM0p\ARM_GCC_541\Debug\CE224821_PSoC4_Capsense_Touchpad_Gestures_CSD01.a(CapSense_Processing.o)
                0x000004e4                CapSense_DpUpdateDifferences
 .text.CapSense_DpProcessCsdWidgetRawCounts
                0x000004fc       0x3c .\CortexM0p\ARM_GCC_541\Debug\CE224821_PSoC4_Capsense_Touchpad_Gestures_CSD01.a(CapSense_Processing.o)
                0x000004fc                CapSense_DpProcessCsdWidgetRawCounts
 .text.CapSense_DpProcessCsdTouchpad
                0x00000538      0x198 .\CortexM0p\ARM_GCC_541\Debug\CE224821_PSoC4_Capsense_Touchpad_Gestures_CSD01.a(CapSense_Processing.o)
                0x00000538                CapSense_DpProcessCsdTouchpad
 .text.CapSense_DpProcessCsdWidgetStatus
                0x000006d0       0x60 .\CortexM0p\ARM_GCC_541\Debug\CE224821_PSoC4_Capsense_Touchpad_Gestures_CSD01.a(CapSense_Processing.o)
                0x000006d0                CapSense_DpProcessCsdWidgetStatus
 .text.CapSense_DsInitialize
                0x00000730       0x8c .\CortexM0p\ARM_GCC_541\Debug\CE224821_PSoC4_Capsense_Touchpad_Gestures_CSD01.a(CapSense_Structure.o)
                0x00000730                CapSense_DsInitialize
 .text.CapSense_GetXYCoordinates
                0x000007bc       0x40 .\CortexM0p\ARM_GCC_541\Debug\CE224821_PSoC4_Capsense_Touchpad_Gestures_CSD01.a(CapSense_Structure.o)
                0x000007bc                CapSense_GetXYCoordinates
 .text.CapSense_TuInitialize
                0x000007fc       0x14 .\CortexM0p\ARM_GCC_541\Debug\CE224821_PSoC4_Capsense_Touchpad_Gestures_CSD01.a(CapSense_Tuner.o)
                0x000007fc                CapSense_TuInitialize
 .text.CapSense_RunTuner
                0x00000810      0x11c .\CortexM0p\ARM_GCC_541\Debug\CE224821_PSoC4_Capsense_Touchpad_Gestures_CSD01.a(CapSense_Tuner.o)
                0x00000810                CapSense_RunTuner
 .text.CapSense_FtInitialize
                0x0000092c        0x4 .\CortexM0p\ARM_GCC_541\Debug\CE224821_PSoC4_Capsense_Touchpad_Gestures_CSD01.a(CapSense_Filter.o)
                0x0000092c                CapSense_FtInitialize
 .text.CapSense_FtInitializeBaselineChannel
                0x00000930       0x20 .\CortexM0p\ARM_GCC_541\Debug\CE224821_PSoC4_Capsense_Touchpad_Gestures_CSD01.a(CapSense_Filter.o)
                0x00000930                CapSense_FtInitializeBaselineChannel
 .text.CapSense_FtInitializeBaseline
                0x00000950       0x20 .\CortexM0p\ARM_GCC_541\Debug\CE224821_PSoC4_Capsense_Touchpad_Gestures_CSD01.a(CapSense_Filter.o)
                0x00000950                CapSense_FtInitializeBaseline
 .text.CapSense_InitializeSensorBaseline
                0x00000970       0x24 .\CortexM0p\ARM_GCC_541\Debug\CE224821_PSoC4_Capsense_Touchpad_Gestures_CSD01.a(CapSense_Filter.o)
                0x00000970                CapSense_InitializeSensorBaseline
 .text.CapSense_InitializeWidgetBaseline
                0x00000994       0x28 .\CortexM0p\ARM_GCC_541\Debug\CE224821_PSoC4_Capsense_Touchpad_Gestures_CSD01.a(CapSense_Filter.o)
                0x00000994                CapSense_InitializeWidgetBaseline
 .text.CapSense_InitializeAllBaselines
                0x000009bc       0x18 .\CortexM0p\ARM_GCC_541\Debug\CE224821_PSoC4_Capsense_Touchpad_Gestures_CSD01.a(CapSense_Filter.o)
                0x000009bc                CapSense_InitializeAllBaselines
 .text.CapSense_FtIIR1stOrder
                0x000009d4       0x14 .\CortexM0p\ARM_GCC_541\Debug\CE224821_PSoC4_Capsense_Touchpad_Gestures_CSD01.a(CapSense_Filter.o)
                0x000009d4                CapSense_FtIIR1stOrder
 .text.CapSense_FtUpdateBaseline
                0x000009e8       0xa0 .\CortexM0p\ARM_GCC_541\Debug\CE224821_PSoC4_Capsense_Touchpad_Gestures_CSD01.a(CapSense_Filter.o)
                0x000009e8                CapSense_FtUpdateBaseline
 .text.CapSense_FtJitter
                0x00000a88       0x10 .\CortexM0p\ARM_GCC_541\Debug\CE224821_PSoC4_Capsense_Touchpad_Gestures_CSD01.a(CapSense_Filter.o)
                0x00000a88                CapSense_FtJitter
 .text.CapSense_SsCalcLfsrSize
                0x00000a98       0x84 .\CortexM0p\ARM_GCC_541\Debug\CE224821_PSoC4_Capsense_Touchpad_Gestures_CSD01.a(CapSense_Sensing.o)
 .text.CapSense_SsCalcLfsrScale
                0x00000b1c       0x44 .\CortexM0p\ARM_GCC_541\Debug\CE224821_PSoC4_Capsense_Touchpad_Gestures_CSD01.a(CapSense_Sensing.o)
 .text.CapSense_IsBusy
                0x00000b60       0x10 .\CortexM0p\ARM_GCC_541\Debug\CE224821_PSoC4_Capsense_Touchpad_Gestures_CSD01.a(CapSense_Sensing.o)
                0x00000b60                CapSense_IsBusy
 .text.CapSense_SetupWidget
                0x00000b70       0x40 .\CortexM0p\ARM_GCC_541\Debug\CE224821_PSoC4_Capsense_Touchpad_Gestures_CSD01.a(CapSense_Sensing.o)
                0x00000b70                CapSense_SetupWidget
 .text.CapSense_Scan
                0x00000bb0       0x2c .\CortexM0p\ARM_GCC_541\Debug\CE224821_PSoC4_Capsense_Touchpad_Gestures_CSD01.a(CapSense_Sensing.o)
                0x00000bb0                CapSense_Scan
 .text.CapSense_ScanAllWidgets
                0x00000bdc       0x3c .\CortexM0p\ARM_GCC_541\Debug\CE224821_PSoC4_Capsense_Touchpad_Gestures_CSD01.a(CapSense_Sensing.o)
                0x00000bdc                CapSense_ScanAllWidgets
 .text.CapSense_SsSetAllIOsState
                0x00000c18       0x80 .\CortexM0p\ARM_GCC_541\Debug\CE224821_PSoC4_Capsense_Touchpad_Gestures_CSD01.a(CapSense_Sensing.o)
                0x00000c18                CapSense_SsSetAllIOsState
 .text.CapSense_SsPostAllWidgetsScan
                0x00000c98        0x4 .\CortexM0p\ARM_GCC_541\Debug\CE224821_PSoC4_Capsense_Touchpad_Gestures_CSD01.a(CapSense_Sensing.o)
                0x00000c98                CapSense_SsPostAllWidgetsScan
 .text.CapSense_SsSetModClkClockDivider
                0x00000c9c       0x30 .\CortexM0p\ARM_GCC_541\Debug\CE224821_PSoC4_Capsense_Touchpad_Gestures_CSD01.a(CapSense_Sensing.o)
                0x00000c9c                CapSense_SsSetModClkClockDivider
 .text.CapSense_CalibrateWidget
                0x00000ccc       0x1c .\CortexM0p\ARM_GCC_541\Debug\CE224821_PSoC4_Capsense_Touchpad_Gestures_CSD01.a(CapSense_Sensing.o)
                0x00000ccc                CapSense_CalibrateWidget
 .text.CapSense_CalibrateAllWidgets
                0x00000ce8       0x1c .\CortexM0p\ARM_GCC_541\Debug\CE224821_PSoC4_Capsense_Touchpad_Gestures_CSD01.a(CapSense_Sensing.o)
                0x00000ce8                CapSense_CalibrateAllWidgets
 .text.CapSense_SsCSDGetColSnsClkDivider
                0x00000d04       0x14 .\CortexM0p\ARM_GCC_541\Debug\CE224821_PSoC4_Capsense_Touchpad_Gestures_CSD01.a(CapSense_Sensing.o)
                0x00000d04                CapSense_SsCSDGetColSnsClkDivider
 .text.CapSense_SsCSDGetRowSnsClkDivider
                0x00000d18       0x14 .\CortexM0p\ARM_GCC_541\Debug\CE224821_PSoC4_Capsense_Touchpad_Gestures_CSD01.a(CapSense_Sensing.o)
                0x00000d18                CapSense_SsCSDGetRowSnsClkDivider
 .text.CapSense_SsCSDCalcPrsSize
                0x00000d2c       0x24 .\CortexM0p\ARM_GCC_541\Debug\CE224821_PSoC4_Capsense_Touchpad_Gestures_CSD01.a(CapSense_Sensing.o)
                0x00000d2c                CapSense_SsCSDCalcPrsSize
 .text.CapSense_SsSetWidgetSenseClkSrc
                0x00000d50       0x84 .\CortexM0p\ARM_GCC_541\Debug\CE224821_PSoC4_Capsense_Touchpad_Gestures_CSD01.a(CapSense_Sensing.o)
 .text.CapSense_SsInitializeSourceSenseClk
                0x00000dd4       0x24 .\CortexM0p\ARM_GCC_541\Debug\CE224821_PSoC4_Capsense_Touchpad_Gestures_CSD01.a(CapSense_Sensing.o)
                0x00000dd4                CapSense_SsInitializeSourceSenseClk
 .text.CapSense_DischargeExtCapacitors
                0x00000df8       0xc0 .\CortexM0p\ARM_GCC_541\Debug\CE224821_PSoC4_Capsense_Touchpad_Gestures_CSD01.a(CapSense_Sensing.o)
                0x00000df8                CapSense_DischargeExtCapacitors
 .text.CapSense_WriteBitsSafe
                0x00000eb8       0x1c .\CortexM0p\ARM_GCC_541\Debug\CE224821_PSoC4_Capsense_Touchpad_Gestures_CSD01.a(CapSense_Sensing.o)
                0x00000eb8                CapSense_WriteBitsSafe
 .text.CapSense_SsCSDDisableMode
                0x00000ed4       0x24 .\CortexM0p\ARM_GCC_541\Debug\CE224821_PSoC4_Capsense_Touchpad_Gestures_CSD01.a(CapSense_Sensing.o)
 .text.CapSense_SsSwitchSensingMode
                0x00000ef8       0x3c .\CortexM0p\ARM_GCC_541\Debug\CE224821_PSoC4_Capsense_Touchpad_Gestures_CSD01.a(CapSense_Sensing.o)
                0x00000ef8                CapSense_SsSwitchSensingMode
 .text.CapSense_SsInitialize
                0x00000f34       0x2c .\CortexM0p\ARM_GCC_541\Debug\CE224821_PSoC4_Capsense_Touchpad_Gestures_CSD01.a(CapSense_Sensing.o)
                0x00000f34                CapSense_SsInitialize
 .text.CapSense_SsCSDSetModeSnsClockDivider
                0x00000f60       0x10 .\CortexM0p\ARM_GCC_541\Debug\CE224821_PSoC4_Capsense_Touchpad_Gestures_CSD01.a(CapSense_SensingCSD_LL.o)
 .text.CapSense_SsCSDSetFilterDelay
                0x00000f70       0x54 .\CortexM0p\ARM_GCC_541\Debug\CE224821_PSoC4_Capsense_Touchpad_Gestures_CSD01.a(CapSense_SensingCSD_LL.o)
 .text.CapSense_SsCSDConfigIDACs
                0x00000fc4       0x1c .\CortexM0p\ARM_GCC_541\Debug\CE224821_PSoC4_Capsense_Touchpad_Gestures_CSD01.a(CapSense_SensingCSD_LL.o)
 .text.CapSense_SsCSDCalibrateCheck
                0x00000fe0       0x9c .\CortexM0p\ARM_GCC_541\Debug\CE224821_PSoC4_Capsense_Touchpad_Gestures_CSD01.a(CapSense_SensingCSD_LL.o)
 .text.CapSense_SsCSDSwitchIdacGain
                0x0000107c       0xbc .\CortexM0p\ARM_GCC_541\Debug\CE224821_PSoC4_Capsense_Touchpad_Gestures_CSD01.a(CapSense_SensingCSD_LL.o)
 .text.CapSense_SsCSDNormalizeIdac
                0x00001138      0x18c .\CortexM0p\ARM_GCC_541\Debug\CE224821_PSoC4_Capsense_Touchpad_Gestures_CSD01.a(CapSense_SensingCSD_LL.o)
 .text.CapSense_SsCSDInitialize
                0x000012c4      0x140 .\CortexM0p\ARM_GCC_541\Debug\CE224821_PSoC4_Capsense_Touchpad_Gestures_CSD01.a(CapSense_SensingCSD_LL.o)
                0x000012c4                CapSense_SsCSDInitialize
 .text.CapSense_SsCSDSetUpIdacs
                0x00001404       0x98 .\CortexM0p\ARM_GCC_541\Debug\CE224821_PSoC4_Capsense_Touchpad_Gestures_CSD01.a(CapSense_SensingCSD_LL.o)
                0x00001404                CapSense_SsCSDSetUpIdacs
 .text.CapSense_SsCSDGetNumberOfConversions
                0x0000149c       0x2c .\CortexM0p\ARM_GCC_541\Debug\CE224821_PSoC4_Capsense_Touchpad_Gestures_CSD01.a(CapSense_SensingCSD_LL.o)
                0x0000149c                CapSense_SsCSDGetNumberOfConversions
 .text.CapSense_SsCSDConfigClock
                0x000014c8       0x74 .\CortexM0p\ARM_GCC_541\Debug\CE224821_PSoC4_Capsense_Touchpad_Gestures_CSD01.a(CapSense_SensingCSD_LL.o)
                0x000014c8                CapSense_SsCSDConfigClock
 .text.CapSense_SsCSDCalculateScanDuration
                0x0000153c       0x44 .\CortexM0p\ARM_GCC_541\Debug\CE224821_PSoC4_Capsense_Touchpad_Gestures_CSD01.a(CapSense_SensingCSD_LL.o)
                0x0000153c                CapSense_SsCSDCalculateScanDuration
 .text.CapSense_SsCSDStartSample
                0x00001580       0xf4 .\CortexM0p\ARM_GCC_541\Debug\CE224821_PSoC4_Capsense_Touchpad_Gestures_CSD01.a(CapSense_SensingCSD_LL.o)
                0x00001580                CapSense_SsCSDStartSample
 .text.CapSense_CSDScanExt
                0x00001674       0x40 .\CortexM0p\ARM_GCC_541\Debug\CE224821_PSoC4_Capsense_Touchpad_Gestures_CSD01.a(CapSense_SensingCSD_LL.o)
                0x00001674                CapSense_CSDScanExt
 .text.CapSense_CSDConnectSns
                0x000016b4       0x34 .\CortexM0p\ARM_GCC_541\Debug\CE224821_PSoC4_Capsense_Touchpad_Gestures_CSD01.a(CapSense_SensingCSD_LL.o)
                0x000016b4                CapSense_CSDConnectSns
 .text.CapSense_CSDScan
                0x000016e8       0xac .\CortexM0p\ARM_GCC_541\Debug\CE224821_PSoC4_Capsense_Touchpad_Gestures_CSD01.a(CapSense_SensingCSD_LL.o)
                0x000016e8                CapSense_CSDScan
 .text.CapSense_SsCSDConnectSensorExt
                0x00001794       0x24 .\CortexM0p\ARM_GCC_541\Debug\CE224821_PSoC4_Capsense_Touchpad_Gestures_CSD01.a(CapSense_SensingCSD_LL.o)
                0x00001794                CapSense_SsCSDConnectSensorExt
 .text.CapSense_CSDDisconnectSns
                0x000017b8       0x64 .\CortexM0p\ARM_GCC_541\Debug\CE224821_PSoC4_Capsense_Touchpad_Gestures_CSD01.a(CapSense_SensingCSD_LL.o)
                0x000017b8                CapSense_CSDDisconnectSns
 .text.CapSense_SsCSDElectrodeCheck
                0x0000181c       0x24 .\CortexM0p\ARM_GCC_541\Debug\CE224821_PSoC4_Capsense_Touchpad_Gestures_CSD01.a(CapSense_SensingCSD_LL.o)
                0x0000181c                CapSense_SsCSDElectrodeCheck
 .text.CapSense_CSDSetupWidget
                0x00001840       0x54 .\CortexM0p\ARM_GCC_541\Debug\CE224821_PSoC4_Capsense_Touchpad_Gestures_CSD01.a(CapSense_SensingCSD_LL.o)
                0x00001840                CapSense_CSDSetupWidget
 .text.CapSense_CSDSetupWidgetExt
                0x00001894       0x6c .\CortexM0p\ARM_GCC_541\Debug\CE224821_PSoC4_Capsense_Touchpad_Gestures_CSD01.a(CapSense_SensingCSD_LL.o)
                0x00001894                CapSense_CSDSetupWidgetExt
 .text.CapSense_SsCSDCalibrate
                0x00001900      0x1f0 .\CortexM0p\ARM_GCC_541\Debug\CE224821_PSoC4_Capsense_Touchpad_Gestures_CSD01.a(CapSense_SensingCSD_LL.o)
 .text.CapSense_CSDCalibrateWidget
                0x00001af0       0x74 .\CortexM0p\ARM_GCC_541\Debug\CE224821_PSoC4_Capsense_Touchpad_Gestures_CSD01.a(CapSense_SensingCSD_LL.o)
                0x00001af0                CapSense_CSDCalibrateWidget
 .text.CapSense_DpFindLocalMaxSd
                0x00001b64       0xd8 .\CortexM0p\ARM_GCC_541\Debug\CE224821_PSoC4_Capsense_Touchpad_Gestures_CSD01.a(CapSense_Centroid_LL.o)
                0x00001b64                CapSense_DpFindLocalMaxSd
 .text.CapSense_DpCalcLinearCentroid
                0x00001c3c       0x88 .\CortexM0p\ARM_GCC_541\Debug\CE224821_PSoC4_Capsense_Touchpad_Gestures_CSD01.a(CapSense_Centroid_LL.o)
                0x00001c3c                CapSense_DpCalcLinearCentroid
 .text.CapSense_InitPosFiltersSd
                0x00001cc4        0x8 .\CortexM0p\ARM_GCC_541\Debug\CE224821_PSoC4_Capsense_Touchpad_Gestures_CSD01.a(CapSense_Centroid_LL.o)
                0x00001cc4                CapSense_InitPosFiltersSd
 .text.CapSense_InitPosFiltersDd
                0x00001ccc       0x18 .\CortexM0p\ARM_GCC_541\Debug\CE224821_PSoC4_Capsense_Touchpad_Gestures_CSD01.a(CapSense_Centroid_LL.o)
                0x00001ccc                CapSense_InitPosFiltersDd
 .text.CapSense_RunPosFiltersDd
                0x00001ce4       0x48 .\CortexM0p\ARM_GCC_541\Debug\CE224821_PSoC4_Capsense_Touchpad_Gestures_CSD01.a(CapSense_Centroid_LL.o)
                0x00001ce4                CapSense_RunPosFiltersDd
 .text.CapSense_GetTouchParams
                0x00001d2c       0x70 .\CortexM0p\ARM_GCC_541\Debug\CE224821_PSoC4_Capsense_Touchpad_Gestures_CSD01.a(CapSense_Gesture.o)
                0x00001d2c                CapSense_GetTouchParams
 .text.CapSense_InitializeGestures
                0x00001d9c       0x30 .\CortexM0p\ARM_GCC_541\Debug\CE224821_PSoC4_Capsense_Touchpad_Gestures_CSD01.a(CapSense_Gesture.o)
                0x00001d9c                CapSense_InitializeGestures
 .text.CapSense_DecodeWidgetGestures
                0x00001dcc       0xb8 .\CortexM0p\ARM_GCC_541\Debug\CE224821_PSoC4_Capsense_Touchpad_Gestures_CSD01.a(CapSense_Gesture.o)
                0x00001dcc                CapSense_DecodeWidgetGestures
 .text.CapSense_IncrementGestureTimestamp
                0x00001e84       0x1c .\CortexM0p\ARM_GCC_541\Debug\CE224821_PSoC4_Capsense_Touchpad_Gestures_CSD01.a(CapSense_Gesture.o)
                0x00001e84                CapSense_IncrementGestureTimestamp
 .text.Red_LED_Write
                0x00001ea0       0x18 .\CortexM0p\ARM_GCC_541\Debug\CE224821_PSoC4_Capsense_Touchpad_Gestures_CSD01.a(Red_LED.o)
                0x00001ea0                Red_LED_Write
 .text.EZI2C_ScbEnableIntr
                0x00001eb8        0xc .\CortexM0p\ARM_GCC_541\Debug\CE224821_PSoC4_Capsense_Touchpad_Gestures_CSD01.a(EZI2C.o)
 .text.EZI2C_Init
                0x00001ec4        0x8 .\CortexM0p\ARM_GCC_541\Debug\CE224821_PSoC4_Capsense_Touchpad_Gestures_CSD01.a(EZI2C.o)
                0x00001ec4                EZI2C_Init
 .text.EZI2C_Enable
                0x00001ecc       0x18 .\CortexM0p\ARM_GCC_541\Debug\CE224821_PSoC4_Capsense_Touchpad_Gestures_CSD01.a(EZI2C.o)
                0x00001ecc                EZI2C_Enable
 .text.EZI2C_Start
                0x00001ee4       0x20 .\CortexM0p\ARM_GCC_541\Debug\CE224821_PSoC4_Capsense_Touchpad_Gestures_CSD01.a(EZI2C.o)
                0x00001ee4                EZI2C_Start
 .text.EZI2C_EzI2CInit
                0x00001f04       0xc4 .\CortexM0p\ARM_GCC_541\Debug\CE224821_PSoC4_Capsense_Touchpad_Gestures_CSD01.a(EZI2C_EZI2C.o)
                0x00001f04                EZI2C_EzI2CInit
 .text.EZI2C_EzI2CSetBuffer1
                0x00001fc8       0x30 .\CortexM0p\ARM_GCC_541\Debug\CE224821_PSoC4_Capsense_Touchpad_Gestures_CSD01.a(EZI2C_EZI2C.o)
                0x00001fc8                EZI2C_EzI2CSetBuffer1
 .text.EZI2C_EZI2C_STRETCH_ISR
                0x00001ff8      0x350 .\CortexM0p\ARM_GCC_541\Debug\CE224821_PSoC4_Capsense_Touchpad_Gestures_CSD01.a(EZI2C_EZI2C_INT.o)
                0x00001ff8                EZI2C_EZI2C_STRETCH_ISR
 .text.PWM_Green_WriteCounter
                0x00002348       0x10 .\CortexM0p\ARM_GCC_541\Debug\CE224821_PSoC4_Capsense_Touchpad_Gestures_CSD01.a(PWM_Green.o)
                0x00002348                PWM_Green_WriteCounter
 .text.PWM_Green_WritePeriod
                0x00002358       0x10 .\CortexM0p\ARM_GCC_541\Debug\CE224821_PSoC4_Capsense_Touchpad_Gestures_CSD01.a(PWM_Green.o)
                0x00002358                PWM_Green_WritePeriod
 .text.PWM_Green_WriteCompare
                0x00002368       0x10 .\CortexM0p\ARM_GCC_541\Debug\CE224821_PSoC4_Capsense_Touchpad_Gestures_CSD01.a(PWM_Green.o)
                0x00002368                PWM_Green_WriteCompare
 .text.PWM_Green_ReadCompare
                0x00002378       0x10 .\CortexM0p\ARM_GCC_541\Debug\CE224821_PSoC4_Capsense_Touchpad_Gestures_CSD01.a(PWM_Green.o)
                0x00002378                PWM_Green_ReadCompare
 .text.PWM_Green_TriggerCommand
                0x00002388       0x1c .\CortexM0p\ARM_GCC_541\Debug\CE224821_PSoC4_Capsense_Touchpad_Gestures_CSD01.a(PWM_Green.o)
                0x00002388                PWM_Green_TriggerCommand
 .text.PWM_Green_Enable
                0x000023a4       0x24 .\CortexM0p\ARM_GCC_541\Debug\CE224821_PSoC4_Capsense_Touchpad_Gestures_CSD01.a(PWM_Green.o)
                0x000023a4                PWM_Green_Enable
 .text.PWM_Green_SetInterruptMode
                0x000023c8        0xc .\CortexM0p\ARM_GCC_541\Debug\CE224821_PSoC4_Capsense_Touchpad_Gestures_CSD01.a(PWM_Green.o)
                0x000023c8                PWM_Green_SetInterruptMode
 .text.PWM_Green_Init
                0x000023d4       0x4c .\CortexM0p\ARM_GCC_541\Debug\CE224821_PSoC4_Capsense_Touchpad_Gestures_CSD01.a(PWM_Green.o)
                0x000023d4                PWM_Green_Init
 .text.PWM_Green_Start
                0x00002420       0x20 .\CortexM0p\ARM_GCC_541\Debug\CE224821_PSoC4_Capsense_Touchpad_Gestures_CSD01.a(PWM_Green.o)
                0x00002420                PWM_Green_Start
 .text.PWM_Blue_WriteCounter
                0x00002440       0x10 .\CortexM0p\ARM_GCC_541\Debug\CE224821_PSoC4_Capsense_Touchpad_Gestures_CSD01.a(PWM_Blue.o)
                0x00002440                PWM_Blue_WriteCounter
 .text.PWM_Blue_WritePeriod
                0x00002450       0x10 .\CortexM0p\ARM_GCC_541\Debug\CE224821_PSoC4_Capsense_Touchpad_Gestures_CSD01.a(PWM_Blue.o)
                0x00002450                PWM_Blue_WritePeriod
 .text.PWM_Blue_WriteCompare
                0x00002460       0x10 .\CortexM0p\ARM_GCC_541\Debug\CE224821_PSoC4_Capsense_Touchpad_Gestures_CSD01.a(PWM_Blue.o)
                0x00002460                PWM_Blue_WriteCompare
 .text.PWM_Blue_ReadCompare
                0x00002470       0x10 .\CortexM0p\ARM_GCC_541\Debug\CE224821_PSoC4_Capsense_Touchpad_Gestures_CSD01.a(PWM_Blue.o)
                0x00002470                PWM_Blue_ReadCompare
 .text.PWM_Blue_TriggerCommand
                0x00002480       0x1c .\CortexM0p\ARM_GCC_541\Debug\CE224821_PSoC4_Capsense_Touchpad_Gestures_CSD01.a(PWM_Blue.o)
                0x00002480                PWM_Blue_TriggerCommand
 .text.PWM_Blue_Enable
                0x0000249c       0x24 .\CortexM0p\ARM_GCC_541\Debug\CE224821_PSoC4_Capsense_Touchpad_Gestures_CSD01.a(PWM_Blue.o)
                0x0000249c                PWM_Blue_Enable
 .text.PWM_Blue_SetInterruptMode
                0x000024c0        0xc .\CortexM0p\ARM_GCC_541\Debug\CE224821_PSoC4_Capsense_Touchpad_Gestures_CSD01.a(PWM_Blue.o)
                0x000024c0                PWM_Blue_SetInterruptMode
 .text.PWM_Blue_Init
                0x000024cc       0x4c .\CortexM0p\ARM_GCC_541\Debug\CE224821_PSoC4_Capsense_Touchpad_Gestures_CSD01.a(PWM_Blue.o)
                0x000024cc                PWM_Blue_Init
 .text.PWM_Blue_Start
                0x00002518       0x20 .\CortexM0p\ARM_GCC_541\Debug\CE224821_PSoC4_Capsense_Touchpad_Gestures_CSD01.a(PWM_Blue.o)
                0x00002518                PWM_Blue_Start
 .text.CapSense_ISR_SetVector
                0x00002538        0xc .\CortexM0p\ARM_GCC_541\Debug\CE224821_PSoC4_Capsense_Touchpad_Gestures_CSD01.a(CapSense_ISR.o)
                0x00002538                CapSense_ISR_SetVector
 .text.CapSense_ISR_SetPriority
                0x00002544       0x24 .\CortexM0p\ARM_GCC_541\Debug\CE224821_PSoC4_Capsense_Touchpad_Gestures_CSD01.a(CapSense_ISR.o)
                0x00002544                CapSense_ISR_SetPriority
 .text.CapSense_ISR_Enable
                0x00002568       0x10 .\CortexM0p\ARM_GCC_541\Debug\CE224821_PSoC4_Capsense_Touchpad_Gestures_CSD01.a(CapSense_ISR.o)
                0x00002568                CapSense_ISR_Enable
 .text.CapSense_ISR_Disable
                0x00002578       0x10 .\CortexM0p\ARM_GCC_541\Debug\CE224821_PSoC4_Capsense_Touchpad_Gestures_CSD01.a(CapSense_ISR.o)
                0x00002578                CapSense_ISR_Disable
 .text.CapSense_ISR_StartEx
                0x00002588       0x1c .\CortexM0p\ARM_GCC_541\Debug\CE224821_PSoC4_Capsense_Touchpad_Gestures_CSD01.a(CapSense_ISR.o)
                0x00002588                CapSense_ISR_StartEx
 .text.CapSense_TMG_DecodeAllGestures
                0x000025a4       0xf0 .\CortexM0p\ARM_GCC_541\Debug\CE224821_PSoC4_Capsense_Touchpad_Gestures_CSD01.a(CapSense_TMG.o)
                0x000025a4                CapSense_TMG_DecodeAllGestures
 .text.CySysClkImoDisableWcoLock
                0x00002694       0x4c .\CortexM0p\ARM_GCC_541\Debug\CE224821_PSoC4_Capsense_Touchpad_Gestures_CSD01.a(CyLib.o)
                0x00002694                CySysClkImoDisableWcoLock
 .text.CySysClkImoGetWcoLock
                0x000026e0       0x14 .\CortexM0p\ARM_GCC_541\Debug\CE224821_PSoC4_Capsense_Touchpad_Gestures_CSD01.a(CyLib.o)
                0x000026e0                CySysClkImoGetWcoLock
 .text.CyIntEnable
                0x000026f4       0x14 .\CortexM0p\ARM_GCC_541\Debug\CE224821_PSoC4_Capsense_Touchpad_Gestures_CSD01.a(CyLib.o)
                0x000026f4                CyIntEnable
 .text.CyIntDisable
                0x00002708       0x14 .\CortexM0p\ARM_GCC_541\Debug\CE224821_PSoC4_Capsense_Touchpad_Gestures_CSD01.a(CyLib.o)
                0x00002708                CyIntDisable
 .text.CyIntClearPending
                0x0000271c       0x14 .\CortexM0p\ARM_GCC_541\Debug\CE224821_PSoC4_Capsense_Touchpad_Gestures_CSD01.a(CyLib.o)
                0x0000271c                CyIntClearPending
 .text.CyHalt   0x00002730        0x4 .\CortexM0p\ARM_GCC_541\Debug\CE224821_PSoC4_Capsense_Touchpad_Gestures_CSD01.a(CyLib.o)
                0x00002730                CyHalt
 .text.CyIntSetSysVector
                0x00002734       0x20 .\CortexM0p\ARM_GCC_541\Debug\CE224821_PSoC4_Capsense_Touchpad_Gestures_CSD01.a(CyLib.o)
                0x00002734                CyIntSetSysVector
 .text.CyIntSetVector
                0x00002754       0x24 .\CortexM0p\ARM_GCC_541\Debug\CE224821_PSoC4_Capsense_Touchpad_Gestures_CSD01.a(CyLib.o)
                0x00002754                CyIntSetVector
 .text.CyIntSetPriority
                0x00002778       0x4c .\CortexM0p\ARM_GCC_541\Debug\CE224821_PSoC4_Capsense_Touchpad_Gestures_CSD01.a(CyLib.o)
                0x00002778                CyIntSetPriority
 .text.CyDelay  0x000027c4       0x30 .\CortexM0p\ARM_GCC_541\Debug\CE224821_PSoC4_Capsense_Touchpad_Gestures_CSD01.a(CyLib.o)
                0x000027c4                CyDelay
 .text.CySysClkImoEnableWcoLock
                0x000027f4       0xd0 .\CortexM0p\ARM_GCC_541\Debug\CE224821_PSoC4_Capsense_Touchpad_Gestures_CSD01.a(CyLib.o)
                0x000027f4                CySysClkImoEnableWcoLock
 .text.CySysClkWriteImoFreq
                0x000028c4       0xd8 .\CortexM0p\ARM_GCC_541\Debug\CE224821_PSoC4_Capsense_Touchpad_Gestures_CSD01.a(CyLib.o)
                0x000028c4                CySysClkWriteImoFreq
 .text.CyDelayUs
                0x0000299c       0x14 .\CortexM0p\ARM_GCC_541\Debug\CE224821_PSoC4_Capsense_Touchpad_Gestures_CSD01.a(CyLib.o)
                0x0000299c                CyDelayUs
 .text.CySysTickEnableInterrupt
                0x000029b0       0x10 .\CortexM0p\ARM_GCC_541\Debug\CE224821_PSoC4_Capsense_Touchpad_Gestures_CSD01.a(CyLib.o)
                0x000029b0                CySysTickEnableInterrupt
 .text.CySysTickEnable
                0x000029c0       0x18 .\CortexM0p\ARM_GCC_541\Debug\CE224821_PSoC4_Capsense_Touchpad_Gestures_CSD01.a(CyLib.o)
                0x000029c0                CySysTickEnable
 .text.CySysTickSetReload
                0x000029d8       0x10 .\CortexM0p\ARM_GCC_541\Debug\CE224821_PSoC4_Capsense_Touchpad_Gestures_CSD01.a(CyLib.o)
                0x000029d8                CySysTickSetReload
 .text.CySysTickSetClockSource
                0x000029e8       0x20 .\CortexM0p\ARM_GCC_541\Debug\CE224821_PSoC4_Capsense_Touchpad_Gestures_CSD01.a(CyLib.o)
                0x000029e8                CySysTickSetClockSource
 .text.CySysTickGetCountFlag
                0x00002a08       0x10 .\CortexM0p\ARM_GCC_541\Debug\CE224821_PSoC4_Capsense_Touchpad_Gestures_CSD01.a(CyLib.o)
                0x00002a08                CySysTickGetCountFlag
 .text.CySysTickServiceCallbacks
                0x00002a18       0x28 .\CortexM0p\ARM_GCC_541\Debug\CE224821_PSoC4_Capsense_Touchpad_Gestures_CSD01.a(CyLib.o)
 .text.CySysTickClear
                0x00002a40        0xc .\CortexM0p\ARM_GCC_541\Debug\CE224821_PSoC4_Capsense_Touchpad_Gestures_CSD01.a(CyLib.o)
                0x00002a40                CySysTickClear
 .text.CySysTickInit
                0x00002a4c       0x44 .\CortexM0p\ARM_GCC_541\Debug\CE224821_PSoC4_Capsense_Touchpad_Gestures_CSD01.a(CyLib.o)
                0x00002a4c                CySysTickInit
 .text.CySysTickStart
                0x00002a90       0x20 .\CortexM0p\ARM_GCC_541\Debug\CE224821_PSoC4_Capsense_Touchpad_Gestures_CSD01.a(CyLib.o)
                0x00002a90                CySysTickStart
 .text.CySysTickSetCallback
                0x00002ab0       0x10 .\CortexM0p\ARM_GCC_541\Debug\CE224821_PSoC4_Capsense_Touchpad_Gestures_CSD01.a(CyLib.o)
                0x00002ab0                CySysTickSetCallback
 .text.CySysClkGetTimerSource
                0x00002ac0       0x10 .\CortexM0p\ARM_GCC_541\Debug\CE224821_PSoC4_Capsense_Touchpad_Gestures_CSD01.a(CyLFClk.o)
 .text.CySysClkWcoEnabled
                0x00002ad0       0x14 .\CortexM0p\ARM_GCC_541\Debug\CE224821_PSoC4_Capsense_Touchpad_Gestures_CSD01.a(CyLFClk.o)
                0x00002ad0                CySysClkWcoEnabled
 .text.CySysWdtDisable
                0x00002ae4       0x10 .\CortexM0p\ARM_GCC_541\Debug\CE224821_PSoC4_Capsense_Touchpad_Gestures_CSD01.a(CyLFClk.o)
                0x00002ae4                CySysWdtDisable
 .text.CySysClkSetTimerSource
                0x00002af4       0x68 .\CortexM0p\ARM_GCC_541\Debug\CE224821_PSoC4_Capsense_Touchpad_Gestures_CSD01.a(CyLFClk.o)
                0x00002af4                CySysClkSetTimerSource
 .text.CySysTimerClearInterrupt
                0x00002b5c       0x2c .\CortexM0p\ARM_GCC_541\Debug\CE224821_PSoC4_Capsense_Touchpad_Gestures_CSD01.a(CyLFClk.o)
                0x00002b5c                CySysTimerClearInterrupt
 .text.CySysTimerIsr
                0x00002b88       0xa4 .\CortexM0p\ARM_GCC_541\Debug\CE224821_PSoC4_Capsense_Touchpad_Gestures_CSD01.a(CyLFClk.o)
                0x00002b88                CySysTimerIsr
 *fill*         0x00002c2c        0x4 
 .text          0x00002c30       0x20 .\CortexM0p\ARM_GCC_541\Debug\CE224821_PSoC4_Capsense_Touchpad_Gestures_CSD01.a(CyBootAsmGnu.o)
                0x00002c30                CyDelayCycles
                0x00002c42                CyEnterCriticalSection
                0x00002c4a                CyExitCriticalSection
 .text.CapSense_SsCSDPostScan
                0x00002c50       0x54 .\CortexM0p\ARM_GCC_541\Debug\CE224821_PSoC4_Capsense_Touchpad_Gestures_CSD01.a(CapSense_INT.o)
 .text.CapSense_SsCSDInitNextScan
                0x00002ca4       0xb8 .\CortexM0p\ARM_GCC_541\Debug\CE224821_PSoC4_Capsense_Touchpad_Gestures_CSD01.a(CapSense_INT.o)
 .text.CapSense_CSDPostSingleScan
                0x00002d5c       0x2c .\CortexM0p\ARM_GCC_541\Debug\CE224821_PSoC4_Capsense_Touchpad_Gestures_CSD01.a(CapSense_INT.o)
                0x00002d5c                CapSense_CSDPostSingleScan
 .text.CapSense_CSDPostMultiScan
                0x00002d88       0x44 .\CortexM0p\ARM_GCC_541\Debug\CE224821_PSoC4_Capsense_Touchpad_Gestures_CSD01.a(CapSense_INT.o)
                0x00002d88                CapSense_CSDPostMultiScan
 .text.CySysFlashSetWaitCycles
                0x00002dcc       0x54 .\CortexM0p\ARM_GCC_541\Debug\CE224821_PSoC4_Capsense_Touchpad_Gestures_CSD01.a(CyFlash.o)
                0x00002dcc                CySysFlashSetWaitCycles
 .text.Gesture_ResetClickTimer
                0x00002e20       0x1c C:\Program Files (x86)\Cypress\PSoC Creator\4.4\PSoC Creator\psoc\content\CyComponentLibrary\CyComponentLibrary.cylib\CapSense_TMG_v2_0\Library\Gestures_GCC_M0p.a(Gesture.o)
 .text.Gesture_ApplyMasks
                0x00002e3c       0x94 C:\Program Files (x86)\Cypress\PSoC Creator\4.4\PSoC Creator\psoc\content\CyComponentLibrary\CyComponentLibrary.cylib\CapSense_TMG_v2_0\Library\Gestures_GCC_M0p.a(Gesture.o)
 .text.Gesture_FindDirection8way
                0x00002ed0       0x7c C:\Program Files (x86)\Cypress\PSoC Creator\4.4\PSoC Creator\psoc\content\CyComponentLibrary\CyComponentLibrary.cylib\CapSense_TMG_v2_0\Library\Gestures_GCC_M0p.a(Gesture.o)
 .text.Gesture_UpdateLastReportedGestureID
                0x00002f4c       0x10 C:\Program Files (x86)\Cypress\PSoC Creator\4.4\PSoC Creator\psoc\content\CyComponentLibrary\CyComponentLibrary.cylib\CapSense_TMG_v2_0\Library\Gestures_GCC_M0p.a(Gesture.o)
                0x00002f4c                Gesture_UpdateLastReportedGestureID
 .text.Gesture_CalculateDTCoordinateCenter
                0x00002f5c       0x2c C:\Program Files (x86)\Cypress\PSoC Creator\4.4\PSoC Creator\psoc\content\CyComponentLibrary\CyComponentLibrary.cylib\CapSense_TMG_v2_0\Library\Gestures_GCC_M0p.a(Gesture.o)
                0x00002f5c                Gesture_CalculateDTCoordinateCenter
 .text.Gesture_UpdatePreviousCoordinatesForFinger1
                0x00002f88       0x28 C:\Program Files (x86)\Cypress\PSoC Creator\4.4\PSoC Creator\psoc\content\CyComponentLibrary\CyComponentLibrary.cylib\CapSense_TMG_v2_0\Library\Gestures_GCC_M0p.a(Gesture.o)
                0x00002f88                Gesture_UpdatePreviousCoordinatesForFinger1
 .text.Gesture_PostProcessSTGestures
                0x00002fb0       0x50 C:\Program Files (x86)\Cypress\PSoC Creator\4.4\PSoC Creator\psoc\content\CyComponentLibrary\CyComponentLibrary.cylib\CapSense_TMG_v2_0\Library\Gestures_GCC_M0p.a(Gesture.o)
                0x00002fb0                Gesture_PostProcessSTGestures
 .text.Gesture_UpdatePreviousCoordinatesForFinger2
                0x00003000       0x2c C:\Program Files (x86)\Cypress\PSoC Creator\4.4\PSoC Creator\psoc\content\CyComponentLibrary\CyComponentLibrary.cylib\CapSense_TMG_v2_0\Library\Gestures_GCC_M0p.a(Gesture.o)
                0x00003000                Gesture_UpdatePreviousCoordinatesForFinger2
 .text.Gesture_UpdateGestureCounter
                0x0000302c       0x2c C:\Program Files (x86)\Cypress\PSoC Creator\4.4\PSoC Creator\psoc\content\CyComponentLibrary\CyComponentLibrary.cylib\CapSense_TMG_v2_0\Library\Gestures_GCC_M0p.a(Gesture.o)
                0x0000302c                Gesture_UpdateGestureCounter
 .text.Gesture_DecodeClickGestures
                0x00003058      0x3b8 C:\Program Files (x86)\Cypress\PSoC Creator\4.4\PSoC Creator\psoc\content\CyComponentLibrary\CyComponentLibrary.cylib\CapSense_TMG_v2_0\Library\Gestures_GCC_M0p.a(Gesture.o)
                0x00003058                Gesture_DecodeClickGestures
 .text.Gesture_DetermineDirection
                0x00003410       0xc8 C:\Program Files (x86)\Cypress\PSoC Creator\4.4\PSoC Creator\psoc\content\CyComponentLibrary\CyComponentLibrary.cylib\CapSense_TMG_v2_0\Library\Gestures_GCC_M0p.a(Gesture.o)
                0x00003410                Gesture_DetermineDirection
 .text.Gesture_ApplyWholeMask
                0x000034d8       0x64 C:\Program Files (x86)\Cypress\PSoC Creator\4.4\PSoC Creator\psoc\content\CyComponentLibrary\CyComponentLibrary.cylib\CapSense_TMG_v2_0\Library\Gestures_GCC_M0p.a(Gesture.o)
                0x000034d8                Gesture_ApplyWholeMask
 .text.Gesture_PreprocessGestures
                0x0000353c      0x29c C:\Program Files (x86)\Cypress\PSoC Creator\4.4\PSoC Creator\psoc\content\CyComponentLibrary\CyComponentLibrary.cylib\CapSense_TMG_v2_0\Library\Gestures_GCC_M0p.a(Gesture.o)
                0x0000353c                Gesture_PreprocessGestures
 .text.Gesture_DecodeTouchdownAndLiftoff
                0x000037d8       0x1c C:\Program Files (x86)\Cypress\PSoC Creator\4.4\PSoC Creator\psoc\content\CyComponentLibrary\CyComponentLibrary.cylib\CapSense_TMG_v2_0\Library\Gestures_GCC_M0p.a(Gesture.o)
                0x000037d8                Gesture_DecodeTouchdownAndLiftoff
 .text.Gesture_GeneralSTGesturesPostProcess
                0x000037f4       0xac C:\Program Files (x86)\Cypress\PSoC Creator\4.4\PSoC Creator\psoc\content\CyComponentLibrary\CyComponentLibrary.cylib\CapSense_TMG_v2_0\Library\Gestures_GCC_M0p.a(Gesture.o)
                0x000037f4                Gesture_GeneralSTGesturesPostProcess
 .text.Gesture_DecodeEdgeSwipeGestures
                0x000038a0      0x344 C:\Program Files (x86)\Cypress\PSoC Creator\4.4\PSoC Creator\psoc\content\CyComponentLibrary\CyComponentLibrary.cylib\CapSense_TMG_v2_0\Library\Gestures_GCC_M0p.a(Gesture.o)
                0x000038a0                Gesture_DecodeEdgeSwipeGestures
 .text.Gesture_DecodeSTRotateGestures
                0x00003be4      0x1f8 C:\Program Files (x86)\Cypress\PSoC Creator\4.4\PSoC Creator\psoc\content\CyComponentLibrary\CyComponentLibrary.cylib\CapSense_TMG_v2_0\Library\Gestures_GCC_M0p.a(Gesture.o)
                0x00003be4                Gesture_DecodeSTRotateGestures
 .text.Gesture_DecodeAllClickGestures
                0x00003ddc       0xdc C:\Program Files (x86)\Cypress\PSoC Creator\4.4\PSoC Creator\psoc\content\CyComponentLibrary\CyComponentLibrary.cylib\CapSense_TMG_v2_0\Library\Gestures_GCC_M0p.a(Gesture.o)
                0x00003ddc                Gesture_DecodeAllClickGestures
 .text.Gesture_Init
                0x00003eb8       0x8c C:\Program Files (x86)\Cypress\PSoC Creator\4.4\PSoC Creator\psoc\content\CyComponentLibrary\CyComponentLibrary.cylib\CapSense_TMG_v2_0\Library\Gestures_GCC_M0p.a(Gesture.o)
                0x00003eb8                Gesture_Init
 .text          0x00003f44      0x114 c:/program files (x86)/cypress/psoc creator/4.4/psoc creator/import/gnu/arm/5.4.1/bin/../lib/gcc/arm-none-eabi/5.4.1/armv6-m\libgcc.a(_udivsi3.o)
                0x00003f44                __aeabi_uidiv
                0x00003f44                __udivsi3
                0x00004050                __aeabi_uidivmod
 .text          0x00004058      0x1d4 c:/program files (x86)/cypress/psoc creator/4.4/psoc creator/import/gnu/arm/5.4.1/bin/../lib/gcc/arm-none-eabi/5.4.1/armv6-m\libgcc.a(_divsi3.o)
                0x00004058                __divsi3
                0x00004058                __aeabi_idiv
                0x00004224                __aeabi_idivmod
 .text          0x0000422c        0x4 c:/program files (x86)/cypress/psoc creator/4.4/psoc creator/import/gnu/arm/5.4.1/bin/../lib/gcc/arm-none-eabi/5.4.1/armv6-m\libgcc.a(_dvmd_tls.o)
                0x0000422c                __aeabi_idiv0
                0x0000422c                __aeabi_ldiv0
 .text.__errno  0x00004230        0xc c:/program files (x86)/cypress/psoc creator/4.4/psoc creator/import/gnu/arm/5.4.1/bin/../lib/gcc/arm-none-eabi/5.4.1/../../../../arm-none-eabi/lib/armv6-m\libg_nano.a(lib_a-errno.o)
                0x00004230                __errno
 .text.__libc_init_array
                0x0000423c       0x4c c:/program files (x86)/cypress/psoc creator/4.4/psoc creator/import/gnu/arm/5.4.1/bin/../lib/gcc/arm-none-eabi/5.4.1/../../../../arm-none-eabi/lib/armv6-m\libg_nano.a(lib_a-init.o)
                0x0000423c                __libc_init_array
 .text.memcpy   0x00004288       0x12 c:/program files (x86)/cypress/psoc creator/4.4/psoc creator/import/gnu/arm/5.4.1/bin/../lib/gcc/arm-none-eabi/5.4.1/../../../../arm-none-eabi/lib/armv6-m\libg_nano.a(lib_a-memcpy-stub.o)
                0x00004288                memcpy
 .text.memset   0x0000429a       0x10 c:/program files (x86)/cypress/psoc creator/4.4/psoc creator/import/gnu/arm/5.4.1/bin/../lib/gcc/arm-none-eabi/5.4.1/../../../../arm-none-eabi/lib/armv6-m\libg_nano.a(lib_a-memset.o)
                0x0000429a                memset
 *(.plt)
 *(.gnu.warning)
 *(.glue_7t)
 .glue_7t       0x000042aa        0x0 linker stubs
 *(.glue_7)
 .glue_7        0x000042aa        0x0 linker stubs
 *(.vfp11_veneer)
 .vfp11_veneer  0x000042aa        0x0 linker stubs
 *(.bootloader)
 *(.ARM.extab* .gnu.linkonce.armextab.*)
 *(.gcc_except_table)

.v4_bx          0x000042ac        0x0
 .v4_bx         0x000042ac        0x0 linker stubs

.iplt           0x000042ac        0x0
 .iplt          0x000042ac        0x0 c:/program files (x86)/cypress/psoc creator/4.4/psoc creator/import/gnu/arm/5.4.1/bin/../lib/gcc/arm-none-eabi/5.4.1/armv6-m/crtbegin.o

.eh_frame_hdr
 *(.eh_frame_hdr)

.eh_frame       0x000042ac        0x4
 *(.eh_frame)
 .eh_frame      0x000042ac        0x0 c:/program files (x86)/cypress/psoc creator/4.4/psoc creator/import/gnu/arm/5.4.1/bin/../lib/gcc/arm-none-eabi/5.4.1/armv6-m/crtbegin.o
 .eh_frame      0x000042ac        0x4 c:/program files (x86)/cypress/psoc creator/4.4/psoc creator/import/gnu/arm/5.4.1/bin/../lib/gcc/arm-none-eabi/5.4.1/armv6-m/crtend.o
                [!provide]                PROVIDE (__exidx_start, .)

.ARM.exidx
 *(.ARM.exidx* .gnu.linkonce.armexidx.*)
                0x000042b0                __exidx_end = .

.rodata         0x000042b0      0x2c0
 *(.rodata .rodata.* .gnu.linkonce.r.*)
 .rodata        0x000042b0      0x23c .\CortexM0p\ARM_GCC_541\Debug\CE224821_PSoC4_Capsense_Touchpad_Gestures_CSD01.a(CapSense_Structure.o)
                0x000042b0                CapSense_ramIdacInit
                0x000042c0                CapSense_dsFlash
                0x000042f4                CapSense_ramWidgetInit
                0x0000430c                CapSense_ramGesturesInit
                0x00004364                CapSense_ioList
 .rodata        0x000044ec       0x1c .\CortexM0p\ARM_GCC_541\Debug\CE224821_PSoC4_Capsense_Touchpad_Gestures_CSD01.a(CapSense_Tuner.o)
 .rodata        0x00004508       0x31 .\CortexM0p\ARM_GCC_541\Debug\CE224821_PSoC4_Capsense_Touchpad_Gestures_CSD01.a(CapSense_Sensing.o)
                0x00004508                CapSense_idacGainTable
                0x00004538                CapSense_scanFreqIndex
 .rodata.str1.1
                0x00004539        0x2 c:/program files (x86)/cypress/psoc creator/4.4/psoc creator/import/gnu/arm/5.4.1/bin/../lib/gcc/arm-none-eabi/5.4.1/../../../../arm-none-eabi/lib/armv6-m\libg_nano.a(lib_a-impure.o)
                0x0000453c                . = ALIGN (0x4)
 *fill*         0x0000453b        0x1 
 *(.init)
 .init          0x0000453c        0x4 c:/program files (x86)/cypress/psoc creator/4.4/psoc creator/import/gnu/arm/5.4.1/bin/../lib/gcc/arm-none-eabi/5.4.1/armv6-m/crti.o
                0x0000453c                _init
 .init          0x00004540        0x8 c:/program files (x86)/cypress/psoc creator/4.4/psoc creator/import/gnu/arm/5.4.1/bin/../lib/gcc/arm-none-eabi/5.4.1/armv6-m/crtn.o
                0x00004548                . = ALIGN (0x4)
                0x00004548                __preinit_array_start = .
 *(.preinit_array)
                0x00004548                __preinit_array_end = .
                0x00004548                . = ALIGN (0x4)
                0x00004548                __init_array_start = .
 *(SORT(.init_array.*))
 *(.init_array)
 .init_array    0x00004548        0x4 c:/program files (x86)/cypress/psoc creator/4.4/psoc creator/import/gnu/arm/5.4.1/bin/../lib/gcc/arm-none-eabi/5.4.1/armv6-m/crtbegin.o
 .init_array    0x0000454c        0x4 .\CortexM0p\ARM_GCC_541\Debug\Cm0plusStart.o
                0x00004550                __init_array_end = .
                0x00004550                . = ALIGN (0x4)
 *(.fini)
 .fini          0x00004550        0x4 c:/program files (x86)/cypress/psoc creator/4.4/psoc creator/import/gnu/arm/5.4.1/bin/../lib/gcc/arm-none-eabi/5.4.1/armv6-m/crti.o
                0x00004550                _fini
 .fini          0x00004554        0x8 c:/program files (x86)/cypress/psoc creator/4.4/psoc creator/import/gnu/arm/5.4.1/bin/../lib/gcc/arm-none-eabi/5.4.1/armv6-m/crtn.o
                0x0000455c                . = ALIGN (0x4)
                0x0000455c                __fini_array_start = .
 *(.fini_array)
 .fini_array    0x0000455c        0x4 c:/program files (x86)/cypress/psoc creator/4.4/psoc creator/import/gnu/arm/5.4.1/bin/../lib/gcc/arm-none-eabi/5.4.1/armv6-m/crtbegin.o
 *(SORT(.fini_array.*))
                0x00004560                __fini_array_end = .
                0x00004560                . = ALIGN (0x4)
 *crtbegin.o(.ctors)
 *(EXCLUDE_FILE(*crtend.o) .ctors)
 *(SORT(.ctors.*))
 *crtend.o(.ctors)
                0x00004560                . = ALIGN (0x4)
 *crtbegin.o(.dtors)
 *(EXCLUDE_FILE(*crtend.o) .dtors)
 *(SORT(.dtors.*))
 *crtend.o(.dtors)
                0x00004560                . = ALIGN (0x4)
                0x00004560                __cy_regions = .
                0x00004560        0x4 LONG 0x4570 __cy_region_init_ram
                0x00004564        0x4 LONG 0x20000090 __cy_region_start_data
                0x00004568        0x4 LONG 0xe0 __cy_region_init_size_ram
                0x0000456c        0x4 LONG 0x2c8 __cy_region_zero_size_ram
                0x00004570                __cy_regions_end = .
                0x00004570                . = ALIGN (0x8)
                0x00004570                _etext = .

.cy_checksum_exclude
                0x00004570        0x0
 *(.cy_checksum_exclude)

.ramvectors     0x20000000       0x90
                0x20000000                __cy_region_start_ram = .
 *(.ramvectors)
 .ramvectors    0x20000000       0x90 .\CortexM0p\ARM_GCC_541\Debug\Cm0plusStart.o
                0x20000000                CyRamVectors

.noinit
 *(.noinit)

.data           0x20000090       0xe0 load address 0x00004570
                0x20000090                __cy_region_start_data = .
 *(.jcr)
 .jcr           0x20000090        0x0 c:/program files (x86)/cypress/psoc creator/4.4/psoc creator/import/gnu/arm/5.4.1/bin/../lib/gcc/arm-none-eabi/5.4.1/armv6-m/crtbegin.o
 .jcr           0x20000090        0x4 c:/program files (x86)/cypress/psoc creator/4.4/psoc creator/import/gnu/arm/5.4.1/bin/../lib/gcc/arm-none-eabi/5.4.1/armv6-m/crtend.o
 *(.got.plt)
 *(.got)
 *(.shdata)
 *(.data .data.* .gnu.linkonce.d.*)
 .data          0x20000094        0x4 .\CortexM0p\ARM_GCC_541\Debug\CE224821_PSoC4_Capsense_Touchpad_Gestures_CSD01.a(CapSense_SensingCSD_LL.o)
                0x20000094                CapSense_configCsd
 .data          0x20000098       0x14 .\CortexM0p\ARM_GCC_541\Debug\CE224821_PSoC4_Capsense_Touchpad_Gestures_CSD01.a(CyLib.o)
                0x20000098                CySysClkPumpConfig
                0x2000009c                cydelay32kMs
                0x200000a0                cydelayFreqKhz
                0x200000a4                cydelayFreqMhz
                0x200000a8                cydelayFreqHz
 .data          0x200000ac        0x4 .\CortexM0p\ARM_GCC_541\Debug\CE224821_PSoC4_Capsense_Touchpad_Gestures_CSD01.a(CyLFClk.o)
 .data          0x200000b0       0x5a C:\Program Files (x86)\Cypress\PSoC Creator\4.4\PSoC Creator\psoc\content\CyComponentLibrary\CyComponentLibrary.cylib\CapSense_TMG_v2_0\Library\Gestures_GCC_M0p.a(Gesture.o)
 *fill*         0x2000010a        0x2 
 .data.impure_data
                0x2000010c       0x60 c:/program files (x86)/cypress/psoc creator/4.4/psoc creator/import/gnu/arm/5.4.1/bin/../lib/gcc/arm-none-eabi/5.4.1/../../../../arm-none-eabi/lib/armv6-m\libg_nano.a(lib_a-impure.o)
 .data._impure_ptr
                0x2000016c        0x4 c:/program files (x86)/cypress/psoc creator/4.4/psoc creator/import/gnu/arm/5.4.1/bin/../lib/gcc/arm-none-eabi/5.4.1/../../../../arm-none-eabi/lib/armv6-m\libg_nano.a(lib_a-impure.o)
                0x2000016c                _impure_ptr
                0x20000170                . = ALIGN (0x8)
 *(.ram)
                0x20000170                _edata = .

.igot.plt       0x20000170        0x0 load address 0x00004650
 .igot.plt      0x20000170        0x0 c:/program files (x86)/cypress/psoc creator/4.4/psoc creator/import/gnu/arm/5.4.1/bin/../lib/gcc/arm-none-eabi/5.4.1/armv6-m/crtbegin.o

.bss            0x20000170      0x2c8 load address 0x00004650
                0x20000170                PROVIDE (__bss_start__, .)
 *(.shbss)
 *(.bss .bss.* .gnu.linkonce.b.*)
 .bss           0x20000170       0x1c c:/program files (x86)/cypress/psoc creator/4.4/psoc creator/import/gnu/arm/5.4.1/bin/../lib/gcc/arm-none-eabi/5.4.1/armv6-m/crtbegin.o
 .bss           0x2000018c        0x1 .\CortexM0p\ARM_GCC_541\Debug\CE224821_PSoC4_Capsense_Touchpad_Gestures_CSD01.a(CapSense_Control.o)
 *fill*         0x2000018d        0x3 
 .bss           0x20000190        0x5 .\CortexM0p\ARM_GCC_541\Debug\CE224821_PSoC4_Capsense_Touchpad_Gestures_CSD01.a(CapSense_Structure.o)
 *fill*         0x20000195        0x3 
 .bss           0x20000198        0x4 .\CortexM0p\ARM_GCC_541\Debug\CE224821_PSoC4_Capsense_Touchpad_Gestures_CSD01.a(CapSense_Tuner.o)
 .bss           0x2000019c        0x4 .\CortexM0p\ARM_GCC_541\Debug\CE224821_PSoC4_Capsense_Touchpad_Gestures_CSD01.a(CapSense_Sensing.o)
                0x2000019c                CapSense_currentSenseMethod
                0x2000019d                CapSense_requestScanAllWidget
                0x2000019e                CapSense_sensorIndex
                0x2000019f                CapSense_widgetIndex
 .bss           0x200001a0        0x1 .\CortexM0p\ARM_GCC_541\Debug\CE224821_PSoC4_Capsense_Touchpad_Gestures_CSD01.a(CapSense_SensingCSD_LL.o)
 *fill*         0x200001a1        0x3 
 .bss           0x200001a4        0xe .\CortexM0p\ARM_GCC_541\Debug\CE224821_PSoC4_Capsense_Touchpad_Gestures_CSD01.a(CapSense_Centroid_LL.o)
 *fill*         0x200001b2        0x2 
 .bss           0x200001b4       0x10 .\CortexM0p\ARM_GCC_541\Debug\CE224821_PSoC4_Capsense_Touchpad_Gestures_CSD01.a(CapSense_Gesture.o)
 .bss           0x200001c4        0x8 .\CortexM0p\ARM_GCC_541\Debug\CE224821_PSoC4_Capsense_Touchpad_Gestures_CSD01.a(EZI2C.o)
                0x200001c4                EZI2C_initVar
                0x200001c8                EZI2C_customIntrHandler
 .bss           0x200001cc        0x2 .\CortexM0p\ARM_GCC_541\Debug\CE224821_PSoC4_Capsense_Touchpad_Gestures_CSD01.a(EZI2C_EZI2C_INT.o)
 .bss           0x200001ce        0x1 .\CortexM0p\ARM_GCC_541\Debug\CE224821_PSoC4_Capsense_Touchpad_Gestures_CSD01.a(PWM_Green.o)
                0x200001ce                PWM_Green_initVar
 .bss           0x200001cf        0x1 .\CortexM0p\ARM_GCC_541\Debug\CE224821_PSoC4_Capsense_Touchpad_Gestures_CSD01.a(PWM_Blue.o)
                0x200001cf                PWM_Blue_initVar
 .bss           0x200001d0       0x10 .\CortexM0p\ARM_GCC_541\Debug\CE224821_PSoC4_Capsense_Touchpad_Gestures_CSD01.a(CapSense_TMG.o)
 .bss           0x200001e0       0x18 .\CortexM0p\ARM_GCC_541\Debug\CE224821_PSoC4_Capsense_Touchpad_Gestures_CSD01.a(CyLib.o)
                0x200001f4                CySysTickInitVar
 .bss           0x200001f8       0x18 .\CortexM0p\ARM_GCC_541\Debug\CE224821_PSoC4_Capsense_Touchpad_Gestures_CSD01.a(CyLFClk.o)
 .bss           0x20000210       0x79 C:\Program Files (x86)\Cypress\PSoC Creator\4.4\PSoC Creator\psoc\content\CyComponentLibrary\CyComponentLibrary.cylib\CapSense_TMG_v2_0\Library\Gestures_GCC_M0p.a(Gesture.o)
                0x20000227                Gesture_prevScrollId
 *(COMMON)
 *fill*         0x20000289        0x3 
 COMMON         0x2000028c      0x128 .\CortexM0p\ARM_GCC_541\Debug\CE224821_PSoC4_Capsense_Touchpad_Gestures_CSD01.a(CapSense_Structure.o)
                0x2000028c                CapSense_dsRam
 COMMON         0x200003b4        0x8 .\CortexM0p\ARM_GCC_541\Debug\CE224821_PSoC4_Capsense_Touchpad_Gestures_CSD01.a(CapSense_Sensing.o)
                0x200003b4                CapSense_curRamSnsPtr
                0x200003b8                CapSense_curSnsIOPtr
 COMMON         0x200003bc       0x12 .\CortexM0p\ARM_GCC_541\Debug\CE224821_PSoC4_Capsense_Touchpad_Gestures_CSD01.a(EZI2C_EZI2C.o)
                0x200003bc                EZI2C_offsetBuf1
                0x200003be                EZI2C_indexBuf1
                0x200003c0                EZI2C_fsmState
                0x200003c2                EZI2C_protectBuf1
                0x200003c4                EZI2C_curStatus
                0x200003c8                EZI2C_dataBuffer1
                0x200003cc                EZI2C_bufSizeBuf1
 *fill*         0x200003ce        0x2 
 COMMON         0x200003d0       0x66 C:\Program Files (x86)\Cypress\PSoC Creator\4.4\PSoC Creator\psoc\content\CyComponentLibrary\CyComponentLibrary.cylib\CapSense_TMG_v2_0\Library\Gestures_GCC_M0p.a(Gesture.o)
                0x200003d0                Gesture_direction4Way
                0x200003d2                Gesture_prevDTCenterY
                0x200003d4                Gesture_prevDTCenterX
                0x200003d6                Gesture_lastY0
                0x200003d8                Gesture_firstX1
                0x200003da                Gesture_dtCenterY
                0x200003dc                Gesture_pIsSettlingTimedOut
                0x200003e0                Gesture_octantLocation
                0x200003e2                Gesture_deltaY
                0x200003e4                Gesture_firstClickY
                0x200003e8                Gesture_pGestureCounter
                0x200003ec                Gesture_pPrevX1
                0x200003f0                Gesture_pPrevGestureId
                0x200003f4                Gesture_lastX0
                0x200003f6                Gesture_firstY1
                0x200003f8                Gesture_pPrevX0
                0x200003fc                Gesture_firstY0
                0x200003fe                Gesture_clickCounter
                0x20000400                Gesture_pCanDetectSt
                0x20000404                Gesture_touchDuration
                0x20000406                Gesture_direction8Way
                0x20000408                Gesture_dtCenterX
                0x2000040a                Gesture_lastY1
                0x2000040c                Gesture_settlingStartTime
                0x20000410                Gesture_lastX1
                0x20000414                Gesture_pPrevY1
                0x20000418                Gesture_clickAndDrag
                0x2000041c                Gesture_pSwitchHistory
                0x20000420                Gesture_firstClickX
                0x20000424                Gesture_pPrevDtGestureId
                0x20000428                Gesture_pPrevTouchNum
                0x2000042c                Gesture_pPrevY0
                0x20000430                Gesture_deltaX
                0x20000432                Gesture_interClickDuration
                0x20000434                Gesture_firstX0
                0x20000438                . = ALIGN (0x8)
 *fill*         0x20000436        0x2 
 *(.ram.b)
                0x20000438                _end = .
                0x20000438                __end = .
                0x20000438                PROVIDE (end, .)
                0x20000438                PROVIDE (__bss_end__, .)
                0x00004570                __cy_region_init_ram = LOADADDR (.data)
                0x000000e0                __cy_region_init_size_ram = (_edata - ADDR (.data))
                0x000002c8                __cy_region_zero_size_ram = (_end - _edata)

.heap           0x20000438       0x80 load address 0x00004650
                0x20000438                . = _end
                0x200004b8                . = (. + 0x80)
 *fill*         0x20000438       0x80 
                0x200004b8                __cy_heap_limit = .

.stack          0x20001800      0x800
                0x20001800                __cy_stack_limit = .
                0x20002000                . = (. + 0x800)
 *fill*         0x20001800      0x800 
                0x00000001                ASSERT ((__cy_stack_limit >= __cy_heap_limit), region RAM overflowed with stack)
                0x00000000                cy_checksum_exclude_size = (CY_APPL_LOADABLE == 0x1)?SIZEOF (.cy_checksum_exclude):0x0
                0x00000001                ASSERT ((cy_checksum_exclude_size <= CY_CHECKSUM_EXCLUDE_SIZE), CY_BOOT: Section .cy_checksum_exclude size exceedes specified limit.)
                0x0000ffc0                cyloadermeta_start = (cy_project_type_bootloader || cy_project_type_app_for_stack_and_copier)?(LENGTH (rom) - CY_METADATA_SIZE):0xf0000000

.cyloadermeta
 *(.cyloadermeta)
                0x0000ffc0                cyloadablemeta_start = cy_project_type_app_for_stack_and_copier?((LENGTH (rom) - CY_FLASH_ROW_SIZE) - CY_METADATA_SIZE):((LENGTH (rom) - (CY_FLASH_ROW_SIZE * (CY_APPL_NUM - 0x1))) - CY_METADATA_SIZE)

.cyloadablemeta
 *(.cyloadablemeta)

.cyflashprotect
                0x90400000       0x40
 *(.cyflashprotect)
 .cyflashprotect
                0x90400000       0x40 .\CortexM0p\ARM_GCC_541\Debug\cymetadata.o
                0x90400000                cy_meta_flashprotect

.cymeta         0x90500000        0xc
 *(.cymeta)
 .cymeta        0x90500000        0xc .\CortexM0p\ARM_GCC_541\Debug\cymetadata.o
                0x90500000                cy_metadata

.cychipprotect  0x90600000        0x1
 *(.cychipprotect)
 .cychipprotect
                0x90600000        0x1 .\CortexM0p\ARM_GCC_541\Debug\cymetadata.o
                0x90600000                cy_meta_chipprotect

.rel.dyn        0x00004650        0x0 load address 0x90600004
 .rel.iplt      0x00004650        0x0 c:/program files (x86)/cypress/psoc creator/4.4/psoc creator/import/gnu/arm/5.4.1/bin/../lib/gcc/arm-none-eabi/5.4.1/armv6-m/crtbegin.o

.stab
 *(.stab)

.stabstr
 *(.stabstr)

.debug
 *(.debug)

.line
 *(.line)

.debug_srcinfo
 *(.debug_srcinfo)

.debug_sfnames
 *(.debug_sfnames)

.debug_aranges  0x00000000      0xcf0
 *(.debug_aranges)
 .debug_aranges
                0x00000000       0x20 .\CortexM0p\ARM_GCC_541\Debug\main.o
 .debug_aranges
                0x00000020       0x38 .\CortexM0p\ARM_GCC_541\Debug\cyfitter_cfg.o
 .debug_aranges
                0x00000058       0x18 .\CortexM0p\ARM_GCC_541\Debug\cymetadata.o
 .debug_aranges
                0x00000070       0x48 .\CortexM0p\ARM_GCC_541\Debug\Cm0plusStart.o
 .debug_aranges
                0x000000b8       0x68 .\CortexM0p\ARM_GCC_541\Debug\CE224821_PSoC4_Capsense_Touchpad_Gestures_CSD01.a(CapSense_Control.o)
 .debug_aranges
                0x00000120       0x48 .\CortexM0p\ARM_GCC_541\Debug\CE224821_PSoC4_Capsense_Touchpad_Gestures_CSD01.a(CapSense_Processing.o)
 .debug_aranges
                0x00000168       0x58 .\CortexM0p\ARM_GCC_541\Debug\CE224821_PSoC4_Capsense_Touchpad_Gestures_CSD01.a(CapSense_Structure.o)
 .debug_aranges
                0x000001c0       0x28 .\CortexM0p\ARM_GCC_541\Debug\CE224821_PSoC4_Capsense_Touchpad_Gestures_CSD01.a(CapSense_Tuner.o)
 .debug_aranges
                0x000001e8       0x78 .\CortexM0p\ARM_GCC_541\Debug\CE224821_PSoC4_Capsense_Touchpad_Gestures_CSD01.a(CapSense_Filter.o)
 .debug_aranges
                0x00000260       0xf8 .\CortexM0p\ARM_GCC_541\Debug\CE224821_PSoC4_Capsense_Touchpad_Gestures_CSD01.a(CapSense_Sensing.o)
 .debug_aranges
                0x00000358       0xd0 .\CortexM0p\ARM_GCC_541\Debug\CE224821_PSoC4_Capsense_Touchpad_Gestures_CSD01.a(CapSense_SensingCSD_LL.o)
 .debug_aranges
                0x00000428       0x40 .\CortexM0p\ARM_GCC_541\Debug\CE224821_PSoC4_Capsense_Touchpad_Gestures_CSD01.a(CapSense_Centroid_LL.o)
 .debug_aranges
                0x00000468       0x40 .\CortexM0p\ARM_GCC_541\Debug\CE224821_PSoC4_Capsense_Touchpad_Gestures_CSD01.a(CapSense_Gesture.o)
 .debug_aranges
                0x000004a8       0x48 .\CortexM0p\ARM_GCC_541\Debug\CE224821_PSoC4_Capsense_Touchpad_Gestures_CSD01.a(Red_LED.o)
 .debug_aranges
                0x000004f0       0x60 .\CortexM0p\ARM_GCC_541\Debug\CE224821_PSoC4_Capsense_Touchpad_Gestures_CSD01.a(EZI2C.o)
 .debug_aranges
                0x00000550       0x50 .\CortexM0p\ARM_GCC_541\Debug\CE224821_PSoC4_Capsense_Touchpad_Gestures_CSD01.a(EZI2C_EZI2C.o)
 .debug_aranges
                0x000005a0       0x20 .\CortexM0p\ARM_GCC_541\Debug\CE224821_PSoC4_Capsense_Touchpad_Gestures_CSD01.a(EZI2C_EZI2C_INT.o)
 .debug_aranges
                0x000005c0      0x158 .\CortexM0p\ARM_GCC_541\Debug\CE224821_PSoC4_Capsense_Touchpad_Gestures_CSD01.a(PWM_Green.o)
 .debug_aranges
                0x00000718      0x158 .\CortexM0p\ARM_GCC_541\Debug\CE224821_PSoC4_Capsense_Touchpad_Gestures_CSD01.a(PWM_Blue.o)
 .debug_aranges
                0x00000870       0x80 .\CortexM0p\ARM_GCC_541\Debug\CE224821_PSoC4_Capsense_Touchpad_Gestures_CSD01.a(CapSense_ISR.o)
 .debug_aranges
                0x000008f0       0x28 .\CortexM0p\ARM_GCC_541\Debug\CE224821_PSoC4_Capsense_Touchpad_Gestures_CSD01.a(CapSense_TMG.o)
 .debug_aranges
                0x00000918      0x190 .\CortexM0p\ARM_GCC_541\Debug\CE224821_PSoC4_Capsense_Touchpad_Gestures_CSD01.a(CyLib.o)
 .debug_aranges
                0x00000aa8      0x1a8 .\CortexM0p\ARM_GCC_541\Debug\CE224821_PSoC4_Capsense_Touchpad_Gestures_CSD01.a(CyLFClk.o)
 .debug_aranges
                0x00000c50       0x20 .\CortexM0p\ARM_GCC_541\Debug\CE224821_PSoC4_Capsense_Touchpad_Gestures_CSD01.a(CyBootAsmGnu.o)
 .debug_aranges
                0x00000c70       0x38 .\CortexM0p\ARM_GCC_541\Debug\CE224821_PSoC4_Capsense_Touchpad_Gestures_CSD01.a(CapSense_INT.o)
 .debug_aranges
                0x00000ca8       0x48 .\CortexM0p\ARM_GCC_541\Debug\CE224821_PSoC4_Capsense_Touchpad_Gestures_CSD01.a(CyFlash.o)

.debug_pubnames
 *(.debug_pubnames)

.debug_info     0x00000000     0xe0f4
 *(.debug_info .gnu.linkonce.wi.*)
 .debug_info    0x00000000      0xa57 .\CortexM0p\ARM_GCC_541\Debug\main.o
 .debug_info    0x00000a57      0x1c4 .\CortexM0p\ARM_GCC_541\Debug\cyfitter_cfg.o
 .debug_info    0x00000c1b       0xf8 .\CortexM0p\ARM_GCC_541\Debug\cymetadata.o
 .debug_info    0x00000d13      0x3a5 .\CortexM0p\ARM_GCC_541\Debug\Cm0plusStart.o
 .debug_info    0x000010b8      0xe9b .\CortexM0p\ARM_GCC_541\Debug\CE224821_PSoC4_Capsense_Touchpad_Gestures_CSD01.a(CapSense_Control.o)
 .debug_info    0x00001f53     0x10d2 .\CortexM0p\ARM_GCC_541\Debug\CE224821_PSoC4_Capsense_Touchpad_Gestures_CSD01.a(CapSense_Processing.o)
 .debug_info    0x00003025     0x1022 .\CortexM0p\ARM_GCC_541\Debug\CE224821_PSoC4_Capsense_Touchpad_Gestures_CSD01.a(CapSense_Structure.o)
 .debug_info    0x00004047      0xa9c .\CortexM0p\ARM_GCC_541\Debug\CE224821_PSoC4_Capsense_Touchpad_Gestures_CSD01.a(CapSense_Tuner.o)
 .debug_info    0x00004ae3      0x841 .\CortexM0p\ARM_GCC_541\Debug\CE224821_PSoC4_Capsense_Touchpad_Gestures_CSD01.a(CapSense_Filter.o)
 .debug_info    0x00005324     0x1775 .\CortexM0p\ARM_GCC_541\Debug\CE224821_PSoC4_Capsense_Touchpad_Gestures_CSD01.a(CapSense_Sensing.o)
 .debug_info    0x00006a99     0x17c5 .\CortexM0p\ARM_GCC_541\Debug\CE224821_PSoC4_Capsense_Touchpad_Gestures_CSD01.a(CapSense_SensingCSD_LL.o)
 .debug_info    0x0000825e      0x5e4 .\CortexM0p\ARM_GCC_541\Debug\CE224821_PSoC4_Capsense_Touchpad_Gestures_CSD01.a(CapSense_Centroid_LL.o)
 .debug_info    0x00008842      0xd22 .\CortexM0p\ARM_GCC_541\Debug\CE224821_PSoC4_Capsense_Touchpad_Gestures_CSD01.a(CapSense_Gesture.o)
 .debug_info    0x00009564      0x19d .\CortexM0p\ARM_GCC_541\Debug\CE224821_PSoC4_Capsense_Touchpad_Gestures_CSD01.a(Red_LED.o)
 .debug_info    0x00009701      0x298 .\CortexM0p\ARM_GCC_541\Debug\CE224821_PSoC4_Capsense_Touchpad_Gestures_CSD01.a(EZI2C.o)
 .debug_info    0x00009999      0x319 .\CortexM0p\ARM_GCC_541\Debug\CE224821_PSoC4_Capsense_Touchpad_Gestures_CSD01.a(EZI2C_EZI2C.o)
 .debug_info    0x00009cb2      0x1e4 .\CortexM0p\ARM_GCC_541\Debug\CE224821_PSoC4_Capsense_Touchpad_Gestures_CSD01.a(EZI2C_EZI2C_INT.o)
 .debug_info    0x00009e96      0x909 .\CortexM0p\ARM_GCC_541\Debug\CE224821_PSoC4_Capsense_Touchpad_Gestures_CSD01.a(PWM_Green.o)
 .debug_info    0x0000a79f      0x909 .\CortexM0p\ARM_GCC_541\Debug\CE224821_PSoC4_Capsense_Touchpad_Gestures_CSD01.a(PWM_Blue.o)
 .debug_info    0x0000b0a8      0x305 .\CortexM0p\ARM_GCC_541\Debug\CE224821_PSoC4_Capsense_Touchpad_Gestures_CSD01.a(CapSense_ISR.o)
 .debug_info    0x0000b3ad      0x316 .\CortexM0p\ARM_GCC_541\Debug\CE224821_PSoC4_Capsense_Touchpad_Gestures_CSD01.a(CapSense_TMG.o)
 .debug_info    0x0000b6c3      0xbce .\CortexM0p\ARM_GCC_541\Debug\CE224821_PSoC4_Capsense_Touchpad_Gestures_CSD01.a(CyLib.o)
 .debug_info    0x0000c291      0xd06 .\CortexM0p\ARM_GCC_541\Debug\CE224821_PSoC4_Capsense_Touchpad_Gestures_CSD01.a(CyLFClk.o)
 .debug_info    0x0000cf97       0xe6 .\CortexM0p\ARM_GCC_541\Debug\CE224821_PSoC4_Capsense_Touchpad_Gestures_CSD01.a(CyBootAsmGnu.o)
 .debug_info    0x0000d07d      0xc60 .\CortexM0p\ARM_GCC_541\Debug\CE224821_PSoC4_Capsense_Touchpad_Gestures_CSD01.a(CapSense_INT.o)
 .debug_info    0x0000dcdd      0x417 .\CortexM0p\ARM_GCC_541\Debug\CE224821_PSoC4_Capsense_Touchpad_Gestures_CSD01.a(CyFlash.o)

.debug_abbrev   0x00000000     0x277f
 *(.debug_abbrev)
 .debug_abbrev  0x00000000      0x154 .\CortexM0p\ARM_GCC_541\Debug\main.o
 .debug_abbrev  0x00000154       0xe8 .\CortexM0p\ARM_GCC_541\Debug\cyfitter_cfg.o
 .debug_abbrev  0x0000023c       0x5d .\CortexM0p\ARM_GCC_541\Debug\cymetadata.o
 .debug_abbrev  0x00000299      0x1d0 .\CortexM0p\ARM_GCC_541\Debug\Cm0plusStart.o
 .debug_abbrev  0x00000469      0x234 .\CortexM0p\ARM_GCC_541\Debug\CE224821_PSoC4_Capsense_Touchpad_Gestures_CSD01.a(CapSense_Control.o)
 .debug_abbrev  0x0000069d      0x228 .\CortexM0p\ARM_GCC_541\Debug\CE224821_PSoC4_Capsense_Touchpad_Gestures_CSD01.a(CapSense_Processing.o)
 .debug_abbrev  0x000008c5      0x22c .\CortexM0p\ARM_GCC_541\Debug\CE224821_PSoC4_Capsense_Touchpad_Gestures_CSD01.a(CapSense_Structure.o)
 .debug_abbrev  0x00000af1      0x182 .\CortexM0p\ARM_GCC_541\Debug\CE224821_PSoC4_Capsense_Touchpad_Gestures_CSD01.a(CapSense_Tuner.o)
 .debug_abbrev  0x00000c73      0x1f3 .\CortexM0p\ARM_GCC_541\Debug\CE224821_PSoC4_Capsense_Touchpad_Gestures_CSD01.a(CapSense_Filter.o)
 .debug_abbrev  0x00000e66      0x253 .\CortexM0p\ARM_GCC_541\Debug\CE224821_PSoC4_Capsense_Touchpad_Gestures_CSD01.a(CapSense_Sensing.o)
 .debug_abbrev  0x000010b9      0x296 .\CortexM0p\ARM_GCC_541\Debug\CE224821_PSoC4_Capsense_Touchpad_Gestures_CSD01.a(CapSense_SensingCSD_LL.o)
 .debug_abbrev  0x0000134f      0x171 .\CortexM0p\ARM_GCC_541\Debug\CE224821_PSoC4_Capsense_Touchpad_Gestures_CSD01.a(CapSense_Centroid_LL.o)
 .debug_abbrev  0x000014c0      0x285 .\CortexM0p\ARM_GCC_541\Debug\CE224821_PSoC4_Capsense_Touchpad_Gestures_CSD01.a(CapSense_Gesture.o)
 .debug_abbrev  0x00001745       0xc8 .\CortexM0p\ARM_GCC_541\Debug\CE224821_PSoC4_Capsense_Touchpad_Gestures_CSD01.a(Red_LED.o)
 .debug_abbrev  0x0000180d      0x118 .\CortexM0p\ARM_GCC_541\Debug\CE224821_PSoC4_Capsense_Touchpad_Gestures_CSD01.a(EZI2C.o)
 .debug_abbrev  0x00001925      0x13a .\CortexM0p\ARM_GCC_541\Debug\CE224821_PSoC4_Capsense_Touchpad_Gestures_CSD01.a(EZI2C_EZI2C.o)
 .debug_abbrev  0x00001a5f       0xbf .\CortexM0p\ARM_GCC_541\Debug\CE224821_PSoC4_Capsense_Touchpad_Gestures_CSD01.a(EZI2C_EZI2C_INT.o)
 .debug_abbrev  0x00001b1e      0x119 .\CortexM0p\ARM_GCC_541\Debug\CE224821_PSoC4_Capsense_Touchpad_Gestures_CSD01.a(PWM_Green.o)
 .debug_abbrev  0x00001c37      0x119 .\CortexM0p\ARM_GCC_541\Debug\CE224821_PSoC4_Capsense_Touchpad_Gestures_CSD01.a(PWM_Blue.o)
 .debug_abbrev  0x00001d50      0x19a .\CortexM0p\ARM_GCC_541\Debug\CE224821_PSoC4_Capsense_Touchpad_Gestures_CSD01.a(CapSense_ISR.o)
 .debug_abbrev  0x00001eea      0x153 .\CortexM0p\ARM_GCC_541\Debug\CE224821_PSoC4_Capsense_Touchpad_Gestures_CSD01.a(CapSense_TMG.o)
 .debug_abbrev  0x0000203d      0x1f5 .\CortexM0p\ARM_GCC_541\Debug\CE224821_PSoC4_Capsense_Touchpad_Gestures_CSD01.a(CyLib.o)
 .debug_abbrev  0x00002232      0x207 .\CortexM0p\ARM_GCC_541\Debug\CE224821_PSoC4_Capsense_Touchpad_Gestures_CSD01.a(CyLFClk.o)
 .debug_abbrev  0x00002439       0x14 .\CortexM0p\ARM_GCC_541\Debug\CE224821_PSoC4_Capsense_Touchpad_Gestures_CSD01.a(CyBootAsmGnu.o)
 .debug_abbrev  0x0000244d      0x194 .\CortexM0p\ARM_GCC_541\Debug\CE224821_PSoC4_Capsense_Touchpad_Gestures_CSD01.a(CapSense_INT.o)
 .debug_abbrev  0x000025e1      0x19e .\CortexM0p\ARM_GCC_541\Debug\CE224821_PSoC4_Capsense_Touchpad_Gestures_CSD01.a(CyFlash.o)

.debug_line     0x00000000     0x4210
 *(.debug_line)
 .debug_line    0x00000000      0x298 .\CortexM0p\ARM_GCC_541\Debug\main.o
 .debug_line    0x00000298       0xd2 .\CortexM0p\ARM_GCC_541\Debug\cyfitter_cfg.o
 .debug_line    0x0000036a      0x141 .\CortexM0p\ARM_GCC_541\Debug\cymetadata.o
 .debug_line    0x000004ab      0x247 .\CortexM0p\ARM_GCC_541\Debug\Cm0plusStart.o
 .debug_line    0x000006f2      0x339 .\CortexM0p\ARM_GCC_541\Debug\CE224821_PSoC4_Capsense_Touchpad_Gestures_CSD01.a(CapSense_Control.o)
 .debug_line    0x00000a2b      0x35c .\CortexM0p\ARM_GCC_541\Debug\CE224821_PSoC4_Capsense_Touchpad_Gestures_CSD01.a(CapSense_Processing.o)
 .debug_line    0x00000d87      0x300 .\CortexM0p\ARM_GCC_541\Debug\CE224821_PSoC4_Capsense_Touchpad_Gestures_CSD01.a(CapSense_Structure.o)
 .debug_line    0x00001087      0x22b .\CortexM0p\ARM_GCC_541\Debug\CE224821_PSoC4_Capsense_Touchpad_Gestures_CSD01.a(CapSense_Tuner.o)
 .debug_line    0x000012b2      0x1d3 .\CortexM0p\ARM_GCC_541\Debug\CE224821_PSoC4_Capsense_Touchpad_Gestures_CSD01.a(CapSense_Filter.o)
 .debug_line    0x00001485      0x5db .\CortexM0p\ARM_GCC_541\Debug\CE224821_PSoC4_Capsense_Touchpad_Gestures_CSD01.a(CapSense_Sensing.o)
 .debug_line    0x00001a60      0x647 .\CortexM0p\ARM_GCC_541\Debug\CE224821_PSoC4_Capsense_Touchpad_Gestures_CSD01.a(CapSense_SensingCSD_LL.o)
 .debug_line    0x000020a7      0x195 .\CortexM0p\ARM_GCC_541\Debug\CE224821_PSoC4_Capsense_Touchpad_Gestures_CSD01.a(CapSense_Centroid_LL.o)
 .debug_line    0x0000223c      0x265 .\CortexM0p\ARM_GCC_541\Debug\CE224821_PSoC4_Capsense_Touchpad_Gestures_CSD01.a(CapSense_Gesture.o)
 .debug_line    0x000024a1       0xbf .\CortexM0p\ARM_GCC_541\Debug\CE224821_PSoC4_Capsense_Touchpad_Gestures_CSD01.a(Red_LED.o)
 .debug_line    0x00002560      0x128 .\CortexM0p\ARM_GCC_541\Debug\CE224821_PSoC4_Capsense_Touchpad_Gestures_CSD01.a(EZI2C.o)
 .debug_line    0x00002688      0x103 .\CortexM0p\ARM_GCC_541\Debug\CE224821_PSoC4_Capsense_Touchpad_Gestures_CSD01.a(EZI2C_EZI2C.o)
 .debug_line    0x0000278b      0x13a .\CortexM0p\ARM_GCC_541\Debug\CE224821_PSoC4_Capsense_Touchpad_Gestures_CSD01.a(EZI2C_EZI2C_INT.o)
 .debug_line    0x000028c5      0x382 .\CortexM0p\ARM_GCC_541\Debug\CE224821_PSoC4_Capsense_Touchpad_Gestures_CSD01.a(PWM_Green.o)
 .debug_line    0x00002c47      0x381 .\CortexM0p\ARM_GCC_541\Debug\CE224821_PSoC4_Capsense_Touchpad_Gestures_CSD01.a(PWM_Blue.o)
 .debug_line    0x00002fc8      0x158 .\CortexM0p\ARM_GCC_541\Debug\CE224821_PSoC4_Capsense_Touchpad_Gestures_CSD01.a(CapSense_ISR.o)
 .debug_line    0x00003120      0x1c7 .\CortexM0p\ARM_GCC_541\Debug\CE224821_PSoC4_Capsense_Touchpad_Gestures_CSD01.a(CapSense_TMG.o)
 .debug_line    0x000032e7      0x4dc .\CortexM0p\ARM_GCC_541\Debug\CE224821_PSoC4_Capsense_Touchpad_Gestures_CSD01.a(CyLib.o)
 .debug_line    0x000037c3      0x5c1 .\CortexM0p\ARM_GCC_541\Debug\CE224821_PSoC4_Capsense_Touchpad_Gestures_CSD01.a(CyLFClk.o)
 .debug_line    0x00003d84       0x68 .\CortexM0p\ARM_GCC_541\Debug\CE224821_PSoC4_Capsense_Touchpad_Gestures_CSD01.a(CyBootAsmGnu.o)
 .debug_line    0x00003dec      0x244 .\CortexM0p\ARM_GCC_541\Debug\CE224821_PSoC4_Capsense_Touchpad_Gestures_CSD01.a(CapSense_INT.o)
 .debug_line    0x00004030      0x1e0 .\CortexM0p\ARM_GCC_541\Debug\CE224821_PSoC4_Capsense_Touchpad_Gestures_CSD01.a(CyFlash.o)

.debug_frame    0x00000000     0x22bc
 *(.debug_frame)
 .debug_frame   0x00000000       0x30 .\CortexM0p\ARM_GCC_541\Debug\main.o
 .debug_frame   0x00000030       0x74 .\CortexM0p\ARM_GCC_541\Debug\cyfitter_cfg.o
 .debug_frame   0x000000a4       0xbc .\CortexM0p\ARM_GCC_541\Debug\Cm0plusStart.o
 .debug_frame   0x00000160      0x11c .\CortexM0p\ARM_GCC_541\Debug\CE224821_PSoC4_Capsense_Touchpad_Gestures_CSD01.a(CapSense_Control.o)
 .debug_frame   0x0000027c       0xf0 .\CortexM0p\ARM_GCC_541\Debug\CE224821_PSoC4_Capsense_Touchpad_Gestures_CSD01.a(CapSense_Processing.o)
 .debug_frame   0x0000036c       0xd0 .\CortexM0p\ARM_GCC_541\Debug\CE224821_PSoC4_Capsense_Touchpad_Gestures_CSD01.a(CapSense_Structure.o)
 .debug_frame   0x0000043c       0x40 .\CortexM0p\ARM_GCC_541\Debug\CE224821_PSoC4_Capsense_Touchpad_Gestures_CSD01.a(CapSense_Tuner.o)
 .debug_frame   0x0000047c      0x150 .\CortexM0p\ARM_GCC_541\Debug\CE224821_PSoC4_Capsense_Touchpad_Gestures_CSD01.a(CapSense_Filter.o)
 .debug_frame   0x000005cc      0x31c .\CortexM0p\ARM_GCC_541\Debug\CE224821_PSoC4_Capsense_Touchpad_Gestures_CSD01.a(CapSense_Sensing.o)
 .debug_frame   0x000008e8      0x310 .\CortexM0p\ARM_GCC_541\Debug\CE224821_PSoC4_Capsense_Touchpad_Gestures_CSD01.a(CapSense_SensingCSD_LL.o)
 .debug_frame   0x00000bf8       0xbc .\CortexM0p\ARM_GCC_541\Debug\CE224821_PSoC4_Capsense_Touchpad_Gestures_CSD01.a(CapSense_Centroid_LL.o)
 .debug_frame   0x00000cb4       0x88 .\CortexM0p\ARM_GCC_541\Debug\CE224821_PSoC4_Capsense_Touchpad_Gestures_CSD01.a(CapSense_Gesture.o)
 .debug_frame   0x00000d3c       0x70 .\CortexM0p\ARM_GCC_541\Debug\CE224821_PSoC4_Capsense_Touchpad_Gestures_CSD01.a(Red_LED.o)
 .debug_frame   0x00000dac       0xe8 .\CortexM0p\ARM_GCC_541\Debug\CE224821_PSoC4_Capsense_Touchpad_Gestures_CSD01.a(EZI2C.o)
 .debug_frame   0x00000e94       0xa8 .\CortexM0p\ARM_GCC_541\Debug\CE224821_PSoC4_Capsense_Touchpad_Gestures_CSD01.a(EZI2C_EZI2C.o)
 .debug_frame   0x00000f3c       0x30 .\CortexM0p\ARM_GCC_541\Debug\CE224821_PSoC4_Capsense_Touchpad_Gestures_CSD01.a(EZI2C_EZI2C_INT.o)
 .debug_frame   0x00000f6c      0x3a0 .\CortexM0p\ARM_GCC_541\Debug\CE224821_PSoC4_Capsense_Touchpad_Gestures_CSD01.a(PWM_Green.o)
 .debug_frame   0x0000130c      0x3a0 .\CortexM0p\ARM_GCC_541\Debug\CE224821_PSoC4_Capsense_Touchpad_Gestures_CSD01.a(PWM_Blue.o)
 .debug_frame   0x000016ac      0x110 .\CortexM0p\ARM_GCC_541\Debug\CE224821_PSoC4_Capsense_Touchpad_Gestures_CSD01.a(CapSense_ISR.o)
 .debug_frame   0x000017bc       0x48 .\CortexM0p\ARM_GCC_541\Debug\CE224821_PSoC4_Capsense_Touchpad_Gestures_CSD01.a(CapSense_TMG.o)
 .debug_frame   0x00001804      0x418 .\CortexM0p\ARM_GCC_541\Debug\CE224821_PSoC4_Capsense_Touchpad_Gestures_CSD01.a(CyLib.o)
 .debug_frame   0x00001c1c      0x484 .\CortexM0p\ARM_GCC_541\Debug\CE224821_PSoC4_Capsense_Touchpad_Gestures_CSD01.a(CyLFClk.o)
 .debug_frame   0x000020a0       0x78 .\CortexM0p\ARM_GCC_541\Debug\CE224821_PSoC4_Capsense_Touchpad_Gestures_CSD01.a(CapSense_INT.o)
 .debug_frame   0x00002118       0xa8 .\CortexM0p\ARM_GCC_541\Debug\CE224821_PSoC4_Capsense_Touchpad_Gestures_CSD01.a(CyFlash.o)
 .debug_frame   0x000021c0       0x20 c:/program files (x86)/cypress/psoc creator/4.4/psoc creator/import/gnu/arm/5.4.1/bin/../lib/gcc/arm-none-eabi/5.4.1/armv6-m\libgcc.a(_udivsi3.o)
 .debug_frame   0x000021e0       0x20 c:/program files (x86)/cypress/psoc creator/4.4/psoc creator/import/gnu/arm/5.4.1/bin/../lib/gcc/arm-none-eabi/5.4.1/armv6-m\libgcc.a(_divsi3.o)
 .debug_frame   0x00002200       0x20 c:/program files (x86)/cypress/psoc creator/4.4/psoc creator/import/gnu/arm/5.4.1/bin/../lib/gcc/arm-none-eabi/5.4.1/../../../../arm-none-eabi/lib/armv6-m\libg_nano.a(lib_a-errno.o)
 .debug_frame   0x00002220       0x28 c:/program files (x86)/cypress/psoc creator/4.4/psoc creator/import/gnu/arm/5.4.1/bin/../lib/gcc/arm-none-eabi/5.4.1/../../../../arm-none-eabi/lib/armv6-m\libg_nano.a(lib_a-exit.o)
 .debug_frame   0x00002248       0x2c c:/program files (x86)/cypress/psoc creator/4.4/psoc creator/import/gnu/arm/5.4.1/bin/../lib/gcc/arm-none-eabi/5.4.1/../../../../arm-none-eabi/lib/armv6-m\libg_nano.a(lib_a-init.o)
 .debug_frame   0x00002274       0x28 c:/program files (x86)/cypress/psoc creator/4.4/psoc creator/import/gnu/arm/5.4.1/bin/../lib/gcc/arm-none-eabi/5.4.1/../../../../arm-none-eabi/lib/armv6-m\libg_nano.a(lib_a-memcpy-stub.o)
 .debug_frame   0x0000229c       0x20 c:/program files (x86)/cypress/psoc creator/4.4/psoc creator/import/gnu/arm/5.4.1/bin/../lib/gcc/arm-none-eabi/5.4.1/../../../../arm-none-eabi/lib/armv6-m\libg_nano.a(lib_a-memset.o)

.debug_str      0x00000000     0x4292
 *(.debug_str)
 .debug_str     0x00000000      0xae3 .\CortexM0p\ARM_GCC_541\Debug\main.o
                                0xb40 (size before relaxing)
 .debug_str     0x00000ae3       0xc3 .\CortexM0p\ARM_GCC_541\Debug\cyfitter_cfg.o
                                0x2a5 (size before relaxing)
 .debug_str     0x00000ba6       0x59 .\CortexM0p\ARM_GCC_541\Debug\cymetadata.o
                                0x222 (size before relaxing)
 .debug_str     0x00000bff      0x155 .\CortexM0p\ARM_GCC_541\Debug\Cm0plusStart.o
                                0x369 (size before relaxing)
 .debug_str     0x00000d54      0x56c .\CortexM0p\ARM_GCC_541\Debug\CE224821_PSoC4_Capsense_Touchpad_Gestures_CSD01.a(CapSense_Control.o)
                                0xf77 (size before relaxing)
 .debug_str     0x000012c0      0x25e .\CortexM0p\ARM_GCC_541\Debug\CE224821_PSoC4_Capsense_Touchpad_Gestures_CSD01.a(CapSense_Processing.o)
                                0xfd2 (size before relaxing)
 .debug_str     0x0000151e      0x223 .\CortexM0p\ARM_GCC_541\Debug\CE224821_PSoC4_Capsense_Touchpad_Gestures_CSD01.a(CapSense_Structure.o)
                                0xf32 (size before relaxing)
 .debug_str     0x00001741      0x15f .\CortexM0p\ARM_GCC_541\Debug\CE224821_PSoC4_Capsense_Touchpad_Gestures_CSD01.a(CapSense_Tuner.o)
                                0xc89 (size before relaxing)
 .debug_str     0x000018a0      0x1cc .\CortexM0p\ARM_GCC_541\Debug\CE224821_PSoC4_Capsense_Touchpad_Gestures_CSD01.a(CapSense_Filter.o)
                                0x742 (size before relaxing)
 .debug_str     0x00001a6c      0x6bf .\CortexM0p\ARM_GCC_541\Debug\CE224821_PSoC4_Capsense_Touchpad_Gestures_CSD01.a(CapSense_Sensing.o)
                               0x145a (size before relaxing)
 .debug_str     0x0000212b      0x3bf .\CortexM0p\ARM_GCC_541\Debug\CE224821_PSoC4_Capsense_Touchpad_Gestures_CSD01.a(CapSense_SensingCSD_LL.o)
                               0x136b (size before relaxing)
 .debug_str     0x000024ea      0x11e .\CortexM0p\ARM_GCC_541\Debug\CE224821_PSoC4_Capsense_Touchpad_Gestures_CSD01.a(CapSense_Centroid_LL.o)
                                0x58d (size before relaxing)
 .debug_str     0x00002608      0x1dc .\CortexM0p\ARM_GCC_541\Debug\CE224821_PSoC4_Capsense_Touchpad_Gestures_CSD01.a(CapSense_Gesture.o)
                                0xe95 (size before relaxing)
 .debug_str     0x000027e4       0xa2 .\CortexM0p\ARM_GCC_541\Debug\CE224821_PSoC4_Capsense_Touchpad_Gestures_CSD01.a(Red_LED.o)
                                0x29e (size before relaxing)
 .debug_str     0x00002886      0x119 .\CortexM0p\ARM_GCC_541\Debug\CE224821_PSoC4_Capsense_Touchpad_Gestures_CSD01.a(EZI2C.o)
                                0x338 (size before relaxing)
 .debug_str     0x0000299f      0x136 .\CortexM0p\ARM_GCC_541\Debug\CE224821_PSoC4_Capsense_Touchpad_Gestures_CSD01.a(EZI2C_EZI2C.o)
                                0x392 (size before relaxing)
 .debug_str     0x00002ad5       0x97 .\CortexM0p\ARM_GCC_541\Debug\CE224821_PSoC4_Capsense_Touchpad_Gestures_CSD01.a(EZI2C_EZI2C_INT.o)
                                0x328 (size before relaxing)
 .debug_str     0x00002b6c      0x449 .\CortexM0p\ARM_GCC_541\Debug\CE224821_PSoC4_Capsense_Touchpad_Gestures_CSD01.a(PWM_Green.o)
                                0x6b3 (size before relaxing)
 .debug_str     0x00002fb5      0x36b .\CortexM0p\ARM_GCC_541\Debug\CE224821_PSoC4_Capsense_Touchpad_Gestures_CSD01.a(PWM_Blue.o)
                                0x689 (size before relaxing)
 .debug_str     0x00003320      0x14b .\CortexM0p\ARM_GCC_541\Debug\CE224821_PSoC4_Capsense_Touchpad_Gestures_CSD01.a(CapSense_ISR.o)
                                0x3a6 (size before relaxing)
 .debug_str     0x0000346b      0x1c5 .\CortexM0p\ARM_GCC_541\Debug\CE224821_PSoC4_Capsense_Touchpad_Gestures_CSD01.a(CapSense_TMG.o)
                                0x3fd (size before relaxing)
 .debug_str     0x00003630      0x46f .\CortexM0p\ARM_GCC_541\Debug\CE224821_PSoC4_Capsense_Touchpad_Gestures_CSD01.a(CyLib.o)
                                0x765 (size before relaxing)
 .debug_str     0x00003a9f      0x632 .\CortexM0p\ARM_GCC_541\Debug\CE224821_PSoC4_Capsense_Touchpad_Gestures_CSD01.a(CyLFClk.o)
                                0x8f3 (size before relaxing)
 .debug_str     0x000040d1       0xa4 .\CortexM0p\ARM_GCC_541\Debug\CE224821_PSoC4_Capsense_Touchpad_Gestures_CSD01.a(CapSense_INT.o)
                                0xd4a (size before relaxing)
 .debug_str     0x00004175      0x11d .\CortexM0p\ARM_GCC_541\Debug\CE224821_PSoC4_Capsense_Touchpad_Gestures_CSD01.a(CyFlash.o)
                                0x37c (size before relaxing)

.debug_loc      0x00000000     0x5c5f
 *(.debug_loc)
 .debug_loc     0x00000000       0x56 .\CortexM0p\ARM_GCC_541\Debug\main.o
 .debug_loc     0x00000056       0x35 .\CortexM0p\ARM_GCC_541\Debug\cyfitter_cfg.o
 .debug_loc     0x0000008b      0x14f .\CortexM0p\ARM_GCC_541\Debug\Cm0plusStart.o
 .debug_loc     0x000001da      0x419 .\CortexM0p\ARM_GCC_541\Debug\CE224821_PSoC4_Capsense_Touchpad_Gestures_CSD01.a(CapSense_Control.o)
 .debug_loc     0x000005f3      0x784 .\CortexM0p\ARM_GCC_541\Debug\CE224821_PSoC4_Capsense_Touchpad_Gestures_CSD01.a(CapSense_Processing.o)
 .debug_loc     0x00000d77      0x4b7 .\CortexM0p\ARM_GCC_541\Debug\CE224821_PSoC4_Capsense_Touchpad_Gestures_CSD01.a(CapSense_Structure.o)
 .debug_loc     0x0000122e      0x176 .\CortexM0p\ARM_GCC_541\Debug\CE224821_PSoC4_Capsense_Touchpad_Gestures_CSD01.a(CapSense_Tuner.o)
 .debug_loc     0x000013a4      0x5f8 .\CortexM0p\ARM_GCC_541\Debug\CE224821_PSoC4_Capsense_Touchpad_Gestures_CSD01.a(CapSense_Filter.o)
 .debug_loc     0x0000199c      0xa09 .\CortexM0p\ARM_GCC_541\Debug\CE224821_PSoC4_Capsense_Touchpad_Gestures_CSD01.a(CapSense_Sensing.o)
 .debug_loc     0x000023a5     0x1066 .\CortexM0p\ARM_GCC_541\Debug\CE224821_PSoC4_Capsense_Touchpad_Gestures_CSD01.a(CapSense_SensingCSD_LL.o)
 .debug_loc     0x0000340b      0x3fe .\CortexM0p\ARM_GCC_541\Debug\CE224821_PSoC4_Capsense_Touchpad_Gestures_CSD01.a(CapSense_Centroid_LL.o)
 .debug_loc     0x00003809      0x1af .\CortexM0p\ARM_GCC_541\Debug\CE224821_PSoC4_Capsense_Touchpad_Gestures_CSD01.a(CapSense_Gesture.o)
 .debug_loc     0x000039b8       0xa2 .\CortexM0p\ARM_GCC_541\Debug\CE224821_PSoC4_Capsense_Touchpad_Gestures_CSD01.a(Red_LED.o)
 .debug_loc     0x00003a5a       0x7e .\CortexM0p\ARM_GCC_541\Debug\CE224821_PSoC4_Capsense_Touchpad_Gestures_CSD01.a(EZI2C.o)
 .debug_loc     0x00003ad8       0xec .\CortexM0p\ARM_GCC_541\Debug\CE224821_PSoC4_Capsense_Touchpad_Gestures_CSD01.a(EZI2C_EZI2C.o)
 .debug_loc     0x00003bc4      0x132 .\CortexM0p\ARM_GCC_541\Debug\CE224821_PSoC4_Capsense_Touchpad_Gestures_CSD01.a(EZI2C_EZI2C_INT.o)
 .debug_loc     0x00003cf6      0x547 .\CortexM0p\ARM_GCC_541\Debug\CE224821_PSoC4_Capsense_Touchpad_Gestures_CSD01.a(PWM_Green.o)
 .debug_loc     0x0000423d      0x547 .\CortexM0p\ARM_GCC_541\Debug\CE224821_PSoC4_Capsense_Touchpad_Gestures_CSD01.a(PWM_Blue.o)
 .debug_loc     0x00004784       0x82 .\CortexM0p\ARM_GCC_541\Debug\CE224821_PSoC4_Capsense_Touchpad_Gestures_CSD01.a(CapSense_ISR.o)
 .debug_loc     0x00004806      0x182 .\CortexM0p\ARM_GCC_541\Debug\CE224821_PSoC4_Capsense_Touchpad_Gestures_CSD01.a(CapSense_TMG.o)
 .debug_loc     0x00004988      0x5d9 .\CortexM0p\ARM_GCC_541\Debug\CE224821_PSoC4_Capsense_Touchpad_Gestures_CSD01.a(CyLib.o)
 .debug_loc     0x00004f61      0xa88 .\CortexM0p\ARM_GCC_541\Debug\CE224821_PSoC4_Capsense_Touchpad_Gestures_CSD01.a(CyLFClk.o)
 .debug_loc     0x000059e9       0xb9 .\CortexM0p\ARM_GCC_541\Debug\CE224821_PSoC4_Capsense_Touchpad_Gestures_CSD01.a(CapSense_INT.o)
 .debug_loc     0x00005aa2      0x1bd .\CortexM0p\ARM_GCC_541\Debug\CE224821_PSoC4_Capsense_Touchpad_Gestures_CSD01.a(CyFlash.o)

.debug_macinfo
 *(.debug_macinfo)

.debug_ranges   0x00000000      0xb38
 *(.debug_ranges)
 .debug_ranges  0x00000000       0x10 .\CortexM0p\ARM_GCC_541\Debug\main.o
 .debug_ranges  0x00000010       0x28 .\CortexM0p\ARM_GCC_541\Debug\cyfitter_cfg.o
 .debug_ranges  0x00000038       0x38 .\CortexM0p\ARM_GCC_541\Debug\Cm0plusStart.o
 .debug_ranges  0x00000070       0x58 .\CortexM0p\ARM_GCC_541\Debug\CE224821_PSoC4_Capsense_Touchpad_Gestures_CSD01.a(CapSense_Control.o)
 .debug_ranges  0x000000c8       0x38 .\CortexM0p\ARM_GCC_541\Debug\CE224821_PSoC4_Capsense_Touchpad_Gestures_CSD01.a(CapSense_Processing.o)
 .debug_ranges  0x00000100       0x48 .\CortexM0p\ARM_GCC_541\Debug\CE224821_PSoC4_Capsense_Touchpad_Gestures_CSD01.a(CapSense_Structure.o)
 .debug_ranges  0x00000148       0x18 .\CortexM0p\ARM_GCC_541\Debug\CE224821_PSoC4_Capsense_Touchpad_Gestures_CSD01.a(CapSense_Tuner.o)
 .debug_ranges  0x00000160       0x68 .\CortexM0p\ARM_GCC_541\Debug\CE224821_PSoC4_Capsense_Touchpad_Gestures_CSD01.a(CapSense_Filter.o)
 .debug_ranges  0x000001c8       0xe8 .\CortexM0p\ARM_GCC_541\Debug\CE224821_PSoC4_Capsense_Touchpad_Gestures_CSD01.a(CapSense_Sensing.o)
 .debug_ranges  0x000002b0       0xc0 .\CortexM0p\ARM_GCC_541\Debug\CE224821_PSoC4_Capsense_Touchpad_Gestures_CSD01.a(CapSense_SensingCSD_LL.o)
 .debug_ranges  0x00000370       0x30 .\CortexM0p\ARM_GCC_541\Debug\CE224821_PSoC4_Capsense_Touchpad_Gestures_CSD01.a(CapSense_Centroid_LL.o)
 .debug_ranges  0x000003a0       0x30 .\CortexM0p\ARM_GCC_541\Debug\CE224821_PSoC4_Capsense_Touchpad_Gestures_CSD01.a(CapSense_Gesture.o)
 .debug_ranges  0x000003d0       0x38 .\CortexM0p\ARM_GCC_541\Debug\CE224821_PSoC4_Capsense_Touchpad_Gestures_CSD01.a(Red_LED.o)
 .debug_ranges  0x00000408       0x50 .\CortexM0p\ARM_GCC_541\Debug\CE224821_PSoC4_Capsense_Touchpad_Gestures_CSD01.a(EZI2C.o)
 .debug_ranges  0x00000458       0x40 .\CortexM0p\ARM_GCC_541\Debug\CE224821_PSoC4_Capsense_Touchpad_Gestures_CSD01.a(EZI2C_EZI2C.o)
 .debug_ranges  0x00000498       0x10 .\CortexM0p\ARM_GCC_541\Debug\CE224821_PSoC4_Capsense_Touchpad_Gestures_CSD01.a(EZI2C_EZI2C_INT.o)
 .debug_ranges  0x000004a8      0x148 .\CortexM0p\ARM_GCC_541\Debug\CE224821_PSoC4_Capsense_Touchpad_Gestures_CSD01.a(PWM_Green.o)
 .debug_ranges  0x000005f0      0x148 .\CortexM0p\ARM_GCC_541\Debug\CE224821_PSoC4_Capsense_Touchpad_Gestures_CSD01.a(PWM_Blue.o)
 .debug_ranges  0x00000738       0x70 .\CortexM0p\ARM_GCC_541\Debug\CE224821_PSoC4_Capsense_Touchpad_Gestures_CSD01.a(CapSense_ISR.o)
 .debug_ranges  0x000007a8       0x18 .\CortexM0p\ARM_GCC_541\Debug\CE224821_PSoC4_Capsense_Touchpad_Gestures_CSD01.a(CapSense_TMG.o)
 .debug_ranges  0x000007c0      0x180 .\CortexM0p\ARM_GCC_541\Debug\CE224821_PSoC4_Capsense_Touchpad_Gestures_CSD01.a(CyLib.o)
 .debug_ranges  0x00000940      0x198 .\CortexM0p\ARM_GCC_541\Debug\CE224821_PSoC4_Capsense_Touchpad_Gestures_CSD01.a(CyLFClk.o)
 .debug_ranges  0x00000ad8       0x28 .\CortexM0p\ARM_GCC_541\Debug\CE224821_PSoC4_Capsense_Touchpad_Gestures_CSD01.a(CapSense_INT.o)
 .debug_ranges  0x00000b00       0x38 .\CortexM0p\ARM_GCC_541\Debug\CE224821_PSoC4_Capsense_Touchpad_Gestures_CSD01.a(CyFlash.o)

.comment        0x00000000       0x6e
 .comment       0x00000000       0x6e .\CortexM0p\ARM_GCC_541\Debug\main.o
                                 0x6f (size before relaxing)
 .comment       0x0000006e       0x6f .\CortexM0p\ARM_GCC_541\Debug\cyfitter_cfg.o
 .comment       0x0000006e       0x6f .\CortexM0p\ARM_GCC_541\Debug\cymetadata.o
 .comment       0x0000006e       0x6f .\CortexM0p\ARM_GCC_541\Debug\Cm0plusStart.o
 .comment       0x0000006e       0x6f .\CortexM0p\ARM_GCC_541\Debug\CE224821_PSoC4_Capsense_Touchpad_Gestures_CSD01.a(CapSense_Control.o)
 .comment       0x0000006e       0x6f .\CortexM0p\ARM_GCC_541\Debug\CE224821_PSoC4_Capsense_Touchpad_Gestures_CSD01.a(CapSense_Processing.o)
 .comment       0x0000006e       0x6f .\CortexM0p\ARM_GCC_541\Debug\CE224821_PSoC4_Capsense_Touchpad_Gestures_CSD01.a(CapSense_Structure.o)
 .comment       0x0000006e       0x6f .\CortexM0p\ARM_GCC_541\Debug\CE224821_PSoC4_Capsense_Touchpad_Gestures_CSD01.a(CapSense_Tuner.o)
 .comment       0x0000006e       0x6f .\CortexM0p\ARM_GCC_541\Debug\CE224821_PSoC4_Capsense_Touchpad_Gestures_CSD01.a(CapSense_Filter.o)
 .comment       0x0000006e       0x6f .\CortexM0p\ARM_GCC_541\Debug\CE224821_PSoC4_Capsense_Touchpad_Gestures_CSD01.a(CapSense_Sensing.o)
 .comment       0x0000006e       0x6f .\CortexM0p\ARM_GCC_541\Debug\CE224821_PSoC4_Capsense_Touchpad_Gestures_CSD01.a(CapSense_SensingCSD_LL.o)