ARM GAS  C:\Users\inspiron\AppData\Local\Temp\cclVoC05.s 			page 1


   1              		.syntax unified
   2              		.cpu cortex-m0plus
   3              		.fpu softvfp
   4              		.eabi_attribute 20, 1
   5              		.eabi_attribute 21, 1
   6              		.eabi_attribute 23, 3
   7              		.eabi_attribute 24, 1
   8              		.eabi_attribute 25, 1
   9              		.eabi_attribute 26, 1
  10              		.eabi_attribute 30, 1
  11              		.eabi_attribute 34, 0
  12              		.eabi_attribute 18, 4
  13              		.thumb
  14              		.syntax unified
  15              		.file	"cyfitter_cfg.c"
  16              		.text
  17              	.Ltext0:
  18              		.cfi_sections	.debug_frame
  19              		.section	.psocinit,"ax",%progbits
  20              		.align	2
  21              		.code	16
  22              		.thumb_func
  23              		.type	ClockSetup, %function
  24              	ClockSetup:
  25              	.LFB4:
  26              		.file 1 "Generated_Source\\PSoC4\\cyfitter_cfg.c"
   1:Generated_Source\PSoC4/cyfitter_cfg.c **** 
   2:Generated_Source\PSoC4/cyfitter_cfg.c **** /*******************************************************************************
   3:Generated_Source\PSoC4/cyfitter_cfg.c **** * File Name: cyfitter_cfg.c
   4:Generated_Source\PSoC4/cyfitter_cfg.c **** * 
   5:Generated_Source\PSoC4/cyfitter_cfg.c **** * PSoC Creator  4.4
   6:Generated_Source\PSoC4/cyfitter_cfg.c **** *
   7:Generated_Source\PSoC4/cyfitter_cfg.c **** * Description:
   8:Generated_Source\PSoC4/cyfitter_cfg.c **** * This file contains device initialization code.
   9:Generated_Source\PSoC4/cyfitter_cfg.c **** * Except for the user defined sections in CyClockStartupError(), this file should not be modified.
  10:Generated_Source\PSoC4/cyfitter_cfg.c **** * This file is automatically generated by PSoC Creator.
  11:Generated_Source\PSoC4/cyfitter_cfg.c **** *
  12:Generated_Source\PSoC4/cyfitter_cfg.c **** ********************************************************************************
  13:Generated_Source\PSoC4/cyfitter_cfg.c **** * Copyright (c) 2007-2020 Cypress Semiconductor.  All rights reserved.
  14:Generated_Source\PSoC4/cyfitter_cfg.c **** * You may use this file only in accordance with the license, terms, conditions, 
  15:Generated_Source\PSoC4/cyfitter_cfg.c **** * disclaimers, and limitations in the end user license agreement accompanying 
  16:Generated_Source\PSoC4/cyfitter_cfg.c **** * the software package with which this file was provided.
  17:Generated_Source\PSoC4/cyfitter_cfg.c **** ********************************************************************************/
  18:Generated_Source\PSoC4/cyfitter_cfg.c **** 
  19:Generated_Source\PSoC4/cyfitter_cfg.c **** #include <string.h>
  20:Generated_Source\PSoC4/cyfitter_cfg.c **** #include "cytypes.h"
  21:Generated_Source\PSoC4/cyfitter_cfg.c **** #include "cydevice_trm.h"
  22:Generated_Source\PSoC4/cyfitter_cfg.c **** #include "cyfitter.h"
  23:Generated_Source\PSoC4/cyfitter_cfg.c **** #include "CyLib.h"
  24:Generated_Source\PSoC4/cyfitter_cfg.c **** #include "CyLFClk.h"
  25:Generated_Source\PSoC4/cyfitter_cfg.c **** #include "cyfitter_cfg.h"
  26:Generated_Source\PSoC4/cyfitter_cfg.c **** #include "cyapicallbacks.h"
  27:Generated_Source\PSoC4/cyfitter_cfg.c **** 
  28:Generated_Source\PSoC4/cyfitter_cfg.c **** 
  29:Generated_Source\PSoC4/cyfitter_cfg.c **** #if defined(__GNUC__) || defined(__ARMCC_VERSION)
  30:Generated_Source\PSoC4/cyfitter_cfg.c ****     #define CYPACKED 
  31:Generated_Source\PSoC4/cyfitter_cfg.c ****     #define CYPACKED_ATTR __attribute__ ((packed))
ARM GAS  C:\Users\inspiron\AppData\Local\Temp\cclVoC05.s 			page 2


  32:Generated_Source\PSoC4/cyfitter_cfg.c ****     #define CYALIGNED __attribute__ ((aligned))
  33:Generated_Source\PSoC4/cyfitter_cfg.c ****     #define CY_CFG_UNUSED __attribute__ ((unused))
  34:Generated_Source\PSoC4/cyfitter_cfg.c ****     #ifndef CY_CFG_SECTION
  35:Generated_Source\PSoC4/cyfitter_cfg.c ****         #define CY_CFG_SECTION __attribute__ ((section(".psocinit")))
  36:Generated_Source\PSoC4/cyfitter_cfg.c ****     #endif
  37:Generated_Source\PSoC4/cyfitter_cfg.c ****     
  38:Generated_Source\PSoC4/cyfitter_cfg.c ****     #if defined(__ARMCC_VERSION)
  39:Generated_Source\PSoC4/cyfitter_cfg.c ****         #define CY_CFG_MEMORY_BARRIER() __memory_changed()
  40:Generated_Source\PSoC4/cyfitter_cfg.c ****     #else
  41:Generated_Source\PSoC4/cyfitter_cfg.c ****         #define CY_CFG_MEMORY_BARRIER() __sync_synchronize()
  42:Generated_Source\PSoC4/cyfitter_cfg.c ****     #endif
  43:Generated_Source\PSoC4/cyfitter_cfg.c ****     
  44:Generated_Source\PSoC4/cyfitter_cfg.c **** #elif defined(__ICCARM__)
  45:Generated_Source\PSoC4/cyfitter_cfg.c ****     #include <intrinsics.h>
  46:Generated_Source\PSoC4/cyfitter_cfg.c **** 
  47:Generated_Source\PSoC4/cyfitter_cfg.c ****     #define CYPACKED __packed
  48:Generated_Source\PSoC4/cyfitter_cfg.c ****     #define CYPACKED_ATTR 
  49:Generated_Source\PSoC4/cyfitter_cfg.c ****     #define CYALIGNED _Pragma("data_alignment=4")
  50:Generated_Source\PSoC4/cyfitter_cfg.c ****     #define CY_CFG_UNUSED _Pragma("diag_suppress=Pe177")
  51:Generated_Source\PSoC4/cyfitter_cfg.c ****     #define CY_CFG_SECTION _Pragma("location=\".psocinit\"")
  52:Generated_Source\PSoC4/cyfitter_cfg.c ****     
  53:Generated_Source\PSoC4/cyfitter_cfg.c ****     #define CY_CFG_MEMORY_BARRIER() __DMB()
  54:Generated_Source\PSoC4/cyfitter_cfg.c ****     
  55:Generated_Source\PSoC4/cyfitter_cfg.c **** #else
  56:Generated_Source\PSoC4/cyfitter_cfg.c ****     #error Unsupported toolchain
  57:Generated_Source\PSoC4/cyfitter_cfg.c **** #endif
  58:Generated_Source\PSoC4/cyfitter_cfg.c **** 
  59:Generated_Source\PSoC4/cyfitter_cfg.c **** #ifndef CYCODE
  60:Generated_Source\PSoC4/cyfitter_cfg.c ****     #define CYCODE
  61:Generated_Source\PSoC4/cyfitter_cfg.c **** #endif
  62:Generated_Source\PSoC4/cyfitter_cfg.c **** #ifndef CYDATA
  63:Generated_Source\PSoC4/cyfitter_cfg.c ****     #define CYDATA
  64:Generated_Source\PSoC4/cyfitter_cfg.c **** #endif
  65:Generated_Source\PSoC4/cyfitter_cfg.c **** #ifndef CYFAR
  66:Generated_Source\PSoC4/cyfitter_cfg.c ****     #define CYFAR
  67:Generated_Source\PSoC4/cyfitter_cfg.c **** #endif
  68:Generated_Source\PSoC4/cyfitter_cfg.c **** #ifndef CYXDATA
  69:Generated_Source\PSoC4/cyfitter_cfg.c ****     #define CYXDATA
  70:Generated_Source\PSoC4/cyfitter_cfg.c **** #endif
  71:Generated_Source\PSoC4/cyfitter_cfg.c **** 
  72:Generated_Source\PSoC4/cyfitter_cfg.c **** 
  73:Generated_Source\PSoC4/cyfitter_cfg.c **** CY_CFG_UNUSED
  74:Generated_Source\PSoC4/cyfitter_cfg.c **** static void CYMEMZERO(void *s, size_t n);
  75:Generated_Source\PSoC4/cyfitter_cfg.c **** CY_CFG_UNUSED
  76:Generated_Source\PSoC4/cyfitter_cfg.c **** static void CYMEMZERO(void *s, size_t n)
  77:Generated_Source\PSoC4/cyfitter_cfg.c **** {
  78:Generated_Source\PSoC4/cyfitter_cfg.c **** 	(void)memset(s, 0, n);
  79:Generated_Source\PSoC4/cyfitter_cfg.c **** }
  80:Generated_Source\PSoC4/cyfitter_cfg.c **** CY_CFG_UNUSED
  81:Generated_Source\PSoC4/cyfitter_cfg.c **** static void CYCONFIGCPY(void *dest, const void *src, size_t n);
  82:Generated_Source\PSoC4/cyfitter_cfg.c **** CY_CFG_UNUSED
  83:Generated_Source\PSoC4/cyfitter_cfg.c **** static void CYCONFIGCPY(void *dest, const void *src, size_t n)
  84:Generated_Source\PSoC4/cyfitter_cfg.c **** {
  85:Generated_Source\PSoC4/cyfitter_cfg.c **** 	(void)memcpy(dest, src, n);
  86:Generated_Source\PSoC4/cyfitter_cfg.c **** }
  87:Generated_Source\PSoC4/cyfitter_cfg.c **** CY_CFG_UNUSED
  88:Generated_Source\PSoC4/cyfitter_cfg.c **** static void CYCONFIGCPYCODE(void *dest, const void *src, size_t n);
ARM GAS  C:\Users\inspiron\AppData\Local\Temp\cclVoC05.s 			page 3


  89:Generated_Source\PSoC4/cyfitter_cfg.c **** CY_CFG_UNUSED
  90:Generated_Source\PSoC4/cyfitter_cfg.c **** static void CYCONFIGCPYCODE(void *dest, const void *src, size_t n)
  91:Generated_Source\PSoC4/cyfitter_cfg.c **** {
  92:Generated_Source\PSoC4/cyfitter_cfg.c **** 	(void)memcpy(dest, src, n);
  93:Generated_Source\PSoC4/cyfitter_cfg.c **** }
  94:Generated_Source\PSoC4/cyfitter_cfg.c **** 
  95:Generated_Source\PSoC4/cyfitter_cfg.c **** 
  96:Generated_Source\PSoC4/cyfitter_cfg.c **** 
  97:Generated_Source\PSoC4/cyfitter_cfg.c **** 
  98:Generated_Source\PSoC4/cyfitter_cfg.c **** /* Clock startup error codes                                                   */
  99:Generated_Source\PSoC4/cyfitter_cfg.c **** #define CYCLOCKSTART_NO_ERROR    0u
 100:Generated_Source\PSoC4/cyfitter_cfg.c **** #define CYCLOCKSTART_XTAL_ERROR  1u
 101:Generated_Source\PSoC4/cyfitter_cfg.c **** #define CYCLOCKSTART_32KHZ_ERROR 2u
 102:Generated_Source\PSoC4/cyfitter_cfg.c **** #define CYCLOCKSTART_PLL_ERROR   3u
 103:Generated_Source\PSoC4/cyfitter_cfg.c **** #define CYCLOCKSTART_FLL_ERROR   4u
 104:Generated_Source\PSoC4/cyfitter_cfg.c **** #define CYCLOCKSTART_WCO_ERROR   5u
 105:Generated_Source\PSoC4/cyfitter_cfg.c **** 
 106:Generated_Source\PSoC4/cyfitter_cfg.c **** 
 107:Generated_Source\PSoC4/cyfitter_cfg.c **** #ifdef CY_NEED_CYCLOCKSTARTUPERROR
 108:Generated_Source\PSoC4/cyfitter_cfg.c **** /*******************************************************************************
 109:Generated_Source\PSoC4/cyfitter_cfg.c **** * Function Name: CyClockStartupError
 110:Generated_Source\PSoC4/cyfitter_cfg.c **** ********************************************************************************
 111:Generated_Source\PSoC4/cyfitter_cfg.c **** * Summary:
 112:Generated_Source\PSoC4/cyfitter_cfg.c **** *  If an error is encountered during clock configuration (crystal startup error,
 113:Generated_Source\PSoC4/cyfitter_cfg.c **** *  PLL lock error, etc.), the system will end up here.  Unless reimplemented by
 114:Generated_Source\PSoC4/cyfitter_cfg.c **** *  the customer, this function will stop in an infinite loop.
 115:Generated_Source\PSoC4/cyfitter_cfg.c **** *
 116:Generated_Source\PSoC4/cyfitter_cfg.c **** * Parameters:
 117:Generated_Source\PSoC4/cyfitter_cfg.c **** *   void
 118:Generated_Source\PSoC4/cyfitter_cfg.c **** *
 119:Generated_Source\PSoC4/cyfitter_cfg.c **** * Return:
 120:Generated_Source\PSoC4/cyfitter_cfg.c **** *   void
 121:Generated_Source\PSoC4/cyfitter_cfg.c **** *
 122:Generated_Source\PSoC4/cyfitter_cfg.c **** *******************************************************************************/
 123:Generated_Source\PSoC4/cyfitter_cfg.c **** CY_CFG_UNUSED
 124:Generated_Source\PSoC4/cyfitter_cfg.c **** static void CyClockStartupError(uint8 errorCode);
 125:Generated_Source\PSoC4/cyfitter_cfg.c **** CY_CFG_UNUSED
 126:Generated_Source\PSoC4/cyfitter_cfg.c **** static void CyClockStartupError(uint8 errorCode)
 127:Generated_Source\PSoC4/cyfitter_cfg.c **** {
 128:Generated_Source\PSoC4/cyfitter_cfg.c ****     /* To remove the compiler warning if errorCode not used.                */
 129:Generated_Source\PSoC4/cyfitter_cfg.c ****     errorCode = errorCode;
 130:Generated_Source\PSoC4/cyfitter_cfg.c **** 
 131:Generated_Source\PSoC4/cyfitter_cfg.c ****     /* If we have a clock startup error (bad MHz crystal, PLL lock, etc.),  */
 132:Generated_Source\PSoC4/cyfitter_cfg.c ****     /* we will end up here to allow the customer to implement something to  */
 133:Generated_Source\PSoC4/cyfitter_cfg.c ****     /* deal with the clock condition.                                       */
 134:Generated_Source\PSoC4/cyfitter_cfg.c **** 
 135:Generated_Source\PSoC4/cyfitter_cfg.c **** #ifdef CY_CFG_CLOCK_STARTUP_ERROR_CALLBACK
 136:Generated_Source\PSoC4/cyfitter_cfg.c ****     CY_CFG_Clock_Startup_ErrorCallback();
 137:Generated_Source\PSoC4/cyfitter_cfg.c **** #else
 138:Generated_Source\PSoC4/cyfitter_cfg.c ****     /*  If not using CY_CFG_CLOCK_STARTUP_ERROR_CALLBACK, place your clock startup code here. */
 139:Generated_Source\PSoC4/cyfitter_cfg.c ****     /* `#START CyClockStartupError` */
 140:Generated_Source\PSoC4/cyfitter_cfg.c **** 
 141:Generated_Source\PSoC4/cyfitter_cfg.c **** 
 142:Generated_Source\PSoC4/cyfitter_cfg.c **** 
 143:Generated_Source\PSoC4/cyfitter_cfg.c ****     /* `#END` */
 144:Generated_Source\PSoC4/cyfitter_cfg.c **** 
 145:Generated_Source\PSoC4/cyfitter_cfg.c ****     while(1) {}
ARM GAS  C:\Users\inspiron\AppData\Local\Temp\cclVoC05.s 			page 4


 146:Generated_Source\PSoC4/cyfitter_cfg.c **** #endif /* CY_CFG_CLOCK_STARTUP_ERROR_CALLBACK */
 147:Generated_Source\PSoC4/cyfitter_cfg.c **** }
 148:Generated_Source\PSoC4/cyfitter_cfg.c **** #endif
 149:Generated_Source\PSoC4/cyfitter_cfg.c **** 
 150:Generated_Source\PSoC4/cyfitter_cfg.c **** 
 151:Generated_Source\PSoC4/cyfitter_cfg.c **** 
 152:Generated_Source\PSoC4/cyfitter_cfg.c **** /*******************************************************************************
 153:Generated_Source\PSoC4/cyfitter_cfg.c **** * Function Name: ClockSetup
 154:Generated_Source\PSoC4/cyfitter_cfg.c **** ********************************************************************************
 155:Generated_Source\PSoC4/cyfitter_cfg.c **** *
 156:Generated_Source\PSoC4/cyfitter_cfg.c **** * Summary:
 157:Generated_Source\PSoC4/cyfitter_cfg.c **** *   Performs the initialization of all of the clocks in the device based on the
 158:Generated_Source\PSoC4/cyfitter_cfg.c **** *   settings in the Clock tab of the DWR.  This includes enabling the requested
 159:Generated_Source\PSoC4/cyfitter_cfg.c **** *   clocks and setting the necessary dividers to produce the desired frequency. 
 160:Generated_Source\PSoC4/cyfitter_cfg.c **** *
 161:Generated_Source\PSoC4/cyfitter_cfg.c **** * Parameters:
 162:Generated_Source\PSoC4/cyfitter_cfg.c **** *   void
 163:Generated_Source\PSoC4/cyfitter_cfg.c **** *
 164:Generated_Source\PSoC4/cyfitter_cfg.c **** * Return:
 165:Generated_Source\PSoC4/cyfitter_cfg.c **** *   void
 166:Generated_Source\PSoC4/cyfitter_cfg.c **** *
 167:Generated_Source\PSoC4/cyfitter_cfg.c **** *******************************************************************************/
 168:Generated_Source\PSoC4/cyfitter_cfg.c **** static void ClockSetup(void);
 169:Generated_Source\PSoC4/cyfitter_cfg.c **** CY_CFG_SECTION
 170:Generated_Source\PSoC4/cyfitter_cfg.c **** static void ClockSetup(void)
 171:Generated_Source\PSoC4/cyfitter_cfg.c **** {
  27              		.loc 1 171 0
  28              		.cfi_startproc
  29              		@ args = 0, pretend = 0, frame = 0
  30              		@ frame_needed = 0, uses_anonymous_args = 0
  31 0000 10B5     		push	{r4, lr}
  32              		.cfi_def_cfa_offset 8
  33              		.cfi_offset 4, -8
  34              		.cfi_offset 14, -4
 172:Generated_Source\PSoC4/cyfitter_cfg.c **** 
 173:Generated_Source\PSoC4/cyfitter_cfg.c **** 	/* Set Flash Cycles based on max possible frequency in case a glitch occurs during ClockSetup(). *
 174:Generated_Source\PSoC4/cyfitter_cfg.c **** 	CY_SET_REG32((void CYXDATA *)(CYREG_CPUSS_FLASH_CTL), (0x0012u));
  35              		.loc 1 174 0
  36 0002 1222     		movs	r2, #18
  37 0004 194B     		ldr	r3, .L2
  38 0006 1A60     		str	r2, [r3]
 175:Generated_Source\PSoC4/cyfitter_cfg.c **** 	/* Update IMO to new clock speed. */
 176:Generated_Source\PSoC4/cyfitter_cfg.c **** 	CySysClkWriteImoFreq(48u);
  39              		.loc 1 176 0
  40 0008 3020     		movs	r0, #48
  41 000a FFF7FEFF 		bl	CySysClkWriteImoFreq
  42              	.LVL0:
 177:Generated_Source\PSoC4/cyfitter_cfg.c **** 
 178:Generated_Source\PSoC4/cyfitter_cfg.c **** 	/* Setup phase aligned clocks */
 179:Generated_Source\PSoC4/cyfitter_cfg.c **** 	CY_SET_REG32((void *)CYREG_PERI_DIV_16_CTL2, 0x00000300u);
  43              		.loc 1 179 0
  44 000e C022     		movs	r2, #192
  45 0010 9200     		lsls	r2, r2, #2
  46 0012 174B     		ldr	r3, .L2+4
  47 0014 1A60     		str	r2, [r3]
 180:Generated_Source\PSoC4/cyfitter_cfg.c **** 	CY_SET_REG32((void *)CYREG_PERI_DIV_CMD, 0x8000FF42u);
  48              		.loc 1 180 0
ARM GAS  C:\Users\inspiron\AppData\Local\Temp\cclVoC05.s 			page 5


  49 0016 174B     		ldr	r3, .L2+8
  50 0018 174A     		ldr	r2, .L2+12
  51 001a 1A60     		str	r2, [r3]
 181:Generated_Source\PSoC4/cyfitter_cfg.c **** 	CY_SET_REG32((void *)CYREG_PERI_DIV_16_CTL0, 0x0000FE00u);
  52              		.loc 1 181 0
  53 001c FE21     		movs	r1, #254
  54 001e 0902     		lsls	r1, r1, #8
  55 0020 164A     		ldr	r2, .L2+16
  56 0022 1160     		str	r1, [r2]
 182:Generated_Source\PSoC4/cyfitter_cfg.c **** 	CY_SET_REG32((void *)CYREG_PERI_DIV_CMD, 0x8000FF40u);
  57              		.loc 1 182 0
  58 0024 164A     		ldr	r2, .L2+20
  59 0026 1A60     		str	r2, [r3]
 183:Generated_Source\PSoC4/cyfitter_cfg.c **** 	CY_SET_REG32((void *)CYREG_PERI_DIV_16_CTL1, 0x00000100u);
  60              		.loc 1 183 0
  61 0028 8021     		movs	r1, #128
  62 002a 4900     		lsls	r1, r1, #1
  63 002c 154A     		ldr	r2, .L2+24
  64 002e 1160     		str	r1, [r2]
 184:Generated_Source\PSoC4/cyfitter_cfg.c **** 	CY_SET_REG32((void *)CYREG_PERI_DIV_CMD, 0x8000FF41u);
  65              		.loc 1 184 0
  66 0030 154A     		ldr	r2, .L2+28
  67 0032 1A60     		str	r2, [r3]
 185:Generated_Source\PSoC4/cyfitter_cfg.c **** 
 186:Generated_Source\PSoC4/cyfitter_cfg.c **** 	/* CYDEV_CLK_SELECT Starting address: CYDEV_CLK_SELECT */
 187:Generated_Source\PSoC4/cyfitter_cfg.c **** 	CY_SET_REG32((void *)(CYREG_CLK_SELECT), 0x00000000u);
  68              		.loc 1 187 0
  69 0034 0024     		movs	r4, #0
  70 0036 154B     		ldr	r3, .L2+32
  71 0038 1C60     		str	r4, [r3]
 188:Generated_Source\PSoC4/cyfitter_cfg.c **** 
 189:Generated_Source\PSoC4/cyfitter_cfg.c **** 	/* CYDEV_PERI_PCLK_CTL7 Starting address: CYDEV_PERI_PCLK_CTL7 */
 190:Generated_Source\PSoC4/cyfitter_cfg.c **** 	CY_SET_REG32((void *)(CYREG_PERI_PCLK_CTL7), 0x00000042u);
  72              		.loc 1 190 0
  73 003a 4223     		movs	r3, #66
  74 003c 144A     		ldr	r2, .L2+36
  75 003e 1360     		str	r3, [r2]
 191:Generated_Source\PSoC4/cyfitter_cfg.c **** 
 192:Generated_Source\PSoC4/cyfitter_cfg.c **** 	/* CYDEV_PERI_PCLK_CTL5 Starting address: CYDEV_PERI_PCLK_CTL5 */
 193:Generated_Source\PSoC4/cyfitter_cfg.c **** 	CY_SET_REG32((void *)(CYREG_PERI_PCLK_CTL5), 0x00000042u);
  76              		.loc 1 193 0
  77 0040 144A     		ldr	r2, .L2+40
  78 0042 1360     		str	r3, [r2]
 194:Generated_Source\PSoC4/cyfitter_cfg.c **** 
 195:Generated_Source\PSoC4/cyfitter_cfg.c **** 	/* CYDEV_PERI_PCLK_CTL3 Starting address: CYDEV_PERI_PCLK_CTL3 */
 196:Generated_Source\PSoC4/cyfitter_cfg.c **** 	CY_SET_REG32((void *)(CYREG_PERI_PCLK_CTL3), 0x00000040u);
  79              		.loc 1 196 0
  80 0044 4022     		movs	r2, #64
  81 0046 144B     		ldr	r3, .L2+44
  82 0048 1A60     		str	r2, [r3]
 197:Generated_Source\PSoC4/cyfitter_cfg.c **** 
 198:Generated_Source\PSoC4/cyfitter_cfg.c **** 	/* CYDEV_PERI_PCLK_CTL1 Starting address: CYDEV_PERI_PCLK_CTL1 */
 199:Generated_Source\PSoC4/cyfitter_cfg.c **** 	CY_SET_REG32((void *)(CYREG_PERI_PCLK_CTL1), 0x00000041u);
  83              		.loc 1 199 0
  84 004a 0132     		adds	r2, r2, #1
  85 004c 134B     		ldr	r3, .L2+48
  86 004e 1A60     		str	r2, [r3]
ARM GAS  C:\Users\inspiron\AppData\Local\Temp\cclVoC05.s 			page 6


 200:Generated_Source\PSoC4/cyfitter_cfg.c **** 
 201:Generated_Source\PSoC4/cyfitter_cfg.c **** 	(void)CyIntSetVector(11u, &CySysTimerIsr);
  87              		.loc 1 201 0
  88 0050 1349     		ldr	r1, .L2+52
  89 0052 0B20     		movs	r0, #11
  90 0054 FFF7FEFF 		bl	CyIntSetVector
  91              	.LVL1:
 202:Generated_Source\PSoC4/cyfitter_cfg.c **** 	CyIntEnable(11u);
  92              		.loc 1 202 0
  93 0058 0B20     		movs	r0, #11
  94 005a FFF7FEFF 		bl	CyIntEnable
  95              	.LVL2:
 203:Generated_Source\PSoC4/cyfitter_cfg.c **** 	CY_SET_REG32((void *)(CYREG_WCO_WDT_CONFIG), 0x00000000u);
  96              		.loc 1 203 0
  97 005e 114B     		ldr	r3, .L2+56
  98 0060 1C60     		str	r4, [r3]
 204:Generated_Source\PSoC4/cyfitter_cfg.c **** 	CySysClkSetTimerSource(CY_SYS_CLK_TIMER_SRC_ILO);
  99              		.loc 1 204 0
 100 0062 0020     		movs	r0, #0
 101 0064 FFF7FEFF 		bl	CySysClkSetTimerSource
 102              	.LVL3:
 205:Generated_Source\PSoC4/cyfitter_cfg.c **** }
 103              		.loc 1 205 0
 104              		@ sp needed
 105 0068 10BD     		pop	{r4, pc}
 106              	.L3:
 107 006a C046     		.align	2
 108              	.L2:
 109 006c 30001040 		.word	1074790448
 110 0070 08030140 		.word	1073808136
 111 0074 00000140 		.word	1073807360
 112 0078 42FF0080 		.word	-2147418302
 113 007c 00030140 		.word	1073808128
 114 0080 40FF0080 		.word	-2147418304
 115 0084 04030140 		.word	1073808132
 116 0088 41FF0080 		.word	-2147418303
 117 008c 28000340 		.word	1073938472
 118 0090 1C010140 		.word	1073807644
 119 0094 14010140 		.word	1073807636
 120 0098 0C010140 		.word	1073807628
 121 009c 04010140 		.word	1073807620
 122 00a0 00000000 		.word	CySysTimerIsr
 123 00a4 0C020740 		.word	1074201100
 124              		.cfi_endproc
 125              	.LFE4:
 126              		.size	ClockSetup, .-ClockSetup
 127              		.section	.text.SetAnalogRoutingPumps,"ax",%progbits
 128              		.align	2
 129              		.global	SetAnalogRoutingPumps
 130              		.code	16
 131              		.thumb_func
 132              		.type	SetAnalogRoutingPumps, %function
 133              	SetAnalogRoutingPumps:
 134              	.LFB6:
 206:Generated_Source\PSoC4/cyfitter_cfg.c **** 
 207:Generated_Source\PSoC4/cyfitter_cfg.c **** 
 208:Generated_Source\PSoC4/cyfitter_cfg.c **** /* Analog API Functions */
ARM GAS  C:\Users\inspiron\AppData\Local\Temp\cclVoC05.s 			page 7


 209:Generated_Source\PSoC4/cyfitter_cfg.c **** 
 210:Generated_Source\PSoC4/cyfitter_cfg.c **** 
 211:Generated_Source\PSoC4/cyfitter_cfg.c **** /*******************************************************************************
 212:Generated_Source\PSoC4/cyfitter_cfg.c **** * Function Name: AnalogSetDefault
 213:Generated_Source\PSoC4/cyfitter_cfg.c **** ********************************************************************************
 214:Generated_Source\PSoC4/cyfitter_cfg.c **** *
 215:Generated_Source\PSoC4/cyfitter_cfg.c **** * Summary:
 216:Generated_Source\PSoC4/cyfitter_cfg.c **** *  Sets up the analog portions of the chip to default values based on chip
 217:Generated_Source\PSoC4/cyfitter_cfg.c **** *  configuration options from the project.
 218:Generated_Source\PSoC4/cyfitter_cfg.c **** *
 219:Generated_Source\PSoC4/cyfitter_cfg.c **** * Parameters:
 220:Generated_Source\PSoC4/cyfitter_cfg.c **** *  void
 221:Generated_Source\PSoC4/cyfitter_cfg.c **** *
 222:Generated_Source\PSoC4/cyfitter_cfg.c **** * Return:
 223:Generated_Source\PSoC4/cyfitter_cfg.c **** *  void
 224:Generated_Source\PSoC4/cyfitter_cfg.c **** *
 225:Generated_Source\PSoC4/cyfitter_cfg.c **** *******************************************************************************/
 226:Generated_Source\PSoC4/cyfitter_cfg.c **** static void AnalogSetDefault(void);
 227:Generated_Source\PSoC4/cyfitter_cfg.c **** static void AnalogSetDefault(void)
 228:Generated_Source\PSoC4/cyfitter_cfg.c **** {
 229:Generated_Source\PSoC4/cyfitter_cfg.c **** 	CY_SET_XTND_REG32((void CYFAR *)CYREG_HSIOM_AMUX_SPLIT_CTL0, 0x00000003u);
 230:Generated_Source\PSoC4/cyfitter_cfg.c **** 	CY_SET_XTND_REG32((void CYFAR *)CYREG_CSD_SW_BYP_SEL, 0x00001000u);
 231:Generated_Source\PSoC4/cyfitter_cfg.c **** 	CY_SET_XTND_REG32((void CYFAR *)CYREG_CSD_SW_DSI_SEL, 0x00000011u);
 232:Generated_Source\PSoC4/cyfitter_cfg.c **** 	CY_SET_XTND_REG32((void CYFAR *)CYREG_CTBM0_DFT_CTRL, 0x00000003u);
 233:Generated_Source\PSoC4/cyfitter_cfg.c **** 	CY_SET_XTND_REG32((void CYFAR *)CYREG_PASS_DSAB_DSAB_CTRL, 0x00000020u);
 234:Generated_Source\PSoC4/cyfitter_cfg.c **** 	SetAnalogRoutingPumps(1);
 235:Generated_Source\PSoC4/cyfitter_cfg.c **** }
 236:Generated_Source\PSoC4/cyfitter_cfg.c **** 
 237:Generated_Source\PSoC4/cyfitter_cfg.c **** 
 238:Generated_Source\PSoC4/cyfitter_cfg.c **** /*******************************************************************************
 239:Generated_Source\PSoC4/cyfitter_cfg.c **** * Function Name: SetAnalogRoutingPumps
 240:Generated_Source\PSoC4/cyfitter_cfg.c **** ********************************************************************************
 241:Generated_Source\PSoC4/cyfitter_cfg.c **** *
 242:Generated_Source\PSoC4/cyfitter_cfg.c **** * Summary:
 243:Generated_Source\PSoC4/cyfitter_cfg.c **** * Enables or disables the analog pumps feeding analog routing switches.
 244:Generated_Source\PSoC4/cyfitter_cfg.c **** * Intended to be called at startup, based on the Vdda system configuration;
 245:Generated_Source\PSoC4/cyfitter_cfg.c **** * may be called during operation when the user informs us that the Vdda voltage crossed the pump th
 246:Generated_Source\PSoC4/cyfitter_cfg.c **** *
 247:Generated_Source\PSoC4/cyfitter_cfg.c **** * Parameters:
 248:Generated_Source\PSoC4/cyfitter_cfg.c **** *  enabled - 1 to enable the pumps, 0 to disable the pumps
 249:Generated_Source\PSoC4/cyfitter_cfg.c **** *
 250:Generated_Source\PSoC4/cyfitter_cfg.c **** * Return:
 251:Generated_Source\PSoC4/cyfitter_cfg.c **** *  void
 252:Generated_Source\PSoC4/cyfitter_cfg.c **** *
 253:Generated_Source\PSoC4/cyfitter_cfg.c **** *******************************************************************************/
 254:Generated_Source\PSoC4/cyfitter_cfg.c **** void SetAnalogRoutingPumps(uint8 enabled)
 255:Generated_Source\PSoC4/cyfitter_cfg.c **** {
 135              		.loc 1 255 0
 136              		.cfi_startproc
 137              		@ args = 0, pretend = 0, frame = 0
 138              		@ frame_needed = 0, uses_anonymous_args = 0
 139              		@ link register save eliminated.
 140              	.LVL4:
 256:Generated_Source\PSoC4/cyfitter_cfg.c **** 	uint32 regValue = CY_GET_XTND_REG32((void *)(CYREG_SAR_PUMP_CTRL));
 141              		.loc 1 256 0
 142 0000 0B4B     		ldr	r3, .L9
 143 0002 1B68     		ldr	r3, [r3]
ARM GAS  C:\Users\inspiron\AppData\Local\Temp\cclVoC05.s 			page 8


 144              	.LVL5:
 257:Generated_Source\PSoC4/cyfitter_cfg.c **** 	if (enabled != 0u)
 145              		.loc 1 257 0
 146 0004 0028     		cmp	r0, #0
 147 0006 03D0     		beq	.L5
 258:Generated_Source\PSoC4/cyfitter_cfg.c **** 	{
 259:Generated_Source\PSoC4/cyfitter_cfg.c **** 		regValue |= 0x80000000u;
 148              		.loc 1 259 0
 149 0008 8022     		movs	r2, #128
 150 000a 1206     		lsls	r2, r2, #24
 151 000c 1343     		orrs	r3, r2
 152              	.LVL6:
 153 000e 01E0     		b	.L6
 154              	.L5:
 260:Generated_Source\PSoC4/cyfitter_cfg.c **** 	}
 261:Generated_Source\PSoC4/cyfitter_cfg.c **** 	else
 262:Generated_Source\PSoC4/cyfitter_cfg.c **** 	{
 263:Generated_Source\PSoC4/cyfitter_cfg.c **** 		regValue &= ~0x80000000u;
 155              		.loc 1 263 0
 156 0010 5B00     		lsls	r3, r3, #1
 157              	.LVL7:
 158 0012 5B08     		lsrs	r3, r3, #1
 159              	.LVL8:
 160              	.L6:
 264:Generated_Source\PSoC4/cyfitter_cfg.c **** 	}
 265:Generated_Source\PSoC4/cyfitter_cfg.c **** 	CY_SET_XTND_REG32((void *)(CYREG_SAR_PUMP_CTRL), regValue);
 161              		.loc 1 265 0
 162 0014 064A     		ldr	r2, .L9
 163 0016 1360     		str	r3, [r2]
 266:Generated_Source\PSoC4/cyfitter_cfg.c **** 	regValue = CY_GET_XTND_REG32((void *)(CYREG_CLK_SELECT));
 164              		.loc 1 266 0
 165 0018 064B     		ldr	r3, .L9+4
 166              	.LVL9:
 167 001a 1B68     		ldr	r3, [r3]
 168              	.LVL10:
 267:Generated_Source\PSoC4/cyfitter_cfg.c **** 	if (enabled != 0u)
 169              		.loc 1 267 0
 170 001c 0028     		cmp	r0, #0
 171 001e 02D0     		beq	.L7
 268:Generated_Source\PSoC4/cyfitter_cfg.c **** 	{
 269:Generated_Source\PSoC4/cyfitter_cfg.c **** 		regValue |= 0x00000020u;
 172              		.loc 1 269 0
 173 0020 2022     		movs	r2, #32
 174 0022 1343     		orrs	r3, r2
 175              	.LVL11:
 176 0024 01E0     		b	.L8
 177              	.L7:
 270:Generated_Source\PSoC4/cyfitter_cfg.c **** 	}
 271:Generated_Source\PSoC4/cyfitter_cfg.c **** 	else
 272:Generated_Source\PSoC4/cyfitter_cfg.c **** 	{
 273:Generated_Source\PSoC4/cyfitter_cfg.c **** 		regValue &= ~0x00000020u;
 178              		.loc 1 273 0
 179 0026 2022     		movs	r2, #32
 180 0028 9343     		bics	r3, r2
 181              	.LVL12:
 182              	.L8:
 274:Generated_Source\PSoC4/cyfitter_cfg.c **** 	}
ARM GAS  C:\Users\inspiron\AppData\Local\Temp\cclVoC05.s 			page 9


 275:Generated_Source\PSoC4/cyfitter_cfg.c **** 	CY_SET_XTND_REG32((void *)(CYREG_CLK_SELECT), regValue);
 183              		.loc 1 275 0
 184 002a 024A     		ldr	r2, .L9+4
 185 002c 1360     		str	r3, [r2]
 276:Generated_Source\PSoC4/cyfitter_cfg.c **** }
 186              		.loc 1 276 0
 187              		@ sp needed
 188 002e 7047     		bx	lr
 189              	.L10:
 190              		.align	2
 191              	.L9:
 192 0030 80033A40 		.word	1077543808
 193 0034 28000340 		.word	1073938472
 194              		.cfi_endproc
 195              	.LFE6:
 196              		.size	SetAnalogRoutingPumps, .-SetAnalogRoutingPumps
 197              		.section	.text.AnalogSetDefault,"ax",%progbits
 198              		.align	2
 199              		.code	16
 200              		.thumb_func
 201              		.type	AnalogSetDefault, %function
 202              	AnalogSetDefault:
 203              	.LFB5:
 228:Generated_Source\PSoC4/cyfitter_cfg.c **** 	CY_SET_XTND_REG32((void CYFAR *)CYREG_HSIOM_AMUX_SPLIT_CTL0, 0x00000003u);
 204              		.loc 1 228 0
 205              		.cfi_startproc
 206              		@ args = 0, pretend = 0, frame = 0
 207              		@ frame_needed = 0, uses_anonymous_args = 0
 208 0000 10B5     		push	{r4, lr}
 209              		.cfi_def_cfa_offset 8
 210              		.cfi_offset 4, -8
 211              		.cfi_offset 14, -4
 229:Generated_Source\PSoC4/cyfitter_cfg.c **** 	CY_SET_XTND_REG32((void CYFAR *)CYREG_CSD_SW_BYP_SEL, 0x00001000u);
 212              		.loc 1 229 0
 213 0002 0323     		movs	r3, #3
 214 0004 084A     		ldr	r2, .L12
 215 0006 1360     		str	r3, [r2]
 230:Generated_Source\PSoC4/cyfitter_cfg.c **** 	CY_SET_XTND_REG32((void CYFAR *)CYREG_CSD_SW_DSI_SEL, 0x00000011u);
 216              		.loc 1 230 0
 217 0008 8021     		movs	r1, #128
 218 000a 4901     		lsls	r1, r1, #5
 219 000c 074A     		ldr	r2, .L12+4
 220 000e 1160     		str	r1, [r2]
 231:Generated_Source\PSoC4/cyfitter_cfg.c **** 	CY_SET_XTND_REG32((void CYFAR *)CYREG_CTBM0_DFT_CTRL, 0x00000003u);
 221              		.loc 1 231 0
 222 0010 1121     		movs	r1, #17
 223 0012 074A     		ldr	r2, .L12+8
 224 0014 1160     		str	r1, [r2]
 232:Generated_Source\PSoC4/cyfitter_cfg.c **** 	CY_SET_XTND_REG32((void CYFAR *)CYREG_PASS_DSAB_DSAB_CTRL, 0x00000020u);
 225              		.loc 1 232 0
 226 0016 074A     		ldr	r2, .L12+12
 227 0018 1360     		str	r3, [r2]
 233:Generated_Source\PSoC4/cyfitter_cfg.c **** 	SetAnalogRoutingPumps(1);
 228              		.loc 1 233 0
 229 001a 2022     		movs	r2, #32
 230 001c 064B     		ldr	r3, .L12+16
 231 001e 1A60     		str	r2, [r3]
ARM GAS  C:\Users\inspiron\AppData\Local\Temp\cclVoC05.s 			page 10


 234:Generated_Source\PSoC4/cyfitter_cfg.c **** }
 232              		.loc 1 234 0
 233 0020 0120     		movs	r0, #1
 234 0022 FFF7FEFF 		bl	SetAnalogRoutingPumps
 235              	.LVL13:
 235:Generated_Source\PSoC4/cyfitter_cfg.c **** 
 236              		.loc 1 235 0
 237              		@ sp needed
 238 0026 10BD     		pop	{r4, pc}
 239              	.L13:
 240              		.align	2
 241              	.L12:
 242 0028 00210240 		.word	1073881344
 243 002c 94020C40 		.word	1074528916
 244 0030 C0020C40 		.word	1074528960
 245 0034 30003040 		.word	1076887600
 246 0038 000E3F40 		.word	1077874176
 247              		.cfi_endproc
 248              	.LFE5:
 249              		.size	AnalogSetDefault, .-AnalogSetDefault
 250              		.section	.psocinit
 251              		.align	2
 252              		.global	cyfitter_cfg
 253              		.code	16
 254              		.thumb_func
 255              		.type	cyfitter_cfg, %function
 256              	cyfitter_cfg:
 257              	.LFB7:
 277:Generated_Source\PSoC4/cyfitter_cfg.c **** 
 278:Generated_Source\PSoC4/cyfitter_cfg.c **** 
 279:Generated_Source\PSoC4/cyfitter_cfg.c **** 
 280:Generated_Source\PSoC4/cyfitter_cfg.c **** 
 281:Generated_Source\PSoC4/cyfitter_cfg.c **** /*******************************************************************************
 282:Generated_Source\PSoC4/cyfitter_cfg.c **** * Function Name: cyfitter_cfg
 283:Generated_Source\PSoC4/cyfitter_cfg.c **** ********************************************************************************
 284:Generated_Source\PSoC4/cyfitter_cfg.c **** * Summary:
 285:Generated_Source\PSoC4/cyfitter_cfg.c **** *  This function is called by the start-up code for the selected device. It
 286:Generated_Source\PSoC4/cyfitter_cfg.c **** *  performs all of the necessary device configuration based on the design
 287:Generated_Source\PSoC4/cyfitter_cfg.c **** *  settings.  This includes settings from the Design Wide Resources (DWR) such
 288:Generated_Source\PSoC4/cyfitter_cfg.c **** *  as Clocks and Pins as well as any component configuration that is necessary.
 289:Generated_Source\PSoC4/cyfitter_cfg.c **** *
 290:Generated_Source\PSoC4/cyfitter_cfg.c **** * Parameters:
 291:Generated_Source\PSoC4/cyfitter_cfg.c **** *   void
 292:Generated_Source\PSoC4/cyfitter_cfg.c **** *
 293:Generated_Source\PSoC4/cyfitter_cfg.c **** * Return:
 294:Generated_Source\PSoC4/cyfitter_cfg.c **** *   void
 295:Generated_Source\PSoC4/cyfitter_cfg.c **** *
 296:Generated_Source\PSoC4/cyfitter_cfg.c **** *******************************************************************************/
 297:Generated_Source\PSoC4/cyfitter_cfg.c **** CY_CFG_SECTION
 298:Generated_Source\PSoC4/cyfitter_cfg.c **** void cyfitter_cfg(void)
 299:Generated_Source\PSoC4/cyfitter_cfg.c **** {
 258              		.loc 1 299 0
 259              		.cfi_startproc
 260              		@ args = 0, pretend = 0, frame = 0
 261              		@ frame_needed = 0, uses_anonymous_args = 0
 262 00a8 10B5     		push	{r4, lr}
 263              		.cfi_def_cfa_offset 8
ARM GAS  C:\Users\inspiron\AppData\Local\Temp\cclVoC05.s 			page 11


 264              		.cfi_offset 4, -8
 265              		.cfi_offset 14, -4
 300:Generated_Source\PSoC4/cyfitter_cfg.c **** 	/* Disable interrupts by default. Let user enable if/when they want. */
 301:Generated_Source\PSoC4/cyfitter_cfg.c **** 	CyGlobalIntDisable;
 266              		.loc 1 301 0
 267              		.syntax divided
 268              	@ 301 "Generated_Source\PSoC4\cyfitter_cfg.c" 1
 269 00aa 72B6     		CPSID   i
 270              	@ 0 "" 2
 302:Generated_Source\PSoC4/cyfitter_cfg.c **** 
 303:Generated_Source\PSoC4/cyfitter_cfg.c **** 	{
 304:Generated_Source\PSoC4/cyfitter_cfg.c **** 		/* HSIOM Starting address: CYDEV_HSIOM_BASE */
 305:Generated_Source\PSoC4/cyfitter_cfg.c **** 		CY_SET_REG32((void *)(CYDEV_HSIOM_BASE), 0x06006006u);
 271              		.loc 1 305 0
 272              		.thumb
 273              		.syntax unified
 274 00ac 174A     		ldr	r2, .L15
 275 00ae 184B     		ldr	r3, .L15+4
 276 00b0 1A60     		str	r2, [r3]
 306:Generated_Source\PSoC4/cyfitter_cfg.c **** 		CY_SET_REG32((void *)(CYREG_HSIOM_PORT_SEL1), 0x60666666u);
 277              		.loc 1 306 0
 278 00b2 184A     		ldr	r2, .L15+8
 279 00b4 184B     		ldr	r3, .L15+12
 280 00b6 1A60     		str	r2, [r3]
 307:Generated_Source\PSoC4/cyfitter_cfg.c **** 		CY_SET_REG32((void *)(CYREG_HSIOM_PORT_SEL2), 0x08006666u);
 281              		.loc 1 307 0
 282 00b8 184A     		ldr	r2, .L15+16
 283 00ba 194B     		ldr	r3, .L15+20
 284 00bc 1A60     		str	r2, [r3]
 308:Generated_Source\PSoC4/cyfitter_cfg.c **** 		CY_SET_REG32((void *)(CYREG_HSIOM_PORT_SEL3), 0x0800EEEEu);
 285              		.loc 1 308 0
 286 00be 194A     		ldr	r2, .L15+24
 287 00c0 194B     		ldr	r3, .L15+28
 288 00c2 1A60     		str	r2, [r3]
 309:Generated_Source\PSoC4/cyfitter_cfg.c **** 
 310:Generated_Source\PSoC4/cyfitter_cfg.c **** 	}
 311:Generated_Source\PSoC4/cyfitter_cfg.c **** 
 312:Generated_Source\PSoC4/cyfitter_cfg.c **** 	/* Perform second pass device configuration. These items must be configured in specific order afte
 313:Generated_Source\PSoC4/cyfitter_cfg.c **** 	/* IOPINS0_0 Starting address: CYDEV_GPIO_PRT0_BASE */
 314:Generated_Source\PSoC4/cyfitter_cfg.c **** 	CY_SET_REG32((void *)(CYDEV_GPIO_PRT0_BASE), 0x00000009u);
 289              		.loc 1 314 0
 290 00c4 0922     		movs	r2, #9
 291 00c6 194B     		ldr	r3, .L15+32
 292 00c8 1A60     		str	r2, [r3]
 315:Generated_Source\PSoC4/cyfitter_cfg.c **** 	CY_SET_REG32((void *)(CYREG_GPIO_PRT0_PC2), 0x00000049u);
 293              		.loc 1 315 0
 294 00ca 4032     		adds	r2, r2, #64
 295 00cc 184B     		ldr	r3, .L15+36
 296 00ce 1A60     		str	r2, [r3]
 316:Generated_Source\PSoC4/cyfitter_cfg.c **** 
 317:Generated_Source\PSoC4/cyfitter_cfg.c **** 	/* IOPINS0_1 Starting address: CYDEV_GPIO_PRT1_BASE */
 318:Generated_Source\PSoC4/cyfitter_cfg.c **** 	CY_SET_REG32((void *)(CYDEV_GPIO_PRT1_BASE), 0x000000AFu);
 297              		.loc 1 318 0
 298 00d0 6632     		adds	r2, r2, #102
 299 00d2 184B     		ldr	r3, .L15+40
 300 00d4 1A60     		str	r2, [r3]
 319:Generated_Source\PSoC4/cyfitter_cfg.c **** 	CY_SET_REG32((void *)(CYREG_GPIO_PRT1_PC2), 0x000000BFu);
ARM GAS  C:\Users\inspiron\AppData\Local\Temp\cclVoC05.s 			page 12


 301              		.loc 1 319 0
 302 00d6 1032     		adds	r2, r2, #16
 303 00d8 174B     		ldr	r3, .L15+44
 304 00da 1A60     		str	r2, [r3]
 320:Generated_Source\PSoC4/cyfitter_cfg.c **** 
 321:Generated_Source\PSoC4/cyfitter_cfg.c **** 	/* IOPINS0_2 Starting address: CYDEV_GPIO_PRT2_BASE */
 322:Generated_Source\PSoC4/cyfitter_cfg.c **** 	CY_SET_REG32((void *)(CYDEV_GPIO_PRT2_BASE), 0x0000004Fu);
 305              		.loc 1 322 0
 306 00dc 703A     		subs	r2, r2, #112
 307 00de 174B     		ldr	r3, .L15+48
 308 00e0 1A60     		str	r2, [r3]
 323:Generated_Source\PSoC4/cyfitter_cfg.c **** 	CY_SET_REG32((void *)(CYREG_GPIO_PRT2_PC), 0x00180000u);
 309              		.loc 1 323 0
 310 00e2 C022     		movs	r2, #192
 311 00e4 5203     		lsls	r2, r2, #13
 312 00e6 164B     		ldr	r3, .L15+52
 313 00e8 1A60     		str	r2, [r3]
 324:Generated_Source\PSoC4/cyfitter_cfg.c **** 	CY_SET_REG32((void *)(CYREG_GPIO_PRT2_PC2), 0x0000000Fu);
 314              		.loc 1 324 0
 315 00ea 0F22     		movs	r2, #15
 316 00ec 154B     		ldr	r3, .L15+56
 317 00ee 1A60     		str	r2, [r3]
 325:Generated_Source\PSoC4/cyfitter_cfg.c **** 
 326:Generated_Source\PSoC4/cyfitter_cfg.c **** 	/* IOPINS0_3 Starting address: CYDEV_GPIO_PRT3_BASE */
 327:Generated_Source\PSoC4/cyfitter_cfg.c **** 	CY_SET_REG32((void *)(CYDEV_GPIO_PRT3_BASE), 0x00000053u);
 318              		.loc 1 327 0
 319 00f0 4432     		adds	r2, r2, #68
 320 00f2 154B     		ldr	r3, .L15+60
 321 00f4 1A60     		str	r2, [r3]
 328:Generated_Source\PSoC4/cyfitter_cfg.c **** 	CY_SET_REG32((void *)(CYREG_GPIO_PRT3_PC), 0x00186DA4u);
 322              		.loc 1 328 0
 323 00f6 154A     		ldr	r2, .L15+64
 324 00f8 154B     		ldr	r3, .L15+68
 325 00fa 1A60     		str	r2, [r3]
 329:Generated_Source\PSoC4/cyfitter_cfg.c **** 
 330:Generated_Source\PSoC4/cyfitter_cfg.c **** 	/* IOPINS0_4 Starting address: CYDEV_GPIO_PRT4_BASE */
 331:Generated_Source\PSoC4/cyfitter_cfg.c **** 	CY_SET_REG32((void *)(CYREG_GPIO_PRT4_PC2), 0x0000000Cu);
 326              		.loc 1 331 0
 327 00fc 0C22     		movs	r2, #12
 328 00fe 154B     		ldr	r3, .L15+72
 329 0100 1A60     		str	r2, [r3]
 332:Generated_Source\PSoC4/cyfitter_cfg.c **** 
 333:Generated_Source\PSoC4/cyfitter_cfg.c **** 
 334:Generated_Source\PSoC4/cyfitter_cfg.c **** 	/* Setup clocks based on selections from Clock DWR */
 335:Generated_Source\PSoC4/cyfitter_cfg.c **** 	ClockSetup();
 330              		.loc 1 335 0
 331 0102 FFF77DFF 		bl	ClockSetup
 332              	.LVL14:
 336:Generated_Source\PSoC4/cyfitter_cfg.c **** 
 337:Generated_Source\PSoC4/cyfitter_cfg.c **** 	/* Perform basic analog initialization to defaults */
 338:Generated_Source\PSoC4/cyfitter_cfg.c **** 	AnalogSetDefault();
 333              		.loc 1 338 0
 334 0106 FFF7FEFF 		bl	AnalogSetDefault
 335              	.LVL15:
 339:Generated_Source\PSoC4/cyfitter_cfg.c **** 
 340:Generated_Source\PSoC4/cyfitter_cfg.c **** }
 336              		.loc 1 340 0
ARM GAS  C:\Users\inspiron\AppData\Local\Temp\cclVoC05.s 			page 13


 337              		@ sp needed
 338 010a 10BD     		pop	{r4, pc}
 339              	.L16:
 340              		.align	2
 341              	.L15:
 342 010c 06600006 		.word	100687878
 343 0110 00000240 		.word	1073872896
 344 0114 66666660 		.word	1617323622
 345 0118 00010240 		.word	1073873152
 346 011c 66660008 		.word	134243942
 347 0120 00020240 		.word	1073873408
 348 0124 EEEE0008 		.word	134278894
 349 0128 00030240 		.word	1073873664
 350 012c 00000440 		.word	1074003968
 351 0130 18000440 		.word	1074003992
 352 0134 00010440 		.word	1074004224
 353 0138 18010440 		.word	1074004248
 354 013c 00020440 		.word	1074004480
 355 0140 08020440 		.word	1074004488
 356 0144 18020440 		.word	1074004504
 357 0148 00030440 		.word	1074004736
 358 014c A46D1800 		.word	1600932
 359 0150 08030440 		.word	1074004744
 360 0154 18040440 		.word	1074005016
 361              		.cfi_endproc
 362              	.LFE7:
 363              		.size	cyfitter_cfg, .-cyfitter_cfg
 364              		.text
 365              	.Letext0:
 366              		.file 2 "Generated_Source\\PSoC4\\cytypes.h"
 367              		.file 3 "Generated_Source\\PSoC4\\CyLib.h"
 368              		.file 4 "Generated_Source\\PSoC4\\CyLFClk.h"
 369              		.section	.debug_info,"",%progbits
 370              	.Ldebug_info0:
 371 0000 C1010000 		.4byte	0x1c1
 372 0004 0400     		.2byte	0x4
 373 0006 00000000 		.4byte	.Ldebug_abbrev0
 374 000a 04       		.byte	0x4
 375 000b 01       		.uleb128 0x1
 376 000c D8010000 		.4byte	.LASF25
 377 0010 0C       		.byte	0xc
 378 0011 76020000 		.4byte	.LASF26
 379 0015 34010000 		.4byte	.LASF27
 380 0019 00000000 		.4byte	.Ldebug_ranges0+0
 381 001d 00000000 		.4byte	0
 382 0021 00000000 		.4byte	.Ldebug_line0
 383 0025 02       		.uleb128 0x2
 384 0026 04       		.byte	0x4
 385 0027 05       		.byte	0x5
 386 0028 696E7400 		.ascii	"int\000"
 387 002c 03       		.uleb128 0x3
 388 002d 04       		.byte	0x4
 389 002e 07       		.byte	0x7
 390 002f C4000000 		.4byte	.LASF0
 391 0033 03       		.uleb128 0x3
 392 0034 08       		.byte	0x8
 393 0035 05       		.byte	0x5
ARM GAS  C:\Users\inspiron\AppData\Local\Temp\cclVoC05.s 			page 14


 394 0036 F1000000 		.4byte	.LASF1
 395 003a 03       		.uleb128 0x3
 396 003b 08       		.byte	0x8
 397 003c 04       		.byte	0x4
 398 003d CC010000 		.4byte	.LASF2
 399 0041 03       		.uleb128 0x3
 400 0042 01       		.byte	0x1
 401 0043 06       		.byte	0x6
 402 0044 6A020000 		.4byte	.LASF3
 403 0048 03       		.uleb128 0x3
 404 0049 01       		.byte	0x1
 405 004a 08       		.byte	0x8
 406 004b 61000000 		.4byte	.LASF4
 407 004f 03       		.uleb128 0x3
 408 0050 02       		.byte	0x2
 409 0051 05       		.byte	0x5
 410 0052 0C010000 		.4byte	.LASF5
 411 0056 03       		.uleb128 0x3
 412 0057 02       		.byte	0x2
 413 0058 07       		.byte	0x7
 414 0059 48000000 		.4byte	.LASF6
 415 005d 03       		.uleb128 0x3
 416 005e 04       		.byte	0x4
 417 005f 05       		.byte	0x5
 418 0060 2B010000 		.4byte	.LASF7
 419 0064 03       		.uleb128 0x3
 420 0065 04       		.byte	0x4
 421 0066 07       		.byte	0x7
 422 0067 6F000000 		.4byte	.LASF8
 423 006b 03       		.uleb128 0x3
 424 006c 08       		.byte	0x8
 425 006d 07       		.byte	0x7
 426 006e D1000000 		.4byte	.LASF9
 427 0072 03       		.uleb128 0x3
 428 0073 04       		.byte	0x4
 429 0074 07       		.byte	0x7
 430 0075 E8000000 		.4byte	.LASF10
 431 0079 03       		.uleb128 0x3
 432 007a 01       		.byte	0x1
 433 007b 08       		.byte	0x8
 434 007c FF000000 		.4byte	.LASF11
 435 0080 04       		.uleb128 0x4
 436 0081 81000000 		.4byte	.LASF12
 437 0085 02       		.byte	0x2
 438 0086 F701     		.2byte	0x1f7
 439 0088 48000000 		.4byte	0x48
 440 008c 04       		.uleb128 0x4
 441 008d BD000000 		.4byte	.LASF13
 442 0091 02       		.byte	0x2
 443 0092 F901     		.2byte	0x1f9
 444 0094 64000000 		.4byte	0x64
 445 0098 03       		.uleb128 0x3
 446 0099 04       		.byte	0x4
 447 009a 04       		.byte	0x4
 448 009b 5B000000 		.4byte	.LASF14
 449 009f 03       		.uleb128 0x3
 450 00a0 08       		.byte	0x8
ARM GAS  C:\Users\inspiron\AppData\Local\Temp\cclVoC05.s 			page 15


 451 00a1 04       		.byte	0x4
 452 00a2 AA000000 		.4byte	.LASF15
 453 00a6 04       		.uleb128 0x4
 454 00a7 00000000 		.4byte	.LASF16
 455 00ab 02       		.byte	0x2
 456 00ac A302     		.2byte	0x2a3
 457 00ae B2000000 		.4byte	0xb2
 458 00b2 05       		.uleb128 0x5
 459 00b3 8C000000 		.4byte	0x8c
 460 00b7 06       		.uleb128 0x6
 461 00b8 3D000000 		.4byte	.LASF17
 462 00bc 01       		.byte	0x1
 463 00bd AA       		.byte	0xaa
 464 00be 00000000 		.4byte	.LFB4
 465 00c2 A8000000 		.4byte	.LFE4-.LFB4
 466 00c6 01       		.uleb128 0x1
 467 00c7 9C       		.byte	0x9c
 468 00c8 17010000 		.4byte	0x117
 469 00cc 07       		.uleb128 0x7
 470 00cd 0E000000 		.4byte	.LVL0
 471 00d1 98010000 		.4byte	0x198
 472 00d5 E0000000 		.4byte	0xe0
 473 00d9 08       		.uleb128 0x8
 474 00da 01       		.uleb128 0x1
 475 00db 50       		.byte	0x50
 476 00dc 02       		.uleb128 0x2
 477 00dd 08       		.byte	0x8
 478 00de 30       		.byte	0x30
 479 00df 00       		.byte	0
 480 00e0 07       		.uleb128 0x7
 481 00e1 58000000 		.4byte	.LVL1
 482 00e5 A3010000 		.4byte	0x1a3
 483 00e9 F3000000 		.4byte	0xf3
 484 00ed 08       		.uleb128 0x8
 485 00ee 01       		.uleb128 0x1
 486 00ef 50       		.byte	0x50
 487 00f0 01       		.uleb128 0x1
 488 00f1 3B       		.byte	0x3b
 489 00f2 00       		.byte	0
 490 00f3 07       		.uleb128 0x7
 491 00f4 5E000000 		.4byte	.LVL2
 492 00f8 AE010000 		.4byte	0x1ae
 493 00fc 06010000 		.4byte	0x106
 494 0100 08       		.uleb128 0x8
 495 0101 01       		.uleb128 0x1
 496 0102 50       		.byte	0x50
 497 0103 01       		.uleb128 0x1
 498 0104 3B       		.byte	0x3b
 499 0105 00       		.byte	0
 500 0106 09       		.uleb128 0x9
 501 0107 68000000 		.4byte	.LVL3
 502 010b B9010000 		.4byte	0x1b9
 503 010f 08       		.uleb128 0x8
 504 0110 01       		.uleb128 0x1
 505 0111 50       		.byte	0x50
 506 0112 02       		.uleb128 0x2
 507 0113 74       		.byte	0x74
ARM GAS  C:\Users\inspiron\AppData\Local\Temp\cclVoC05.s 			page 16


 508 0114 00       		.sleb128 0
 509 0115 00       		.byte	0
 510 0116 00       		.byte	0
 511 0117 0A       		.uleb128 0xa
 512 0118 94000000 		.4byte	.LASF19
 513 011c 01       		.byte	0x1
 514 011d FE       		.byte	0xfe
 515 011e 00000000 		.4byte	.LFB6
 516 0122 38000000 		.4byte	.LFE6-.LFB6
 517 0126 01       		.uleb128 0x1
 518 0127 9C       		.byte	0x9c
 519 0128 4A010000 		.4byte	0x14a
 520 012c 0B       		.uleb128 0xb
 521 012d 04010000 		.4byte	.LASF28
 522 0131 01       		.byte	0x1
 523 0132 FE       		.byte	0xfe
 524 0133 80000000 		.4byte	0x80
 525 0137 01       		.uleb128 0x1
 526 0138 50       		.byte	0x50
 527 0139 0C       		.uleb128 0xc
 528 013a 9C020000 		.4byte	.LASF29
 529 013e 01       		.byte	0x1
 530 013f 0001     		.2byte	0x100
 531 0141 8C000000 		.4byte	0x8c
 532 0145 00000000 		.4byte	.LLST0
 533 0149 00       		.byte	0
 534 014a 06       		.uleb128 0x6
 535 014b 06000000 		.4byte	.LASF18
 536 014f 01       		.byte	0x1
 537 0150 E3       		.byte	0xe3
 538 0151 00000000 		.4byte	.LFB5
 539 0155 3C000000 		.4byte	.LFE5-.LFB5
 540 0159 01       		.uleb128 0x1
 541 015a 9C       		.byte	0x9c
 542 015b 6F010000 		.4byte	0x16f
 543 015f 09       		.uleb128 0x9
 544 0160 26000000 		.4byte	.LVL13
 545 0164 17010000 		.4byte	0x117
 546 0168 08       		.uleb128 0x8
 547 0169 01       		.uleb128 0x1
 548 016a 50       		.byte	0x50
 549 016b 01       		.uleb128 0x1
 550 016c 31       		.byte	0x31
 551 016d 00       		.byte	0
 552 016e 00       		.byte	0
 553 016f 0D       		.uleb128 0xd
 554 0170 87000000 		.4byte	.LASF20
 555 0174 01       		.byte	0x1
 556 0175 2A01     		.2byte	0x12a
 557 0177 A8000000 		.4byte	.LFB7
 558 017b B0000000 		.4byte	.LFE7-.LFB7
 559 017f 01       		.uleb128 0x1
 560 0180 9C       		.byte	0x9c
 561 0181 98010000 		.4byte	0x198
 562 0185 0E       		.uleb128 0xe
 563 0186 06010000 		.4byte	.LVL14
 564 018a B7000000 		.4byte	0xb7
ARM GAS  C:\Users\inspiron\AppData\Local\Temp\cclVoC05.s 			page 17


 565 018e 0E       		.uleb128 0xe
 566 018f 0A010000 		.4byte	.LVL15
 567 0193 4A010000 		.4byte	0x14a
 568 0197 00       		.byte	0
 569 0198 0F       		.uleb128 0xf
 570 0199 16010000 		.4byte	.LASF21
 571 019d 16010000 		.4byte	.LASF21
 572 01a1 03       		.byte	0x3
 573 01a2 6C       		.byte	0x6c
 574 01a3 0F       		.uleb128 0xf
 575 01a4 2E000000 		.4byte	.LASF22
 576 01a8 2E000000 		.4byte	.LASF22
 577 01ac 03       		.byte	0x3
 578 01ad D0       		.byte	0xd0
 579 01ae 0F       		.uleb128 0xf
 580 01af B1000000 		.4byte	.LASF23
 581 01b3 B1000000 		.4byte	.LASF23
 582 01b7 03       		.byte	0x3
 583 01b8 D6       		.byte	0xd6
 584 01b9 0F       		.uleb128 0xf
 585 01ba 17000000 		.4byte	.LASF24
 586 01be 17000000 		.4byte	.LASF24
 587 01c2 04       		.byte	0x4
 588 01c3 9F       		.byte	0x9f
 589 01c4 00       		.byte	0
 590              		.section	.debug_abbrev,"",%progbits
 591              	.Ldebug_abbrev0:
 592 0000 01       		.uleb128 0x1
 593 0001 11       		.uleb128 0x11
 594 0002 01       		.byte	0x1
 595 0003 25       		.uleb128 0x25
 596 0004 0E       		.uleb128 0xe
 597 0005 13       		.uleb128 0x13
 598 0006 0B       		.uleb128 0xb
 599 0007 03       		.uleb128 0x3
 600 0008 0E       		.uleb128 0xe
 601 0009 1B       		.uleb128 0x1b
 602 000a 0E       		.uleb128 0xe
 603 000b 55       		.uleb128 0x55
 604 000c 17       		.uleb128 0x17
 605 000d 11       		.uleb128 0x11
 606 000e 01       		.uleb128 0x1
 607 000f 10       		.uleb128 0x10
 608 0010 17       		.uleb128 0x17
 609 0011 00       		.byte	0
 610 0012 00       		.byte	0
 611 0013 02       		.uleb128 0x2
 612 0014 24       		.uleb128 0x24
 613 0015 00       		.byte	0
 614 0016 0B       		.uleb128 0xb
 615 0017 0B       		.uleb128 0xb
 616 0018 3E       		.uleb128 0x3e
 617 0019 0B       		.uleb128 0xb
 618 001a 03       		.uleb128 0x3
 619 001b 08       		.uleb128 0x8
 620 001c 00       		.byte	0
 621 001d 00       		.byte	0
ARM GAS  C:\Users\inspiron\AppData\Local\Temp\cclVoC05.s 			page 18


 622 001e 03       		.uleb128 0x3
 623 001f 24       		.uleb128 0x24
 624 0020 00       		.byte	0
 625 0021 0B       		.uleb128 0xb
 626 0022 0B       		.uleb128 0xb
 627 0023 3E       		.uleb128 0x3e
 628 0024 0B       		.uleb128 0xb
 629 0025 03       		.uleb128 0x3
 630 0026 0E       		.uleb128 0xe
 631 0027 00       		.byte	0
 632 0028 00       		.byte	0
 633 0029 04       		.uleb128 0x4
 634 002a 16       		.uleb128 0x16
 635 002b 00       		.byte	0
 636 002c 03       		.uleb128 0x3
 637 002d 0E       		.uleb128 0xe
 638 002e 3A       		.uleb128 0x3a
 639 002f 0B       		.uleb128 0xb
 640 0030 3B       		.uleb128 0x3b
 641 0031 05       		.uleb128 0x5
 642 0032 49       		.uleb128 0x49
 643 0033 13       		.uleb128 0x13
 644 0034 00       		.byte	0
 645 0035 00       		.byte	0
 646 0036 05       		.uleb128 0x5
 647 0037 35       		.uleb128 0x35
 648 0038 00       		.byte	0
 649 0039 49       		.uleb128 0x49
 650 003a 13       		.uleb128 0x13
 651 003b 00       		.byte	0
 652 003c 00       		.byte	0
 653 003d 06       		.uleb128 0x6
 654 003e 2E       		.uleb128 0x2e
 655 003f 01       		.byte	0x1
 656 0040 03       		.uleb128 0x3
 657 0041 0E       		.uleb128 0xe
 658 0042 3A       		.uleb128 0x3a
 659 0043 0B       		.uleb128 0xb
 660 0044 3B       		.uleb128 0x3b
 661 0045 0B       		.uleb128 0xb
 662 0046 27       		.uleb128 0x27
 663 0047 19       		.uleb128 0x19
 664 0048 11       		.uleb128 0x11
 665 0049 01       		.uleb128 0x1
 666 004a 12       		.uleb128 0x12
 667 004b 06       		.uleb128 0x6
 668 004c 40       		.uleb128 0x40
 669 004d 18       		.uleb128 0x18
 670 004e 9742     		.uleb128 0x2117
 671 0050 19       		.uleb128 0x19
 672 0051 01       		.uleb128 0x1
 673 0052 13       		.uleb128 0x13
 674 0053 00       		.byte	0
 675 0054 00       		.byte	0
 676 0055 07       		.uleb128 0x7
 677 0056 898201   		.uleb128 0x4109
 678 0059 01       		.byte	0x1
ARM GAS  C:\Users\inspiron\AppData\Local\Temp\cclVoC05.s 			page 19


 679 005a 11       		.uleb128 0x11
 680 005b 01       		.uleb128 0x1
 681 005c 31       		.uleb128 0x31
 682 005d 13       		.uleb128 0x13
 683 005e 01       		.uleb128 0x1
 684 005f 13       		.uleb128 0x13
 685 0060 00       		.byte	0
 686 0061 00       		.byte	0
 687 0062 08       		.uleb128 0x8
 688 0063 8A8201   		.uleb128 0x410a
 689 0066 00       		.byte	0
 690 0067 02       		.uleb128 0x2
 691 0068 18       		.uleb128 0x18
 692 0069 9142     		.uleb128 0x2111
 693 006b 18       		.uleb128 0x18
 694 006c 00       		.byte	0
 695 006d 00       		.byte	0
 696 006e 09       		.uleb128 0x9
 697 006f 898201   		.uleb128 0x4109
 698 0072 01       		.byte	0x1
 699 0073 11       		.uleb128 0x11
 700 0074 01       		.uleb128 0x1
 701 0075 31       		.uleb128 0x31
 702 0076 13       		.uleb128 0x13
 703 0077 00       		.byte	0
 704 0078 00       		.byte	0
 705 0079 0A       		.uleb128 0xa
 706 007a 2E       		.uleb128 0x2e
 707 007b 01       		.byte	0x1
 708 007c 3F       		.uleb128 0x3f
 709 007d 19       		.uleb128 0x19
 710 007e 03       		.uleb128 0x3
 711 007f 0E       		.uleb128 0xe
 712 0080 3A       		.uleb128 0x3a
 713 0081 0B       		.uleb128 0xb
 714 0082 3B       		.uleb128 0x3b
 715 0083 0B       		.uleb128 0xb
 716 0084 27       		.uleb128 0x27
 717 0085 19       		.uleb128 0x19
 718 0086 11       		.uleb128 0x11
 719 0087 01       		.uleb128 0x1
 720 0088 12       		.uleb128 0x12
 721 0089 06       		.uleb128 0x6
 722 008a 40       		.uleb128 0x40
 723 008b 18       		.uleb128 0x18
 724 008c 9742     		.uleb128 0x2117
 725 008e 19       		.uleb128 0x19
 726 008f 01       		.uleb128 0x1
 727 0090 13       		.uleb128 0x13
 728 0091 00       		.byte	0
 729 0092 00       		.byte	0
 730 0093 0B       		.uleb128 0xb
 731 0094 05       		.uleb128 0x5
 732 0095 00       		.byte	0
 733 0096 03       		.uleb128 0x3
 734 0097 0E       		.uleb128 0xe
 735 0098 3A       		.uleb128 0x3a
ARM GAS  C:\Users\inspiron\AppData\Local\Temp\cclVoC05.s 			page 20


 736 0099 0B       		.uleb128 0xb
 737 009a 3B       		.uleb128 0x3b
 738 009b 0B       		.uleb128 0xb
 739 009c 49       		.uleb128 0x49
 740 009d 13       		.uleb128 0x13
 741 009e 02       		.uleb128 0x2
 742 009f 18       		.uleb128 0x18
 743 00a0 00       		.byte	0
 744 00a1 00       		.byte	0
 745 00a2 0C       		.uleb128 0xc
 746 00a3 34       		.uleb128 0x34
 747 00a4 00       		.byte	0
 748 00a5 03       		.uleb128 0x3
 749 00a6 0E       		.uleb128 0xe
 750 00a7 3A       		.uleb128 0x3a
 751 00a8 0B       		.uleb128 0xb
 752 00a9 3B       		.uleb128 0x3b
 753 00aa 05       		.uleb128 0x5
 754 00ab 49       		.uleb128 0x49
 755 00ac 13       		.uleb128 0x13
 756 00ad 02       		.uleb128 0x2
 757 00ae 17       		.uleb128 0x17
 758 00af 00       		.byte	0
 759 00b0 00       		.byte	0
 760 00b1 0D       		.uleb128 0xd
 761 00b2 2E       		.uleb128 0x2e
 762 00b3 01       		.byte	0x1
 763 00b4 3F       		.uleb128 0x3f
 764 00b5 19       		.uleb128 0x19
 765 00b6 03       		.uleb128 0x3
 766 00b7 0E       		.uleb128 0xe
 767 00b8 3A       		.uleb128 0x3a
 768 00b9 0B       		.uleb128 0xb
 769 00ba 3B       		.uleb128 0x3b
 770 00bb 05       		.uleb128 0x5
 771 00bc 27       		.uleb128 0x27
 772 00bd 19       		.uleb128 0x19
 773 00be 11       		.uleb128 0x11
 774 00bf 01       		.uleb128 0x1
 775 00c0 12       		.uleb128 0x12
 776 00c1 06       		.uleb128 0x6
 777 00c2 40       		.uleb128 0x40
 778 00c3 18       		.uleb128 0x18
 779 00c4 9742     		.uleb128 0x2117
 780 00c6 19       		.uleb128 0x19
 781 00c7 01       		.uleb128 0x1
 782 00c8 13       		.uleb128 0x13
 783 00c9 00       		.byte	0
 784 00ca 00       		.byte	0
 785 00cb 0E       		.uleb128 0xe
 786 00cc 898201   		.uleb128 0x4109
 787 00cf 00       		.byte	0
 788 00d0 11       		.uleb128 0x11
 789 00d1 01       		.uleb128 0x1
 790 00d2 31       		.uleb128 0x31
 791 00d3 13       		.uleb128 0x13
 792 00d4 00       		.byte	0
ARM GAS  C:\Users\inspiron\AppData\Local\Temp\cclVoC05.s 			page 21


 793 00d5 00       		.byte	0
 794 00d6 0F       		.uleb128 0xf
 795 00d7 2E       		.uleb128 0x2e
 796 00d8 00       		.byte	0
 797 00d9 3F       		.uleb128 0x3f
 798 00da 19       		.uleb128 0x19
 799 00db 3C       		.uleb128 0x3c
 800 00dc 19       		.uleb128 0x19
 801 00dd 6E       		.uleb128 0x6e
 802 00de 0E       		.uleb128 0xe
 803 00df 03       		.uleb128 0x3
 804 00e0 0E       		.uleb128 0xe
 805 00e1 3A       		.uleb128 0x3a
 806 00e2 0B       		.uleb128 0xb
 807 00e3 3B       		.uleb128 0x3b
 808 00e4 0B       		.uleb128 0xb
 809 00e5 00       		.byte	0
 810 00e6 00       		.byte	0
 811 00e7 00       		.byte	0
 812              		.section	.debug_loc,"",%progbits
 813              	.Ldebug_loc0:
 814              	.LLST0:
 815 0000 04000000 		.4byte	.LVL5
 816 0004 12000000 		.4byte	.LVL7
 817 0008 0100     		.2byte	0x1
 818 000a 53       		.byte	0x53
 819 000b 14000000 		.4byte	.LVL8
 820 000f 1A000000 		.4byte	.LVL9
 821 0013 0100     		.2byte	0x1
 822 0015 53       		.byte	0x53
 823 0016 1A000000 		.4byte	.LVL9
 824 001a 1C000000 		.4byte	.LVL10
 825 001e 0200     		.2byte	0x2
 826 0020 72       		.byte	0x72
 827 0021 00       		.sleb128 0
 828 0022 1C000000 		.4byte	.LVL10
 829 0026 38000000 		.4byte	.LFE6
 830 002a 0100     		.2byte	0x1
 831 002c 53       		.byte	0x53
 832 002d 00000000 		.4byte	0
 833 0031 00000000 		.4byte	0
 834              		.section	.debug_aranges,"",%progbits
 835 0000 34000000 		.4byte	0x34
 836 0004 0200     		.2byte	0x2
 837 0006 00000000 		.4byte	.Ldebug_info0
 838 000a 04       		.byte	0x4
 839 000b 00       		.byte	0
 840 000c 0000     		.2byte	0
 841 000e 0000     		.2byte	0
 842 0010 00000000 		.4byte	.LFB4
 843 0014 A8000000 		.4byte	.LFE4-.LFB4
 844 0018 00000000 		.4byte	.LFB6
 845 001c 38000000 		.4byte	.LFE6-.LFB6
 846 0020 00000000 		.4byte	.LFB5
 847 0024 3C000000 		.4byte	.LFE5-.LFB5
 848 0028 A8000000 		.4byte	.LFB7
 849 002c B0000000 		.4byte	.LFE7-.LFB7
ARM GAS  C:\Users\inspiron\AppData\Local\Temp\cclVoC05.s 			page 22


 850 0030 00000000 		.4byte	0
 851 0034 00000000 		.4byte	0
 852              		.section	.debug_ranges,"",%progbits
 853              	.Ldebug_ranges0:
 854 0000 00000000 		.4byte	.LFB4
 855 0004 A8000000 		.4byte	.LFE4
 856 0008 00000000 		.4byte	.LFB6
 857 000c 38000000 		.4byte	.LFE6
 858 0010 00000000 		.4byte	.LFB5
 859 0014 3C000000 		.4byte	.LFE5
 860 0018 A8000000 		.4byte	.LFB7
 861 001c 58010000 		.4byte	.LFE7
 862 0020 00000000 		.4byte	0
 863 0024 00000000 		.4byte	0
 864              		.section	.debug_line,"",%progbits
 865              	.Ldebug_line0:
 866 0000 D2000000 		.section	.debug_str,"MS",%progbits,1
 866      02006100 
 866      00000201 
 866      FB0E0D00 
 866      01010101 
 867              	.LASF16:
 868 0000 72656733 		.ascii	"reg32\000"
 868      3200
 869              	.LASF18:
 870 0006 416E616C 		.ascii	"AnalogSetDefault\000"
 870      6F675365 
 870      74446566 
 870      61756C74 
 870      00
 871              	.LASF24:
 872 0017 43795379 		.ascii	"CySysClkSetTimerSource\000"
 872      73436C6B 
 872      53657454 
 872      696D6572 
 872      536F7572 
 873              	.LASF22:
 874 002e 4379496E 		.ascii	"CyIntSetVector\000"
 874      74536574 
 874      56656374 
 874      6F7200
 875              	.LASF17:
 876 003d 436C6F63 		.ascii	"ClockSetup\000"
 876      6B536574 
 876      757000
 877              	.LASF6:
 878 0048 73686F72 		.ascii	"short unsigned int\000"
 878      7420756E 
 878      7369676E 
 878      65642069 
 878      6E7400
 879              	.LASF14:
 880 005b 666C6F61 		.ascii	"float\000"
 880      7400
 881              	.LASF4:
 882 0061 756E7369 		.ascii	"unsigned char\000"
 882      676E6564 
ARM GAS  C:\Users\inspiron\AppData\Local\Temp\cclVoC05.s 			page 23


 882      20636861 
 882      7200
 883              	.LASF8:
 884 006f 6C6F6E67 		.ascii	"long unsigned int\000"
 884      20756E73 
 884      69676E65 
 884      6420696E 
 884      7400
 885              	.LASF12:
 886 0081 75696E74 		.ascii	"uint8\000"
 886      3800
 887              	.LASF20:
 888 0087 63796669 		.ascii	"cyfitter_cfg\000"
 888      74746572 
 888      5F636667 
 888      00
 889              	.LASF19:
 890 0094 53657441 		.ascii	"SetAnalogRoutingPumps\000"
 890      6E616C6F 
 890      67526F75 
 890      74696E67 
 890      50756D70 
 891              	.LASF15:
 892 00aa 646F7562 		.ascii	"double\000"
 892      6C6500
 893              	.LASF23:
 894 00b1 4379496E 		.ascii	"CyIntEnable\000"
 894      74456E61 
 894      626C6500 
 895              	.LASF13:
 896 00bd 75696E74 		.ascii	"uint32\000"
 896      333200
 897              	.LASF0:
 898 00c4 756E7369 		.ascii	"unsigned int\000"
 898      676E6564 
 898      20696E74 
 898      00
 899              	.LASF9:
 900 00d1 6C6F6E67 		.ascii	"long long unsigned int\000"
 900      206C6F6E 
 900      6720756E 
 900      7369676E 
 900      65642069 
 901              	.LASF10:
 902 00e8 73697A65 		.ascii	"sizetype\000"
 902      74797065 
 902      00
 903              	.LASF1:
 904 00f1 6C6F6E67 		.ascii	"long long int\000"
 904      206C6F6E 
 904      6720696E 
 904      7400
 905              	.LASF11:
 906 00ff 63686172 		.ascii	"char\000"
 906      00
 907              	.LASF28:
 908 0104 656E6162 		.ascii	"enabled\000"
ARM GAS  C:\Users\inspiron\AppData\Local\Temp\cclVoC05.s 			page 24


 908      6C656400 
 909              	.LASF5:
 910 010c 73686F72 		.ascii	"short int\000"
 910      7420696E 
 910      7400
 911              	.LASF21:
 912 0116 43795379 		.ascii	"CySysClkWriteImoFreq\000"
 912      73436C6B 
 912      57726974 
 912      65496D6F 
 912      46726571 
 913              	.LASF7:
 914 012b 6C6F6E67 		.ascii	"long int\000"
 914      20696E74 
 914      00
 915              	.LASF27:
 916 0134 433A5C55 		.ascii	"C:\\Users\\inspiron\\Documents\\PSoC Creator\\Proje"
 916      73657273 
 916      5C696E73 
 916      7069726F 
 916      6E5C446F 
 917 0162 6374735C 		.ascii	"cts\\CE224821_PSoC4_CapSense_Touchpad_Gestures_CSX0"
 917      43453232 
 917      34383231 
 917      5F50536F 
 917      43345F43 
 918 0194 315C4345 		.ascii	"1\\CE224821_PSoC4_CapSense_Touchpad_Gestures_CSX01."
 918      32323438 
 918      32315F50 
 918      536F4334 
 918      5F436170 
 919 01c6 63796473 		.ascii	"cydsn\000"
 919      6E00
 920              	.LASF2:
 921 01cc 6C6F6E67 		.ascii	"long double\000"
 921      20646F75 
 921      626C6500 
 922              	.LASF25:
 923 01d8 474E5520 		.ascii	"GNU C11 5.4.1 20160609 (release) [ARM/embedded-5-br"
 923      43313120 
 923      352E342E 
 923      31203230 
 923      31363036 
 924 020b 616E6368 		.ascii	"anch revision 237715] -mcpu=cortex-m0plus -mthumb -"
 924      20726576 
 924      6973696F 
 924      6E203233 
 924      37373135 
 925 023e 67202D4F 		.ascii	"g -Og -ffunction-sections -ffat-lto-objects\000"
 925      67202D66 
 925      66756E63 
 925      74696F6E 
 925      2D736563 
 926              	.LASF3:
 927 026a 7369676E 		.ascii	"signed char\000"
 927      65642063 
 927      68617200 
ARM GAS  C:\Users\inspiron\AppData\Local\Temp\cclVoC05.s 			page 25


 928              	.LASF26:
 929 0276 47656E65 		.ascii	"Generated_Source\\PSoC4\\cyfitter_cfg.c\000"
 929      72617465 
 929      645F536F 
 929      75726365 
 929      5C50536F 
 930              	.LASF29:
 931 029c 72656756 		.ascii	"regValue\000"
 931      616C7565 
 931      00
 932              		.ident	"GCC: (GNU Tools for ARM Embedded Processors) 5.4.1 20160609 (release) [ARM/embedded-5-bran
